<!doctype html public "-//w3c//dtd html 4.0 transitional//en">
<html><head>
<title>Static Call Graph - [.\OUTPUT\STM32F407VET6.axf]</title></head>
<body><HR>
<H1>Static Call Graph for image .\OUTPUT\STM32F407VET6.axf</H1><HR>
<BR><P>#&#060CALLGRAPH&#062# ARM Linker, 5060020: Last Updated: Thu Jan 14 18:03:16 2016
<BR><P>
<H3>Maximum Stack Usage =        568 bytes + Unknown(Functions without stacksize, Cycles, Untraceable Function Pointers)</H3><H3>
Call chain for Maximum Stack Depth:</H3>
__rt_entry_main &rArr; main &rArr; testVDMFunction &rArr; testMsg18 &rArr; checkAssignValid &rArr; checkFSMMsg22Struct &rArr; getHandoverAreaValid &rArr; calSphereDist &rArr; __hardfp_cos &rArr; __ieee754_rem_pio2 &rArr; __aeabi_d2iz
<P>
<H3>
Functions with no stack information
</H3><UL>
 <LI><a href="#[ab]">__user_initial_stackheap</a>
 <LI><a href="#[c4]">OS_CPU_SR_Save</a>
 <LI><a href="#[c5]">OS_CPU_SR_Restore</a>
 <LI><a href="#[e2]">OSStartHighRdy</a>
 <LI><a href="#[f1]">OSCtxSw</a>
 <LI><a href="#[d7]">OSIntCtxSw</a>
 <LI><a href="#[10]">PendSV_Handler</a>
</UL>
</UL>
<P>
<H3>
Mutually Recursive functions
</H3> <LI><a href="#[24]">ADC_IRQHandler</a>&nbsp;&nbsp;&nbsp;&rArr;&nbsp;&nbsp;&nbsp;<a href="#[24]">ADC_IRQHandler</a><BR>
</UL>
<P>
<H3>
Function Pointers
</H3><UL>
 <LI><a href="#[24]">ADC_IRQHandler</a> from startup_stm32f40_41xxx.o(.text) referenced from startup_stm32f40_41xxx.o(RESET)
 <LI><a href="#[c]">BusFault_Handler</a> from stm32f4xx_it.o(i.BusFault_Handler) referenced from startup_stm32f40_41xxx.o(RESET)
 <LI><a href="#[26]">CAN1_RX0_IRQHandler</a> from startup_stm32f40_41xxx.o(.text) referenced from startup_stm32f40_41xxx.o(RESET)
 <LI><a href="#[27]">CAN1_RX1_IRQHandler</a> from startup_stm32f40_41xxx.o(.text) referenced from startup_stm32f40_41xxx.o(RESET)
 <LI><a href="#[28]">CAN1_SCE_IRQHandler</a> from startup_stm32f40_41xxx.o(.text) referenced from startup_stm32f40_41xxx.o(RESET)
 <LI><a href="#[25]">CAN1_TX_IRQHandler</a> from startup_stm32f40_41xxx.o(.text) referenced from startup_stm32f40_41xxx.o(RESET)
 <LI><a href="#[52]">CAN2_RX0_IRQHandler</a> from startup_stm32f40_41xxx.o(.text) referenced from startup_stm32f40_41xxx.o(RESET)
 <LI><a href="#[53]">CAN2_RX1_IRQHandler</a> from startup_stm32f40_41xxx.o(.text) referenced from startup_stm32f40_41xxx.o(RESET)
 <LI><a href="#[54]">CAN2_SCE_IRQHandler</a> from startup_stm32f40_41xxx.o(.text) referenced from startup_stm32f40_41xxx.o(RESET)
 <LI><a href="#[51]">CAN2_TX_IRQHandler</a> from startup_stm32f40_41xxx.o(.text) referenced from startup_stm32f40_41xxx.o(RESET)
 <LI><a href="#[61]">CRYP_IRQHandler</a> from startup_stm32f40_41xxx.o(.text) referenced from startup_stm32f40_41xxx.o(RESET)
 <LI><a href="#[60]">DCMI_IRQHandler</a> from startup_stm32f40_41xxx.o(.text) referenced from startup_stm32f40_41xxx.o(RESET)
 <LI><a href="#[1d]">DMA1_Stream0_IRQHandler</a> from startup_stm32f40_41xxx.o(.text) referenced from startup_stm32f40_41xxx.o(RESET)
 <LI><a href="#[1e]">DMA1_Stream1_IRQHandler</a> from startup_stm32f40_41xxx.o(.text) referenced from startup_stm32f40_41xxx.o(RESET)
 <LI><a href="#[1f]">DMA1_Stream2_IRQHandler</a> from startup_stm32f40_41xxx.o(.text) referenced from startup_stm32f40_41xxx.o(RESET)
 <LI><a href="#[20]">DMA1_Stream3_IRQHandler</a> from spi.o(i.DMA1_Stream3_IRQHandler) referenced from startup_stm32f40_41xxx.o(RESET)
 <LI><a href="#[21]">DMA1_Stream4_IRQHandler</a> from startup_stm32f40_41xxx.o(.text) referenced from startup_stm32f40_41xxx.o(RESET)
 <LI><a href="#[22]">DMA1_Stream5_IRQHandler</a> from startup_stm32f40_41xxx.o(.text) referenced from startup_stm32f40_41xxx.o(RESET)
 <LI><a href="#[23]">DMA1_Stream6_IRQHandler</a> from startup_stm32f40_41xxx.o(.text) referenced from startup_stm32f40_41xxx.o(RESET)
 <LI><a href="#[41]">DMA1_Stream7_IRQHandler</a> from spi3.o(i.DMA1_Stream7_IRQHandler) referenced from startup_stm32f40_41xxx.o(RESET)
 <LI><a href="#[4a]">DMA2_Stream0_IRQHandler</a> from startup_stm32f40_41xxx.o(.text) referenced from startup_stm32f40_41xxx.o(RESET)
 <LI><a href="#[4b]">DMA2_Stream1_IRQHandler</a> from startup_stm32f40_41xxx.o(.text) referenced from startup_stm32f40_41xxx.o(RESET)
 <LI><a href="#[4c]">DMA2_Stream2_IRQHandler</a> from startup_stm32f40_41xxx.o(.text) referenced from startup_stm32f40_41xxx.o(RESET)
 <LI><a href="#[4d]">DMA2_Stream3_IRQHandler</a> from startup_stm32f40_41xxx.o(.text) referenced from startup_stm32f40_41xxx.o(RESET)
 <LI><a href="#[4e]">DMA2_Stream4_IRQHandler</a> from startup_stm32f40_41xxx.o(.text) referenced from startup_stm32f40_41xxx.o(RESET)
 <LI><a href="#[56]">DMA2_Stream5_IRQHandler</a> from startup_stm32f40_41xxx.o(.text) referenced from startup_stm32f40_41xxx.o(RESET)
 <LI><a href="#[57]">DMA2_Stream6_IRQHandler</a> from startup_stm32f40_41xxx.o(.text) referenced from startup_stm32f40_41xxx.o(RESET)
 <LI><a href="#[58]">DMA2_Stream7_IRQHandler</a> from uart1.o(i.DMA2_Stream7_IRQHandler) referenced from startup_stm32f40_41xxx.o(RESET)
 <LI><a href="#[f]">DebugMon_Handler</a> from stm32f4xx_it.o(i.DebugMon_Handler) referenced from startup_stm32f40_41xxx.o(RESET)
 <LI><a href="#[4f]">ETH_IRQHandler</a> from startup_stm32f40_41xxx.o(.text) referenced from startup_stm32f40_41xxx.o(RESET)
 <LI><a href="#[50]">ETH_WKUP_IRQHandler</a> from startup_stm32f40_41xxx.o(.text) referenced from startup_stm32f40_41xxx.o(RESET)
 <LI><a href="#[18]">EXTI0_IRQHandler</a> from startup_stm32f40_41xxx.o(.text) referenced from startup_stm32f40_41xxx.o(RESET)
 <LI><a href="#[3a]">EXTI15_10_IRQHandler</a> from startup_stm32f40_41xxx.o(.text) referenced from startup_stm32f40_41xxx.o(RESET)
 <LI><a href="#[19]">EXTI1_IRQHandler</a> from startup_stm32f40_41xxx.o(.text) referenced from startup_stm32f40_41xxx.o(RESET)
 <LI><a href="#[1a]">EXTI2_IRQHandler</a> from startup_stm32f40_41xxx.o(.text) referenced from startup_stm32f40_41xxx.o(RESET)
 <LI><a href="#[1b]">EXTI3_IRQHandler</a> from startup_stm32f40_41xxx.o(.text) referenced from startup_stm32f40_41xxx.o(RESET)
 <LI><a href="#[1c]">EXTI4_IRQHandler</a> from startup_stm32f40_41xxx.o(.text) referenced from startup_stm32f40_41xxx.o(RESET)
 <LI><a href="#[29]">EXTI9_5_IRQHandler</a> from startup_stm32f40_41xxx.o(.text) referenced from startup_stm32f40_41xxx.o(RESET)
 <LI><a href="#[16]">FLASH_IRQHandler</a> from startup_stm32f40_41xxx.o(.text) referenced from startup_stm32f40_41xxx.o(RESET)
 <LI><a href="#[63]">FPU_IRQHandler</a> from startup_stm32f40_41xxx.o(.text) referenced from startup_stm32f40_41xxx.o(RESET)
 <LI><a href="#[42]">FSMC_IRQHandler</a> from startup_stm32f40_41xxx.o(.text) referenced from startup_stm32f40_41xxx.o(RESET)
 <LI><a href="#[62]">HASH_RNG_IRQHandler</a> from startup_stm32f40_41xxx.o(.text) referenced from startup_stm32f40_41xxx.o(RESET)
 <LI><a href="#[a]">HardFault_Handler</a> from stm32f4xx_it.o(i.HardFault_Handler) referenced from startup_stm32f40_41xxx.o(RESET)
 <LI><a href="#[32]">I2C1_ER_IRQHandler</a> from startup_stm32f40_41xxx.o(.text) referenced from startup_stm32f40_41xxx.o(RESET)
 <LI><a href="#[31]">I2C1_EV_IRQHandler</a> from startup_stm32f40_41xxx.o(.text) referenced from startup_stm32f40_41xxx.o(RESET)
 <LI><a href="#[34]">I2C2_ER_IRQHandler</a> from startup_stm32f40_41xxx.o(.text) referenced from startup_stm32f40_41xxx.o(RESET)
 <LI><a href="#[33]">I2C2_EV_IRQHandler</a> from startup_stm32f40_41xxx.o(.text) referenced from startup_stm32f40_41xxx.o(RESET)
 <LI><a href="#[5b]">I2C3_ER_IRQHandler</a> from startup_stm32f40_41xxx.o(.text) referenced from startup_stm32f40_41xxx.o(RESET)
 <LI><a href="#[5a]">I2C3_EV_IRQHandler</a> from startup_stm32f40_41xxx.o(.text) referenced from startup_stm32f40_41xxx.o(RESET)
 <LI><a href="#[b]">MemManage_Handler</a> from stm32f4xx_it.o(i.MemManage_Handler) referenced from startup_stm32f40_41xxx.o(RESET)
 <LI><a href="#[9]">NMI_Handler</a> from stm32f4xx_it.o(i.NMI_Handler) referenced from startup_stm32f40_41xxx.o(RESET)
 <LI><a href="#[66]">OSTaskSwHook</a> from os_cpu_c.o(i.OSTaskSwHook) referenced from os_cpu_a.o(.text)
 <LI><a href="#[72]">OS_TaskIdle</a> from os_core.o(i.OS_TaskIdle) referenced from os_core.o(i.OS_InitTaskIdle)
 <LI><a href="#[71]">OS_TaskReturn</a> from os_task.o(i.OS_TaskReturn) referenced from os_cpu_c.o(i.OSTaskStkInit)
 <LI><a href="#[73]">OS_TaskStat</a> from os_core.o(i.OS_TaskStat) referenced from os_core.o(i.OS_InitTaskStat)
 <LI><a href="#[55]">OTG_FS_IRQHandler</a> from startup_stm32f40_41xxx.o(.text) referenced from startup_stm32f40_41xxx.o(RESET)
 <LI><a href="#[3c]">OTG_FS_WKUP_IRQHandler</a> from startup_stm32f40_41xxx.o(.text) referenced from startup_stm32f40_41xxx.o(RESET)
 <LI><a href="#[5d]">OTG_HS_EP1_IN_IRQHandler</a> from startup_stm32f40_41xxx.o(.text) referenced from startup_stm32f40_41xxx.o(RESET)
 <LI><a href="#[5c]">OTG_HS_EP1_OUT_IRQHandler</a> from startup_stm32f40_41xxx.o(.text) referenced from startup_stm32f40_41xxx.o(RESET)
 <LI><a href="#[5f]">OTG_HS_IRQHandler</a> from startup_stm32f40_41xxx.o(.text) referenced from startup_stm32f40_41xxx.o(RESET)
 <LI><a href="#[5e]">OTG_HS_WKUP_IRQHandler</a> from startup_stm32f40_41xxx.o(.text) referenced from startup_stm32f40_41xxx.o(RESET)
 <LI><a href="#[13]">PVD_IRQHandler</a> from startup_stm32f40_41xxx.o(.text) referenced from startup_stm32f40_41xxx.o(RESET)
 <LI><a href="#[10]">PendSV_Handler</a> from os_cpu_a.o(.text) referenced from startup_stm32f40_41xxx.o(RESET)
 <LI><a href="#[17]">RCC_IRQHandler</a> from startup_stm32f40_41xxx.o(.text) referenced from startup_stm32f40_41xxx.o(RESET)
 <LI><a href="#[3b]">RTC_Alarm_IRQHandler</a> from startup_stm32f40_41xxx.o(.text) referenced from startup_stm32f40_41xxx.o(RESET)
 <LI><a href="#[15]">RTC_WKUP_IRQHandler</a> from startup_stm32f40_41xxx.o(.text) referenced from startup_stm32f40_41xxx.o(RESET)
 <LI><a href="#[8]">Reset_Handler</a> from startup_stm32f40_41xxx.o(.text) referenced from startup_stm32f40_41xxx.o(RESET)
 <LI><a href="#[43]">SDIO_IRQHandler</a> from startup_stm32f40_41xxx.o(.text) referenced from startup_stm32f40_41xxx.o(RESET)
 <LI><a href="#[35]">SPI1_IRQHandler</a> from startup_stm32f40_41xxx.o(.text) referenced from startup_stm32f40_41xxx.o(RESET)
 <LI><a href="#[36]">SPI2_IRQHandler</a> from startup_stm32f40_41xxx.o(.text) referenced from startup_stm32f40_41xxx.o(RESET)
 <LI><a href="#[45]">SPI3_IRQHandler</a> from startup_stm32f40_41xxx.o(.text) referenced from startup_stm32f40_41xxx.o(RESET)
 <LI><a href="#[e]">SVC_Handler</a> from stm32f4xx_it.o(i.SVC_Handler) referenced from startup_stm32f40_41xxx.o(RESET)
 <LI><a href="#[11]">SysTick_Handler</a> from stm32f4xx_it.o(i.SysTick_Handler) referenced from startup_stm32f40_41xxx.o(RESET)
 <LI><a href="#[64]">SystemInit</a> from system_stm32f4xx.o(i.SystemInit) referenced from startup_stm32f40_41xxx.o(.text)
 <LI><a href="#[14]">TAMP_STAMP_IRQHandler</a> from startup_stm32f40_41xxx.o(.text) referenced from startup_stm32f40_41xxx.o(RESET)
 <LI><a href="#[2a]">TIM1_BRK_TIM9_IRQHandler</a> from startup_stm32f40_41xxx.o(.text) referenced from startup_stm32f40_41xxx.o(RESET)
 <LI><a href="#[2d]">TIM1_CC_IRQHandler</a> from startup_stm32f40_41xxx.o(.text) referenced from startup_stm32f40_41xxx.o(RESET)
 <LI><a href="#[2c]">TIM1_TRG_COM_TIM11_IRQHandler</a> from startup_stm32f40_41xxx.o(.text) referenced from startup_stm32f40_41xxx.o(RESET)
 <LI><a href="#[2b]">TIM1_UP_TIM10_IRQHandler</a> from startup_stm32f40_41xxx.o(.text) referenced from startup_stm32f40_41xxx.o(RESET)
 <LI><a href="#[2e]">TIM2_IRQHandler</a> from timer2.o(i.TIM2_IRQHandler) referenced from startup_stm32f40_41xxx.o(RESET)
 <LI><a href="#[2f]">TIM3_IRQHandler</a> from startup_stm32f40_41xxx.o(.text) referenced from startup_stm32f40_41xxx.o(RESET)
 <LI><a href="#[30]">TIM4_IRQHandler</a> from startup_stm32f40_41xxx.o(.text) referenced from startup_stm32f40_41xxx.o(RESET)
 <LI><a href="#[44]">TIM5_IRQHandler</a> from startup_stm32f40_41xxx.o(.text) referenced from startup_stm32f40_41xxx.o(RESET)
 <LI><a href="#[48]">TIM6_DAC_IRQHandler</a> from startup_stm32f40_41xxx.o(.text) referenced from startup_stm32f40_41xxx.o(RESET)
 <LI><a href="#[49]">TIM7_IRQHandler</a> from startup_stm32f40_41xxx.o(.text) referenced from startup_stm32f40_41xxx.o(RESET)
 <LI><a href="#[3d]">TIM8_BRK_TIM12_IRQHandler</a> from startup_stm32f40_41xxx.o(.text) referenced from startup_stm32f40_41xxx.o(RESET)
 <LI><a href="#[40]">TIM8_CC_IRQHandler</a> from startup_stm32f40_41xxx.o(.text) referenced from startup_stm32f40_41xxx.o(RESET)
 <LI><a href="#[3f]">TIM8_TRG_COM_TIM14_IRQHandler</a> from startup_stm32f40_41xxx.o(.text) referenced from startup_stm32f40_41xxx.o(RESET)
 <LI><a href="#[3e]">TIM8_UP_TIM13_IRQHandler</a> from startup_stm32f40_41xxx.o(.text) referenced from startup_stm32f40_41xxx.o(RESET)
 <LI><a href="#[46]">UART4_IRQHandler</a> from startup_stm32f40_41xxx.o(.text) referenced from startup_stm32f40_41xxx.o(RESET)
 <LI><a href="#[47]">UART5_IRQHandler</a> from startup_stm32f40_41xxx.o(.text) referenced from startup_stm32f40_41xxx.o(RESET)
 <LI><a href="#[37]">USART1_IRQHandler</a> from uart1.o(i.USART1_IRQHandler) referenced from startup_stm32f40_41xxx.o(RESET)
 <LI><a href="#[38]">USART2_IRQHandler</a> from uart2.o(i.USART2_IRQHandler) referenced from startup_stm32f40_41xxx.o(RESET)
 <LI><a href="#[39]">USART3_IRQHandler</a> from uart3.o(i.USART3_IRQHandler) referenced from startup_stm32f40_41xxx.o(RESET)
 <LI><a href="#[59]">USART6_IRQHandler</a> from startup_stm32f40_41xxx.o(.text) referenced from startup_stm32f40_41xxx.o(RESET)
 <LI><a href="#[d]">UsageFault_Handler</a> from stm32f4xx_it.o(i.UsageFault_Handler) referenced from startup_stm32f40_41xxx.o(RESET)
 <LI><a href="#[12]">WWDG_IRQHandler</a> from startup_stm32f40_41xxx.o(.text) referenced from startup_stm32f40_41xxx.o(RESET)
 <LI><a href="#[74]">__main</a> from __main.o(!!!main) referenced from startup_stm32f40_41xxx.o(.text)
 <LI><a href="#[68]">_printf_input_char</a> from _printf_char_common.o(.text) referenced from _printf_char_common.o(.text)
 <LI><a href="#[6d]">ais_analysis_task</a> from app.o(i.ais_analysis_task) referenced from app.o(i.App_TaskStart)
 <LI><a href="#[6f]">ais_mkd_trans_task</a> from app.o(i.ais_mkd_trans_task) referenced from app.o(i.App_TaskStart)
 <LI><a href="#[6b]">ais_tran_task</a> from app.o(i.ais_tran_task) referenced from app.o(i.App_TaskStart)
 <LI><a href="#[6a]">float_task</a> from app.o(i.float_task) referenced from app.o(i.App_TaskStart)
 <LI><a href="#[67]">fputc</a> from uart3.o(i.fputc) referenced from _printf_char_file.o(.text)
 <LI><a href="#[70]">gps_mkd_trans_task</a> from app.o(i.gps_mkd_trans_task) referenced from app.o(i.App_TaskStart)
 <LI><a href="#[6c]">gps_tran_task</a> from app.o(i.gps_tran_task) referenced from app.o(i.App_TaskStart)
 <LI><a href="#[69]">led_task</a> from app.o(i.led_task) referenced from app.o(i.App_TaskStart)
 <LI><a href="#[6e]">mkd_control_task</a> from app.o(i.mkd_control_task) referenced from app.o(i.App_TaskStart)
</UL>
<P>
<H3>
Global Symbols
</H3>
<P><STRONG><a name="[74]"></a>__main</STRONG> (Thumb, 8 bytes, Stack size 0 bytes, __main.o(!!!main))
<BR><BR>[Calls]<UL><LI><a href="#[76]">&gt;&gt;</a>&nbsp;&nbsp;&nbsp;__rt_entry
<LI><a href="#[75]">&gt;&gt;</a>&nbsp;&nbsp;&nbsp;__scatterload
</UL>

<P><STRONG><a name="[75]"></a>__scatterload</STRONG> (Thumb, 0 bytes, Stack size unknown bytes, __scatter.o(!!!scatter))
<BR><BR>[Called By]<UL><LI><a href="#[74]">&gt;&gt;</a>&nbsp;&nbsp;&nbsp;__main
</UL>

<P><STRONG><a name="[77]"></a>__scatterload_rt2</STRONG> (Thumb, 44 bytes, Stack size unknown bytes, __scatter.o(!!!scatter), UNUSED)
<BR><BR>[Calls]<UL><LI><a href="#[76]">&gt;&gt;</a>&nbsp;&nbsp;&nbsp;__rt_entry
</UL>

<P><STRONG><a name="[1b2]"></a>__scatterload_rt2_thumb_only</STRONG> (Thumb, 0 bytes, Stack size unknown bytes, __scatter.o(!!!scatter), UNUSED)

<P><STRONG><a name="[1b3]"></a>__scatterload_null</STRONG> (Thumb, 0 bytes, Stack size unknown bytes, __scatter.o(!!!scatter), UNUSED)

<P><STRONG><a name="[1b4]"></a>__decompress</STRONG> (Thumb, 90 bytes, Stack size unknown bytes, __dczerorl2.o(!!dczerorl2), UNUSED)

<P><STRONG><a name="[1b5]"></a>__decompress1</STRONG> (Thumb, 0 bytes, Stack size unknown bytes, __dczerorl2.o(!!dczerorl2), UNUSED)

<P><STRONG><a name="[1b6]"></a>__scatterload_zeroinit</STRONG> (Thumb, 28 bytes, Stack size unknown bytes, __scatter_zi.o(!!handler_zi), UNUSED)

<P><STRONG><a name="[78]"></a>_printf_f</STRONG> (Thumb, 0 bytes, Stack size unknown bytes, _printf_f.o(.ARM.Collect$$_printf_percent$$00000003))
<BR><BR>[Stack]<UL><LI>Max Depth = 320 + Unknown Stack Size
<LI>Call Chain = _printf_f &rArr; _printf_fp_dec &rArr; _printf_fp_dec_real &rArr; _fp_digits &rArr; _btod_etento &rArr; _btod_emul &rArr; _e2e
</UL>
<BR>[Calls]<UL><LI><a href="#[79]">&gt;&gt;</a>&nbsp;&nbsp;&nbsp;_printf_fp_dec
</UL>

<P><STRONG><a name="[96]"></a>_printf_percent</STRONG> (Thumb, 0 bytes, Stack size unknown bytes, _printf_percent.o(.ARM.Collect$$_printf_percent$$00000000))
<BR><BR>[Called By]<UL><LI><a href="#[95]">&gt;&gt;</a>&nbsp;&nbsp;&nbsp;__printf
</UL>

<P><STRONG><a name="[7a]"></a>_printf_d</STRONG> (Thumb, 0 bytes, Stack size unknown bytes, _printf_d.o(.ARM.Collect$$_printf_percent$$00000009))
<BR><BR>[Stack]<UL><LI>Max Depth = 56 + Unknown Stack Size
<LI>Call Chain = _printf_d &rArr; _printf_int_dec &rArr; _printf_int_common
</UL>
<BR>[Calls]<UL><LI><a href="#[7b]">&gt;&gt;</a>&nbsp;&nbsp;&nbsp;_printf_int_dec
</UL>

<P><STRONG><a name="[7c]"></a>_printf_x</STRONG> (Thumb, 0 bytes, Stack size unknown bytes, _printf_x.o(.ARM.Collect$$_printf_percent$$0000000C))
<BR><BR>[Stack]<UL><LI>Max Depth = 48 + Unknown Stack Size
<LI>Call Chain = _printf_x &rArr; _printf_int_hex &rArr; _printf_int_common
</UL>
<BR>[Calls]<UL><LI><a href="#[7d]">&gt;&gt;</a>&nbsp;&nbsp;&nbsp;_printf_int_hex
</UL>

<P><STRONG><a name="[7e]"></a>_printf_c</STRONG> (Thumb, 0 bytes, Stack size unknown bytes, _printf_c.o(.ARM.Collect$$_printf_percent$$00000013))
<BR><BR>[Stack]<UL><LI>Max Depth = 24 + Unknown Stack Size
<LI>Call Chain = _printf_c &rArr; _printf_char &rArr; _printf_cs_common &rArr; _printf_str
</UL>
<BR>[Calls]<UL><LI><a href="#[7f]">&gt;&gt;</a>&nbsp;&nbsp;&nbsp;_printf_char
</UL>

<P><STRONG><a name="[1b7]"></a>_printf_percent_end</STRONG> (Thumb, 0 bytes, Stack size unknown bytes, _printf_percent_end.o(.ARM.Collect$$_printf_percent$$00000017))

<P><STRONG><a name="[8b]"></a>__rt_lib_init</STRONG> (Thumb, 0 bytes, Stack size unknown bytes, libinit.o(.ARM.Collect$$libinit$$00000000))
<BR><BR>[Called By]<UL><LI><a href="#[8a]">&gt;&gt;</a>&nbsp;&nbsp;&nbsp;__rt_entry_li
</UL>

<P><STRONG><a name="[80]"></a>__rt_lib_init_fp_1</STRONG> (Thumb, 0 bytes, Stack size unknown bytes, libinit2.o(.ARM.Collect$$libinit$$00000001))
<BR><BR>[Calls]<UL><LI><a href="#[81]">&gt;&gt;</a>&nbsp;&nbsp;&nbsp;_fp_init
</UL>

<P><STRONG><a name="[1b8]"></a>__rt_lib_init_heap_1</STRONG> (Thumb, 0 bytes, Stack size unknown bytes, libinit2.o(.ARM.Collect$$libinit$$0000000A))

<P><STRONG><a name="[1b9]"></a>__rt_lib_init_preinit_1</STRONG> (Thumb, 0 bytes, Stack size unknown bytes, libinit2.o(.ARM.Collect$$libinit$$00000004))

<P><STRONG><a name="[82]"></a>__rt_lib_init_rand_2</STRONG> (Thumb, 0 bytes, Stack size unknown bytes, libinit2.o(.ARM.Collect$$libinit$$0000000D))
<BR><BR>[Stack]<UL><LI>Max Depth = 8 + Unknown Stack Size
<LI>Call Chain = __rt_lib_init_rand_2 &rArr; _rand_init &rArr; srand
</UL>
<BR>[Calls]<UL><LI><a href="#[83]">&gt;&gt;</a>&nbsp;&nbsp;&nbsp;_rand_init
</UL>

<P><STRONG><a name="[1ba]"></a>__rt_lib_init_user_alloc_1</STRONG> (Thumb, 0 bytes, Stack size unknown bytes, libinit2.o(.ARM.Collect$$libinit$$0000000C))

<P><STRONG><a name="[84]"></a>__rt_lib_init_lc_common</STRONG> (Thumb, 0 bytes, Stack size unknown bytes, libinit2.o(.ARM.Collect$$libinit$$0000000F))
<BR><BR>[Calls]<UL><LI><a href="#[85]">&gt;&gt;</a>&nbsp;&nbsp;&nbsp;__rt_locale
</UL>

<P><STRONG><a name="[1bb]"></a>__rt_lib_init_rand_1</STRONG> (Thumb, 0 bytes, Stack size unknown bytes, libinit2.o(.ARM.Collect$$libinit$$0000000E))

<P><STRONG><a name="[1bc]"></a>__rt_lib_init_lc_collate_1</STRONG> (Thumb, 0 bytes, Stack size unknown bytes, libinit2.o(.ARM.Collect$$libinit$$00000011))

<P><STRONG><a name="[1bd]"></a>__rt_lib_init_lc_ctype_1</STRONG> (Thumb, 0 bytes, Stack size unknown bytes, libinit2.o(.ARM.Collect$$libinit$$00000013))

<P><STRONG><a name="[1be]"></a>__rt_lib_init_lc_monetary_1</STRONG> (Thumb, 0 bytes, Stack size unknown bytes, libinit2.o(.ARM.Collect$$libinit$$00000015))

<P><STRONG><a name="[86]"></a>__rt_lib_init_lc_numeric_2</STRONG> (Thumb, 0 bytes, Stack size unknown bytes, libinit2.o(.ARM.Collect$$libinit$$00000016))
<BR><BR>[Stack]<UL><LI>Max Depth = 8 + Unknown Stack Size
<LI>Call Chain = __rt_lib_init_lc_numeric_2 &rArr; _get_lc_numeric
</UL>
<BR>[Calls]<UL><LI><a href="#[87]">&gt;&gt;</a>&nbsp;&nbsp;&nbsp;_get_lc_numeric
</UL>

<P><STRONG><a name="[1bf]"></a>__rt_lib_init_alloca_1</STRONG> (Thumb, 0 bytes, Stack size unknown bytes, libinit2.o(.ARM.Collect$$libinit$$0000002E))

<P><STRONG><a name="[1c0]"></a>__rt_lib_init_argv_1</STRONG> (Thumb, 0 bytes, Stack size unknown bytes, libinit2.o(.ARM.Collect$$libinit$$0000002C))

<P><STRONG><a name="[1c1]"></a>__rt_lib_init_atexit_1</STRONG> (Thumb, 0 bytes, Stack size unknown bytes, libinit2.o(.ARM.Collect$$libinit$$0000001B))

<P><STRONG><a name="[1c2]"></a>__rt_lib_init_clock_1</STRONG> (Thumb, 0 bytes, Stack size unknown bytes, libinit2.o(.ARM.Collect$$libinit$$00000021))

<P><STRONG><a name="[1c3]"></a>__rt_lib_init_cpp_1</STRONG> (Thumb, 0 bytes, Stack size unknown bytes, libinit2.o(.ARM.Collect$$libinit$$00000032))

<P><STRONG><a name="[1c4]"></a>__rt_lib_init_exceptions_1</STRONG> (Thumb, 0 bytes, Stack size unknown bytes, libinit2.o(.ARM.Collect$$libinit$$00000030))

<P><STRONG><a name="[1c5]"></a>__rt_lib_init_fp_trap_1</STRONG> (Thumb, 0 bytes, Stack size unknown bytes, libinit2.o(.ARM.Collect$$libinit$$0000001F))

<P><STRONG><a name="[1c6]"></a>__rt_lib_init_getenv_1</STRONG> (Thumb, 0 bytes, Stack size unknown bytes, libinit2.o(.ARM.Collect$$libinit$$00000023))

<P><STRONG><a name="[1c7]"></a>__rt_lib_init_lc_numeric_1</STRONG> (Thumb, 0 bytes, Stack size unknown bytes, libinit2.o(.ARM.Collect$$libinit$$00000017))

<P><STRONG><a name="[1c8]"></a>__rt_lib_init_lc_time_1</STRONG> (Thumb, 0 bytes, Stack size unknown bytes, libinit2.o(.ARM.Collect$$libinit$$00000019))

<P><STRONG><a name="[1c9]"></a>__rt_lib_init_return</STRONG> (Thumb, 0 bytes, Stack size unknown bytes, libinit2.o(.ARM.Collect$$libinit$$00000033))

<P><STRONG><a name="[1ca]"></a>__rt_lib_init_signal_1</STRONG> (Thumb, 0 bytes, Stack size unknown bytes, libinit2.o(.ARM.Collect$$libinit$$0000001D))

<P><STRONG><a name="[1cb]"></a>__rt_lib_init_stdio_1</STRONG> (Thumb, 0 bytes, Stack size unknown bytes, libinit2.o(.ARM.Collect$$libinit$$00000025))

<P><STRONG><a name="[90]"></a>__rt_lib_shutdown</STRONG> (Thumb, 0 bytes, Stack size unknown bytes, libshutdown.o(.ARM.Collect$$libshutdown$$00000000))
<BR><BR>[Called By]<UL><LI><a href="#[8f]">&gt;&gt;</a>&nbsp;&nbsp;&nbsp;__rt_exit_ls
</UL>

<P><STRONG><a name="[1cc]"></a>__rt_lib_shutdown_cpp_1</STRONG> (Thumb, 0 bytes, Stack size unknown bytes, libshutdown2.o(.ARM.Collect$$libshutdown$$00000002))

<P><STRONG><a name="[1cd]"></a>__rt_lib_shutdown_fp_trap_1</STRONG> (Thumb, 0 bytes, Stack size unknown bytes, libshutdown2.o(.ARM.Collect$$libshutdown$$00000007))

<P><STRONG><a name="[1ce]"></a>__rt_lib_shutdown_heap_1</STRONG> (Thumb, 0 bytes, Stack size unknown bytes, libshutdown2.o(.ARM.Collect$$libshutdown$$0000000F))

<P><STRONG><a name="[1cf]"></a>__rt_lib_shutdown_return</STRONG> (Thumb, 0 bytes, Stack size unknown bytes, libshutdown2.o(.ARM.Collect$$libshutdown$$00000010))

<P><STRONG><a name="[1d0]"></a>__rt_lib_shutdown_signal_1</STRONG> (Thumb, 0 bytes, Stack size unknown bytes, libshutdown2.o(.ARM.Collect$$libshutdown$$0000000A))

<P><STRONG><a name="[1d1]"></a>__rt_lib_shutdown_stdio_1</STRONG> (Thumb, 0 bytes, Stack size unknown bytes, libshutdown2.o(.ARM.Collect$$libshutdown$$00000004))

<P><STRONG><a name="[1d2]"></a>__rt_lib_shutdown_user_alloc_1</STRONG> (Thumb, 0 bytes, Stack size unknown bytes, libshutdown2.o(.ARM.Collect$$libshutdown$$0000000C))

<P><STRONG><a name="[76]"></a>__rt_entry</STRONG> (Thumb, 0 bytes, Stack size unknown bytes, __rtentry.o(.ARM.Collect$$rtentry$$00000000))
<BR><BR>[Called By]<UL><LI><a href="#[74]">&gt;&gt;</a>&nbsp;&nbsp;&nbsp;__main
<LI><a href="#[77]">&gt;&gt;</a>&nbsp;&nbsp;&nbsp;__scatterload_rt2
</UL>

<P><STRONG><a name="[1d3]"></a>__rt_entry_presh_1</STRONG> (Thumb, 0 bytes, Stack size unknown bytes, __rtentry2.o(.ARM.Collect$$rtentry$$00000002))

<P><STRONG><a name="[88]"></a>__rt_entry_sh</STRONG> (Thumb, 0 bytes, Stack size unknown bytes, __rtentry4.o(.ARM.Collect$$rtentry$$00000004))
<BR><BR>[Stack]<UL><LI>Max Depth = 8 + Unknown Stack Size
<LI>Call Chain = __rt_entry_sh &rArr; __user_setup_stackheap
</UL>
<BR>[Calls]<UL><LI><a href="#[89]">&gt;&gt;</a>&nbsp;&nbsp;&nbsp;__user_setup_stackheap
</UL>

<P><STRONG><a name="[8a]"></a>__rt_entry_li</STRONG> (Thumb, 0 bytes, Stack size unknown bytes, __rtentry2.o(.ARM.Collect$$rtentry$$0000000A))
<BR><BR>[Calls]<UL><LI><a href="#[8b]">&gt;&gt;</a>&nbsp;&nbsp;&nbsp;__rt_lib_init
</UL>

<P><STRONG><a name="[1d4]"></a>__rt_entry_postsh_1</STRONG> (Thumb, 0 bytes, Stack size unknown bytes, __rtentry2.o(.ARM.Collect$$rtentry$$00000009))

<P><STRONG><a name="[8c]"></a>__rt_entry_main</STRONG> (Thumb, 0 bytes, Stack size unknown bytes, __rtentry2.o(.ARM.Collect$$rtentry$$0000000D))
<BR><BR>[Stack]<UL><LI>Max Depth = 568 + Unknown Stack Size
<LI>Call Chain = __rt_entry_main &rArr; main &rArr; testVDMFunction &rArr; testMsg18 &rArr; checkAssignValid &rArr; checkFSMMsg22Struct &rArr; getHandoverAreaValid &rArr; calSphereDist &rArr; __hardfp_cos &rArr; __ieee754_rem_pio2 &rArr; __aeabi_d2iz
</UL>
<BR>[Calls]<UL><LI><a href="#[8d]">&gt;&gt;</a>&nbsp;&nbsp;&nbsp;main
<LI><a href="#[8e]">&gt;&gt;</a>&nbsp;&nbsp;&nbsp;exit
</UL>

<P><STRONG><a name="[1d5]"></a>__rt_entry_postli_1</STRONG> (Thumb, 0 bytes, Stack size unknown bytes, __rtentry2.o(.ARM.Collect$$rtentry$$0000000C))

<P><STRONG><a name="[ac]"></a>__rt_exit</STRONG> (Thumb, 0 bytes, Stack size unknown bytes, rtexit.o(.ARM.Collect$$rtexit$$00000000))
<BR><BR>[Called By]<UL><LI><a href="#[8e]">&gt;&gt;</a>&nbsp;&nbsp;&nbsp;exit
</UL>

<P><STRONG><a name="[8f]"></a>__rt_exit_ls</STRONG> (Thumb, 0 bytes, Stack size unknown bytes, rtexit2.o(.ARM.Collect$$rtexit$$00000003))
<BR><BR>[Calls]<UL><LI><a href="#[90]">&gt;&gt;</a>&nbsp;&nbsp;&nbsp;__rt_lib_shutdown
</UL>

<P><STRONG><a name="[1d6]"></a>__rt_exit_prels_1</STRONG> (Thumb, 0 bytes, Stack size unknown bytes, rtexit2.o(.ARM.Collect$$rtexit$$00000002))

<P><STRONG><a name="[91]"></a>__rt_exit_exit</STRONG> (Thumb, 0 bytes, Stack size unknown bytes, rtexit2.o(.ARM.Collect$$rtexit$$00000004))
<BR><BR>[Calls]<UL><LI><a href="#[92]">&gt;&gt;</a>&nbsp;&nbsp;&nbsp;_sys_exit
</UL>

<P><STRONG><a name="[15c]"></a>rand</STRONG> (Thumb, 48 bytes, Stack size 0 bytes, rand.o(.emb_text))
<BR><BR>[Called By]<UL><LI><a href="#[15a]">&gt;&gt;</a>&nbsp;&nbsp;&nbsp;generate8bitRandNum
</UL>

<P><STRONG><a name="[8]"></a>Reset_Handler</STRONG> (Thumb, 8 bytes, Stack size 0 bytes, startup_stm32f40_41xxx.o(.text))
<BR>[Address Reference Count : 1]<UL><LI> startup_stm32f40_41xxx.o(RESET)
</UL>
<P><STRONG><a name="[24]"></a>ADC_IRQHandler</STRONG> (Thumb, 0 bytes, Stack size 0 bytes, startup_stm32f40_41xxx.o(.text))
<BR><BR>[Calls]<UL><LI><a href="#[24]">&gt;&gt;</a>&nbsp;&nbsp;&nbsp;ADC_IRQHandler
</UL>
<BR>[Called By]<UL><LI><a href="#[24]">&gt;&gt;</a>&nbsp;&nbsp;&nbsp;ADC_IRQHandler
</UL>
<BR>[Address Reference Count : 1]<UL><LI> startup_stm32f40_41xxx.o(RESET)
</UL>
<P><STRONG><a name="[26]"></a>CAN1_RX0_IRQHandler</STRONG> (Thumb, 0 bytes, Stack size 0 bytes, startup_stm32f40_41xxx.o(.text))
<BR>[Address Reference Count : 1]<UL><LI> startup_stm32f40_41xxx.o(RESET)
</UL>
<P><STRONG><a name="[27]"></a>CAN1_RX1_IRQHandler</STRONG> (Thumb, 0 bytes, Stack size 0 bytes, startup_stm32f40_41xxx.o(.text))
<BR>[Address Reference Count : 1]<UL><LI> startup_stm32f40_41xxx.o(RESET)
</UL>
<P><STRONG><a name="[28]"></a>CAN1_SCE_IRQHandler</STRONG> (Thumb, 0 bytes, Stack size 0 bytes, startup_stm32f40_41xxx.o(.text))
<BR>[Address Reference Count : 1]<UL><LI> startup_stm32f40_41xxx.o(RESET)
</UL>
<P><STRONG><a name="[25]"></a>CAN1_TX_IRQHandler</STRONG> (Thumb, 0 bytes, Stack size 0 bytes, startup_stm32f40_41xxx.o(.text))
<BR>[Address Reference Count : 1]<UL><LI> startup_stm32f40_41xxx.o(RESET)
</UL>
<P><STRONG><a name="[52]"></a>CAN2_RX0_IRQHandler</STRONG> (Thumb, 0 bytes, Stack size 0 bytes, startup_stm32f40_41xxx.o(.text))
<BR>[Address Reference Count : 1]<UL><LI> startup_stm32f40_41xxx.o(RESET)
</UL>
<P><STRONG><a name="[53]"></a>CAN2_RX1_IRQHandler</STRONG> (Thumb, 0 bytes, Stack size 0 bytes, startup_stm32f40_41xxx.o(.text))
<BR>[Address Reference Count : 1]<UL><LI> startup_stm32f40_41xxx.o(RESET)
</UL>
<P><STRONG><a name="[54]"></a>CAN2_SCE_IRQHandler</STRONG> (Thumb, 0 bytes, Stack size 0 bytes, startup_stm32f40_41xxx.o(.text))
<BR>[Address Reference Count : 1]<UL><LI> startup_stm32f40_41xxx.o(RESET)
</UL>
<P><STRONG><a name="[51]"></a>CAN2_TX_IRQHandler</STRONG> (Thumb, 0 bytes, Stack size 0 bytes, startup_stm32f40_41xxx.o(.text))
<BR>[Address Reference Count : 1]<UL><LI> startup_stm32f40_41xxx.o(RESET)
</UL>
<P><STRONG><a name="[61]"></a>CRYP_IRQHandler</STRONG> (Thumb, 0 bytes, Stack size 0 bytes, startup_stm32f40_41xxx.o(.text))
<BR>[Address Reference Count : 1]<UL><LI> startup_stm32f40_41xxx.o(RESET)
</UL>
<P><STRONG><a name="[60]"></a>DCMI_IRQHandler</STRONG> (Thumb, 0 bytes, Stack size 0 bytes, startup_stm32f40_41xxx.o(.text))
<BR>[Address Reference Count : 1]<UL><LI> startup_stm32f40_41xxx.o(RESET)
</UL>
<P><STRONG><a name="[1d]"></a>DMA1_Stream0_IRQHandler</STRONG> (Thumb, 0 bytes, Stack size 0 bytes, startup_stm32f40_41xxx.o(.text))
<BR>[Address Reference Count : 1]<UL><LI> startup_stm32f40_41xxx.o(RESET)
</UL>
<P><STRONG><a name="[1e]"></a>DMA1_Stream1_IRQHandler</STRONG> (Thumb, 0 bytes, Stack size 0 bytes, startup_stm32f40_41xxx.o(.text))
<BR>[Address Reference Count : 1]<UL><LI> startup_stm32f40_41xxx.o(RESET)
</UL>
<P><STRONG><a name="[1f]"></a>DMA1_Stream2_IRQHandler</STRONG> (Thumb, 0 bytes, Stack size 0 bytes, startup_stm32f40_41xxx.o(.text))
<BR>[Address Reference Count : 1]<UL><LI> startup_stm32f40_41xxx.o(RESET)
</UL>
<P><STRONG><a name="[21]"></a>DMA1_Stream4_IRQHandler</STRONG> (Thumb, 0 bytes, Stack size 0 bytes, startup_stm32f40_41xxx.o(.text))
<BR>[Address Reference Count : 1]<UL><LI> startup_stm32f40_41xxx.o(RESET)
</UL>
<P><STRONG><a name="[22]"></a>DMA1_Stream5_IRQHandler</STRONG> (Thumb, 0 bytes, Stack size 0 bytes, startup_stm32f40_41xxx.o(.text))
<BR>[Address Reference Count : 1]<UL><LI> startup_stm32f40_41xxx.o(RESET)
</UL>
<P><STRONG><a name="[23]"></a>DMA1_Stream6_IRQHandler</STRONG> (Thumb, 0 bytes, Stack size 0 bytes, startup_stm32f40_41xxx.o(.text))
<BR>[Address Reference Count : 1]<UL><LI> startup_stm32f40_41xxx.o(RESET)
</UL>
<P><STRONG><a name="[4a]"></a>DMA2_Stream0_IRQHandler</STRONG> (Thumb, 0 bytes, Stack size 0 bytes, startup_stm32f40_41xxx.o(.text))
<BR>[Address Reference Count : 1]<UL><LI> startup_stm32f40_41xxx.o(RESET)
</UL>
<P><STRONG><a name="[4b]"></a>DMA2_Stream1_IRQHandler</STRONG> (Thumb, 0 bytes, Stack size 0 bytes, startup_stm32f40_41xxx.o(.text))
<BR>[Address Reference Count : 1]<UL><LI> startup_stm32f40_41xxx.o(RESET)
</UL>
<P><STRONG><a name="[4c]"></a>DMA2_Stream2_IRQHandler</STRONG> (Thumb, 0 bytes, Stack size 0 bytes, startup_stm32f40_41xxx.o(.text))
<BR>[Address Reference Count : 1]<UL><LI> startup_stm32f40_41xxx.o(RESET)
</UL>
<P><STRONG><a name="[4d]"></a>DMA2_Stream3_IRQHandler</STRONG> (Thumb, 0 bytes, Stack size 0 bytes, startup_stm32f40_41xxx.o(.text))
<BR>[Address Reference Count : 1]<UL><LI> startup_stm32f40_41xxx.o(RESET)
</UL>
<P><STRONG><a name="[4e]"></a>DMA2_Stream4_IRQHandler</STRONG> (Thumb, 0 bytes, Stack size 0 bytes, startup_stm32f40_41xxx.o(.text))
<BR>[Address Reference Count : 1]<UL><LI> startup_stm32f40_41xxx.o(RESET)
</UL>
<P><STRONG><a name="[56]"></a>DMA2_Stream5_IRQHandler</STRONG> (Thumb, 0 bytes, Stack size 0 bytes, startup_stm32f40_41xxx.o(.text))
<BR>[Address Reference Count : 1]<UL><LI> startup_stm32f40_41xxx.o(RESET)
</UL>
<P><STRONG><a name="[57]"></a>DMA2_Stream6_IRQHandler</STRONG> (Thumb, 0 bytes, Stack size 0 bytes, startup_stm32f40_41xxx.o(.text))
<BR>[Address Reference Count : 1]<UL><LI> startup_stm32f40_41xxx.o(RESET)
</UL>
<P><STRONG><a name="[4f]"></a>ETH_IRQHandler</STRONG> (Thumb, 0 bytes, Stack size 0 bytes, startup_stm32f40_41xxx.o(.text))
<BR>[Address Reference Count : 1]<UL><LI> startup_stm32f40_41xxx.o(RESET)
</UL>
<P><STRONG><a name="[50]"></a>ETH_WKUP_IRQHandler</STRONG> (Thumb, 0 bytes, Stack size 0 bytes, startup_stm32f40_41xxx.o(.text))
<BR>[Address Reference Count : 1]<UL><LI> startup_stm32f40_41xxx.o(RESET)
</UL>
<P><STRONG><a name="[18]"></a>EXTI0_IRQHandler</STRONG> (Thumb, 0 bytes, Stack size 0 bytes, startup_stm32f40_41xxx.o(.text))
<BR>[Address Reference Count : 1]<UL><LI> startup_stm32f40_41xxx.o(RESET)
</UL>
<P><STRONG><a name="[3a]"></a>EXTI15_10_IRQHandler</STRONG> (Thumb, 0 bytes, Stack size 0 bytes, startup_stm32f40_41xxx.o(.text))
<BR>[Address Reference Count : 1]<UL><LI> startup_stm32f40_41xxx.o(RESET)
</UL>
<P><STRONG><a name="[19]"></a>EXTI1_IRQHandler</STRONG> (Thumb, 0 bytes, Stack size 0 bytes, startup_stm32f40_41xxx.o(.text))
<BR>[Address Reference Count : 1]<UL><LI> startup_stm32f40_41xxx.o(RESET)
</UL>
<P><STRONG><a name="[1a]"></a>EXTI2_IRQHandler</STRONG> (Thumb, 0 bytes, Stack size 0 bytes, startup_stm32f40_41xxx.o(.text))
<BR>[Address Reference Count : 1]<UL><LI> startup_stm32f40_41xxx.o(RESET)
</UL>
<P><STRONG><a name="[1b]"></a>EXTI3_IRQHandler</STRONG> (Thumb, 0 bytes, Stack size 0 bytes, startup_stm32f40_41xxx.o(.text))
<BR>[Address Reference Count : 1]<UL><LI> startup_stm32f40_41xxx.o(RESET)
</UL>
<P><STRONG><a name="[1c]"></a>EXTI4_IRQHandler</STRONG> (Thumb, 0 bytes, Stack size 0 bytes, startup_stm32f40_41xxx.o(.text))
<BR>[Address Reference Count : 1]<UL><LI> startup_stm32f40_41xxx.o(RESET)
</UL>
<P><STRONG><a name="[29]"></a>EXTI9_5_IRQHandler</STRONG> (Thumb, 0 bytes, Stack size 0 bytes, startup_stm32f40_41xxx.o(.text))
<BR>[Address Reference Count : 1]<UL><LI> startup_stm32f40_41xxx.o(RESET)
</UL>
<P><STRONG><a name="[16]"></a>FLASH_IRQHandler</STRONG> (Thumb, 0 bytes, Stack size 0 bytes, startup_stm32f40_41xxx.o(.text))
<BR>[Address Reference Count : 1]<UL><LI> startup_stm32f40_41xxx.o(RESET)
</UL>
<P><STRONG><a name="[63]"></a>FPU_IRQHandler</STRONG> (Thumb, 0 bytes, Stack size 0 bytes, startup_stm32f40_41xxx.o(.text))
<BR>[Address Reference Count : 1]<UL><LI> startup_stm32f40_41xxx.o(RESET)
</UL>
<P><STRONG><a name="[42]"></a>FSMC_IRQHandler</STRONG> (Thumb, 0 bytes, Stack size 0 bytes, startup_stm32f40_41xxx.o(.text))
<BR>[Address Reference Count : 1]<UL><LI> startup_stm32f40_41xxx.o(RESET)
</UL>
<P><STRONG><a name="[62]"></a>HASH_RNG_IRQHandler</STRONG> (Thumb, 0 bytes, Stack size 0 bytes, startup_stm32f40_41xxx.o(.text))
<BR>[Address Reference Count : 1]<UL><LI> startup_stm32f40_41xxx.o(RESET)
</UL>
<P><STRONG><a name="[32]"></a>I2C1_ER_IRQHandler</STRONG> (Thumb, 0 bytes, Stack size 0 bytes, startup_stm32f40_41xxx.o(.text))
<BR>[Address Reference Count : 1]<UL><LI> startup_stm32f40_41xxx.o(RESET)
</UL>
<P><STRONG><a name="[31]"></a>I2C1_EV_IRQHandler</STRONG> (Thumb, 0 bytes, Stack size 0 bytes, startup_stm32f40_41xxx.o(.text))
<BR>[Address Reference Count : 1]<UL><LI> startup_stm32f40_41xxx.o(RESET)
</UL>
<P><STRONG><a name="[34]"></a>I2C2_ER_IRQHandler</STRONG> (Thumb, 0 bytes, Stack size 0 bytes, startup_stm32f40_41xxx.o(.text))
<BR>[Address Reference Count : 1]<UL><LI> startup_stm32f40_41xxx.o(RESET)
</UL>
<P><STRONG><a name="[33]"></a>I2C2_EV_IRQHandler</STRONG> (Thumb, 0 bytes, Stack size 0 bytes, startup_stm32f40_41xxx.o(.text))
<BR>[Address Reference Count : 1]<UL><LI> startup_stm32f40_41xxx.o(RESET)
</UL>
<P><STRONG><a name="[5b]"></a>I2C3_ER_IRQHandler</STRONG> (Thumb, 0 bytes, Stack size 0 bytes, startup_stm32f40_41xxx.o(.text))
<BR>[Address Reference Count : 1]<UL><LI> startup_stm32f40_41xxx.o(RESET)
</UL>
<P><STRONG><a name="[5a]"></a>I2C3_EV_IRQHandler</STRONG> (Thumb, 0 bytes, Stack size 0 bytes, startup_stm32f40_41xxx.o(.text))
<BR>[Address Reference Count : 1]<UL><LI> startup_stm32f40_41xxx.o(RESET)
</UL>
<P><STRONG><a name="[55]"></a>OTG_FS_IRQHandler</STRONG> (Thumb, 0 bytes, Stack size 0 bytes, startup_stm32f40_41xxx.o(.text))
<BR>[Address Reference Count : 1]<UL><LI> startup_stm32f40_41xxx.o(RESET)
</UL>
<P><STRONG><a name="[3c]"></a>OTG_FS_WKUP_IRQHandler</STRONG> (Thumb, 0 bytes, Stack size 0 bytes, startup_stm32f40_41xxx.o(.text))
<BR>[Address Reference Count : 1]<UL><LI> startup_stm32f40_41xxx.o(RESET)
</UL>
<P><STRONG><a name="[5d]"></a>OTG_HS_EP1_IN_IRQHandler</STRONG> (Thumb, 0 bytes, Stack size 0 bytes, startup_stm32f40_41xxx.o(.text))
<BR>[Address Reference Count : 1]<UL><LI> startup_stm32f40_41xxx.o(RESET)
</UL>
<P><STRONG><a name="[5c]"></a>OTG_HS_EP1_OUT_IRQHandler</STRONG> (Thumb, 0 bytes, Stack size 0 bytes, startup_stm32f40_41xxx.o(.text))
<BR>[Address Reference Count : 1]<UL><LI> startup_stm32f40_41xxx.o(RESET)
</UL>
<P><STRONG><a name="[5f]"></a>OTG_HS_IRQHandler</STRONG> (Thumb, 0 bytes, Stack size 0 bytes, startup_stm32f40_41xxx.o(.text))
<BR>[Address Reference Count : 1]<UL><LI> startup_stm32f40_41xxx.o(RESET)
</UL>
<P><STRONG><a name="[5e]"></a>OTG_HS_WKUP_IRQHandler</STRONG> (Thumb, 0 bytes, Stack size 0 bytes, startup_stm32f40_41xxx.o(.text))
<BR>[Address Reference Count : 1]<UL><LI> startup_stm32f40_41xxx.o(RESET)
</UL>
<P><STRONG><a name="[13]"></a>PVD_IRQHandler</STRONG> (Thumb, 0 bytes, Stack size 0 bytes, startup_stm32f40_41xxx.o(.text))
<BR>[Address Reference Count : 1]<UL><LI> startup_stm32f40_41xxx.o(RESET)
</UL>
<P><STRONG><a name="[17]"></a>RCC_IRQHandler</STRONG> (Thumb, 0 bytes, Stack size 0 bytes, startup_stm32f40_41xxx.o(.text))
<BR>[Address Reference Count : 1]<UL><LI> startup_stm32f40_41xxx.o(RESET)
</UL>
<P><STRONG><a name="[3b]"></a>RTC_Alarm_IRQHandler</STRONG> (Thumb, 0 bytes, Stack size 0 bytes, startup_stm32f40_41xxx.o(.text))
<BR>[Address Reference Count : 1]<UL><LI> startup_stm32f40_41xxx.o(RESET)
</UL>
<P><STRONG><a name="[15]"></a>RTC_WKUP_IRQHandler</STRONG> (Thumb, 0 bytes, Stack size 0 bytes, startup_stm32f40_41xxx.o(.text))
<BR>[Address Reference Count : 1]<UL><LI> startup_stm32f40_41xxx.o(RESET)
</UL>
<P><STRONG><a name="[43]"></a>SDIO_IRQHandler</STRONG> (Thumb, 0 bytes, Stack size 0 bytes, startup_stm32f40_41xxx.o(.text))
<BR>[Address Reference Count : 1]<UL><LI> startup_stm32f40_41xxx.o(RESET)
</UL>
<P><STRONG><a name="[35]"></a>SPI1_IRQHandler</STRONG> (Thumb, 0 bytes, Stack size 0 bytes, startup_stm32f40_41xxx.o(.text))
<BR>[Address Reference Count : 1]<UL><LI> startup_stm32f40_41xxx.o(RESET)
</UL>
<P><STRONG><a name="[36]"></a>SPI2_IRQHandler</STRONG> (Thumb, 0 bytes, Stack size 0 bytes, startup_stm32f40_41xxx.o(.text))
<BR>[Address Reference Count : 1]<UL><LI> startup_stm32f40_41xxx.o(RESET)
</UL>
<P><STRONG><a name="[45]"></a>SPI3_IRQHandler</STRONG> (Thumb, 0 bytes, Stack size 0 bytes, startup_stm32f40_41xxx.o(.text))
<BR>[Address Reference Count : 1]<UL><LI> startup_stm32f40_41xxx.o(RESET)
</UL>
<P><STRONG><a name="[14]"></a>TAMP_STAMP_IRQHandler</STRONG> (Thumb, 0 bytes, Stack size 0 bytes, startup_stm32f40_41xxx.o(.text))
<BR>[Address Reference Count : 1]<UL><LI> startup_stm32f40_41xxx.o(RESET)
</UL>
<P><STRONG><a name="[2a]"></a>TIM1_BRK_TIM9_IRQHandler</STRONG> (Thumb, 0 bytes, Stack size 0 bytes, startup_stm32f40_41xxx.o(.text))
<BR>[Address Reference Count : 1]<UL><LI> startup_stm32f40_41xxx.o(RESET)
</UL>
<P><STRONG><a name="[2d]"></a>TIM1_CC_IRQHandler</STRONG> (Thumb, 0 bytes, Stack size 0 bytes, startup_stm32f40_41xxx.o(.text))
<BR>[Address Reference Count : 1]<UL><LI> startup_stm32f40_41xxx.o(RESET)
</UL>
<P><STRONG><a name="[2c]"></a>TIM1_TRG_COM_TIM11_IRQHandler</STRONG> (Thumb, 0 bytes, Stack size 0 bytes, startup_stm32f40_41xxx.o(.text))
<BR>[Address Reference Count : 1]<UL><LI> startup_stm32f40_41xxx.o(RESET)
</UL>
<P><STRONG><a name="[2b]"></a>TIM1_UP_TIM10_IRQHandler</STRONG> (Thumb, 0 bytes, Stack size 0 bytes, startup_stm32f40_41xxx.o(.text))
<BR>[Address Reference Count : 1]<UL><LI> startup_stm32f40_41xxx.o(RESET)
</UL>
<P><STRONG><a name="[2f]"></a>TIM3_IRQHandler</STRONG> (Thumb, 0 bytes, Stack size 0 bytes, startup_stm32f40_41xxx.o(.text))
<BR>[Address Reference Count : 1]<UL><LI> startup_stm32f40_41xxx.o(RESET)
</UL>
<P><STRONG><a name="[30]"></a>TIM4_IRQHandler</STRONG> (Thumb, 0 bytes, Stack size 0 bytes, startup_stm32f40_41xxx.o(.text))
<BR>[Address Reference Count : 1]<UL><LI> startup_stm32f40_41xxx.o(RESET)
</UL>
<P><STRONG><a name="[44]"></a>TIM5_IRQHandler</STRONG> (Thumb, 0 bytes, Stack size 0 bytes, startup_stm32f40_41xxx.o(.text))
<BR>[Address Reference Count : 1]<UL><LI> startup_stm32f40_41xxx.o(RESET)
</UL>
<P><STRONG><a name="[48]"></a>TIM6_DAC_IRQHandler</STRONG> (Thumb, 0 bytes, Stack size 0 bytes, startup_stm32f40_41xxx.o(.text))
<BR>[Address Reference Count : 1]<UL><LI> startup_stm32f40_41xxx.o(RESET)
</UL>
<P><STRONG><a name="[49]"></a>TIM7_IRQHandler</STRONG> (Thumb, 0 bytes, Stack size 0 bytes, startup_stm32f40_41xxx.o(.text))
<BR>[Address Reference Count : 1]<UL><LI> startup_stm32f40_41xxx.o(RESET)
</UL>
<P><STRONG><a name="[3d]"></a>TIM8_BRK_TIM12_IRQHandler</STRONG> (Thumb, 0 bytes, Stack size 0 bytes, startup_stm32f40_41xxx.o(.text))
<BR>[Address Reference Count : 1]<UL><LI> startup_stm32f40_41xxx.o(RESET)
</UL>
<P><STRONG><a name="[40]"></a>TIM8_CC_IRQHandler</STRONG> (Thumb, 0 bytes, Stack size 0 bytes, startup_stm32f40_41xxx.o(.text))
<BR>[Address Reference Count : 1]<UL><LI> startup_stm32f40_41xxx.o(RESET)
</UL>
<P><STRONG><a name="[3f]"></a>TIM8_TRG_COM_TIM14_IRQHandler</STRONG> (Thumb, 0 bytes, Stack size 0 bytes, startup_stm32f40_41xxx.o(.text))
<BR>[Address Reference Count : 1]<UL><LI> startup_stm32f40_41xxx.o(RESET)
</UL>
<P><STRONG><a name="[3e]"></a>TIM8_UP_TIM13_IRQHandler</STRONG> (Thumb, 0 bytes, Stack size 0 bytes, startup_stm32f40_41xxx.o(.text))
<BR>[Address Reference Count : 1]<UL><LI> startup_stm32f40_41xxx.o(RESET)
</UL>
<P><STRONG><a name="[46]"></a>UART4_IRQHandler</STRONG> (Thumb, 0 bytes, Stack size 0 bytes, startup_stm32f40_41xxx.o(.text))
<BR>[Address Reference Count : 1]<UL><LI> startup_stm32f40_41xxx.o(RESET)
</UL>
<P><STRONG><a name="[47]"></a>UART5_IRQHandler</STRONG> (Thumb, 0 bytes, Stack size 0 bytes, startup_stm32f40_41xxx.o(.text))
<BR>[Address Reference Count : 1]<UL><LI> startup_stm32f40_41xxx.o(RESET)
</UL>
<P><STRONG><a name="[59]"></a>USART6_IRQHandler</STRONG> (Thumb, 0 bytes, Stack size 0 bytes, startup_stm32f40_41xxx.o(.text))
<BR>[Address Reference Count : 1]<UL><LI> startup_stm32f40_41xxx.o(RESET)
</UL>
<P><STRONG><a name="[12]"></a>WWDG_IRQHandler</STRONG> (Thumb, 0 bytes, Stack size 0 bytes, startup_stm32f40_41xxx.o(.text))
<BR>[Address Reference Count : 1]<UL><LI> startup_stm32f40_41xxx.o(RESET)
</UL>
<P><STRONG><a name="[ab]"></a>__user_initial_stackheap</STRONG> (Thumb, 0 bytes, Stack size unknown bytes, startup_stm32f40_41xxx.o(.text))
<BR><BR>[Called By]<UL><LI><a href="#[89]">&gt;&gt;</a>&nbsp;&nbsp;&nbsp;__user_setup_stackheap
</UL>

<P><STRONG><a name="[c4]"></a>OS_CPU_SR_Save</STRONG> (Thumb, 0 bytes, Stack size unknown bytes, os_cpu_a.o(.text))
<BR><BR>[Called By]<UL><LI><a href="#[c0]">&gt;&gt;</a>&nbsp;&nbsp;&nbsp;OSSemPost
<LI><a href="#[bd]">&gt;&gt;</a>&nbsp;&nbsp;&nbsp;OSFlagPost
<LI><a href="#[ee]">&gt;&gt;</a>&nbsp;&nbsp;&nbsp;OSTimeTick
<LI><a href="#[be]">&gt;&gt;</a>&nbsp;&nbsp;&nbsp;OSIntExit
<LI><a href="#[ed]">&gt;&gt;</a>&nbsp;&nbsp;&nbsp;OSTimeDly
<LI><a href="#[b8]">&gt;&gt;</a>&nbsp;&nbsp;&nbsp;OSTaskCreate
<LI><a href="#[e1]">&gt;&gt;</a>&nbsp;&nbsp;&nbsp;OSSemPend
<LI><a href="#[b5]">&gt;&gt;</a>&nbsp;&nbsp;&nbsp;OSSemCreate
<LI><a href="#[e0]">&gt;&gt;</a>&nbsp;&nbsp;&nbsp;OSQPost
<LI><a href="#[df]">&gt;&gt;</a>&nbsp;&nbsp;&nbsp;OSQPend
<LI><a href="#[b6]">&gt;&gt;</a>&nbsp;&nbsp;&nbsp;OSQCreate
<LI><a href="#[dc]">&gt;&gt;</a>&nbsp;&nbsp;&nbsp;OSMutexPost
<LI><a href="#[d9]">&gt;&gt;</a>&nbsp;&nbsp;&nbsp;OSMutexPend
<LI><a href="#[b7]">&gt;&gt;</a>&nbsp;&nbsp;&nbsp;OSMutexCreate
<LI><a href="#[c6]">&gt;&gt;</a>&nbsp;&nbsp;&nbsp;OSFlagPend
<LI><a href="#[b4]">&gt;&gt;</a>&nbsp;&nbsp;&nbsp;OSFlagCreate
<LI><a href="#[e7]">&gt;&gt;</a>&nbsp;&nbsp;&nbsp;OSTaskDel
<LI><a href="#[ec]">&gt;&gt;</a>&nbsp;&nbsp;&nbsp;OSTaskSuspend
<LI><a href="#[eb]">&gt;&gt;</a>&nbsp;&nbsp;&nbsp;OSTaskStkChk
<LI><a href="#[ea]">&gt;&gt;</a>&nbsp;&nbsp;&nbsp;OSTaskNameSet
<LI><a href="#[e5]">&gt;&gt;</a>&nbsp;&nbsp;&nbsp;OSTaskCreateExt
<LI><a href="#[73]">&gt;&gt;</a>&nbsp;&nbsp;&nbsp;OS_TaskStat
<LI><a href="#[72]">&gt;&gt;</a>&nbsp;&nbsp;&nbsp;OS_TaskIdle
<LI><a href="#[e4]">&gt;&gt;</a>&nbsp;&nbsp;&nbsp;OS_TCBInit
<LI><a href="#[c8]">&gt;&gt;</a>&nbsp;&nbsp;&nbsp;OS_Sched
</UL>

<P><STRONG><a name="[c5]"></a>OS_CPU_SR_Restore</STRONG> (Thumb, 0 bytes, Stack size unknown bytes, os_cpu_a.o(.text))
<BR><BR>[Called By]<UL><LI><a href="#[c0]">&gt;&gt;</a>&nbsp;&nbsp;&nbsp;OSSemPost
<LI><a href="#[bd]">&gt;&gt;</a>&nbsp;&nbsp;&nbsp;OSFlagPost
<LI><a href="#[ee]">&gt;&gt;</a>&nbsp;&nbsp;&nbsp;OSTimeTick
<LI><a href="#[be]">&gt;&gt;</a>&nbsp;&nbsp;&nbsp;OSIntExit
<LI><a href="#[ed]">&gt;&gt;</a>&nbsp;&nbsp;&nbsp;OSTimeDly
<LI><a href="#[b8]">&gt;&gt;</a>&nbsp;&nbsp;&nbsp;OSTaskCreate
<LI><a href="#[e1]">&gt;&gt;</a>&nbsp;&nbsp;&nbsp;OSSemPend
<LI><a href="#[b5]">&gt;&gt;</a>&nbsp;&nbsp;&nbsp;OSSemCreate
<LI><a href="#[e0]">&gt;&gt;</a>&nbsp;&nbsp;&nbsp;OSQPost
<LI><a href="#[df]">&gt;&gt;</a>&nbsp;&nbsp;&nbsp;OSQPend
<LI><a href="#[b6]">&gt;&gt;</a>&nbsp;&nbsp;&nbsp;OSQCreate
<LI><a href="#[dc]">&gt;&gt;</a>&nbsp;&nbsp;&nbsp;OSMutexPost
<LI><a href="#[d9]">&gt;&gt;</a>&nbsp;&nbsp;&nbsp;OSMutexPend
<LI><a href="#[b7]">&gt;&gt;</a>&nbsp;&nbsp;&nbsp;OSMutexCreate
<LI><a href="#[c6]">&gt;&gt;</a>&nbsp;&nbsp;&nbsp;OSFlagPend
<LI><a href="#[b4]">&gt;&gt;</a>&nbsp;&nbsp;&nbsp;OSFlagCreate
<LI><a href="#[e7]">&gt;&gt;</a>&nbsp;&nbsp;&nbsp;OSTaskDel
<LI><a href="#[ec]">&gt;&gt;</a>&nbsp;&nbsp;&nbsp;OSTaskSuspend
<LI><a href="#[eb]">&gt;&gt;</a>&nbsp;&nbsp;&nbsp;OSTaskStkChk
<LI><a href="#[ea]">&gt;&gt;</a>&nbsp;&nbsp;&nbsp;OSTaskNameSet
<LI><a href="#[e5]">&gt;&gt;</a>&nbsp;&nbsp;&nbsp;OSTaskCreateExt
<LI><a href="#[73]">&gt;&gt;</a>&nbsp;&nbsp;&nbsp;OS_TaskStat
<LI><a href="#[72]">&gt;&gt;</a>&nbsp;&nbsp;&nbsp;OS_TaskIdle
<LI><a href="#[e4]">&gt;&gt;</a>&nbsp;&nbsp;&nbsp;OS_TCBInit
<LI><a href="#[c8]">&gt;&gt;</a>&nbsp;&nbsp;&nbsp;OS_Sched
</UL>

<P><STRONG><a name="[e2]"></a>OSStartHighRdy</STRONG> (Thumb, 0 bytes, Stack size unknown bytes, os_cpu_a.o(.text))
<BR><BR>[Called By]<UL><LI><a href="#[b9]">&gt;&gt;</a>&nbsp;&nbsp;&nbsp;OSStart
</UL>

<P><STRONG><a name="[f1]"></a>OSCtxSw</STRONG> (Thumb, 0 bytes, Stack size unknown bytes, os_cpu_a.o(.text))
<BR><BR>[Called By]<UL><LI><a href="#[c8]">&gt;&gt;</a>&nbsp;&nbsp;&nbsp;OS_Sched
</UL>

<P><STRONG><a name="[d7]"></a>OSIntCtxSw</STRONG> (Thumb, 0 bytes, Stack size unknown bytes, os_cpu_a.o(.text))
<BR><BR>[Called By]<UL><LI><a href="#[be]">&gt;&gt;</a>&nbsp;&nbsp;&nbsp;OSIntExit
</UL>

<P><STRONG><a name="[10]"></a>PendSV_Handler</STRONG> (Thumb, 0 bytes, Stack size unknown bytes, os_cpu_a.o(.text))
<BR>[Address Reference Count : 1]<UL><LI> startup_stm32f40_41xxx.o(RESET)
</UL>
<P><STRONG><a name="[15b]"></a>time</STRONG> (Thumb, 18 bytes, Stack size 8 bytes, sys_time.o(.text))
<BR><BR>[Stack]<UL><LI>Max Depth = 8<LI>Call Chain = time
</UL>
<BR>[Called By]<UL><LI><a href="#[15a]">&gt;&gt;</a>&nbsp;&nbsp;&nbsp;generate8bitRandNum
</UL>

<P><STRONG><a name="[93]"></a>__2printf</STRONG> (Thumb, 20 bytes, Stack size 24 bytes, noretval__2printf.o(.text))
<BR><BR>[Stack]<UL><LI>Max Depth = 128 + Unknown Stack Size
<LI>Call Chain = __2printf &rArr; _printf_char_file &rArr; _printf_char_common &rArr; __printf
</UL>
<BR>[Calls]<UL><LI><a href="#[94]">&gt;&gt;</a>&nbsp;&nbsp;&nbsp;_printf_char_file
</UL>
<BR>[Called By]<UL><LI><a href="#[39]">&gt;&gt;</a>&nbsp;&nbsp;&nbsp;USART3_IRQHandler
<LI><a href="#[38]">&gt;&gt;</a>&nbsp;&nbsp;&nbsp;USART2_IRQHandler
<LI><a href="#[37]">&gt;&gt;</a>&nbsp;&nbsp;&nbsp;USART1_IRQHandler
<LI><a href="#[19a]">&gt;&gt;</a>&nbsp;&nbsp;&nbsp;testUpdataVDMorVDOFrame
<LI><a href="#[14e]">&gt;&gt;</a>&nbsp;&nbsp;&nbsp;testChangeOtherShipContentTo61162
<LI><a href="#[16e]">&gt;&gt;</a>&nbsp;&nbsp;&nbsp;testgenerateMsg24Content
<LI><a href="#[199]">&gt;&gt;</a>&nbsp;&nbsp;&nbsp;testUpdataMsg23Struct
<LI><a href="#[198]">&gt;&gt;</a>&nbsp;&nbsp;&nbsp;testUpdataMsg22Struct
<LI><a href="#[197]">&gt;&gt;</a>&nbsp;&nbsp;&nbsp;testUpdataMsg20Struct
<LI><a href="#[16b]">&gt;&gt;</a>&nbsp;&nbsp;&nbsp;testGenerateMsg19Content
<LI><a href="#[167]">&gt;&gt;</a>&nbsp;&nbsp;&nbsp;testGenerateMsg18Content
<LI><a href="#[165]">&gt;&gt;</a>&nbsp;&nbsp;&nbsp;testGenerateMsg14Content
<LI><a href="#[159]">&gt;&gt;</a>&nbsp;&nbsp;&nbsp;testCollectNewMsg
<LI><a href="#[156]">&gt;&gt;</a>&nbsp;&nbsp;&nbsp;testCheckFSMMsg23Struct
<LI><a href="#[154]">&gt;&gt;</a>&nbsp;&nbsp;&nbsp;testCheckFSMMsg22Struct
<LI><a href="#[152]">&gt;&gt;</a>&nbsp;&nbsp;&nbsp;testCheckFSMMsg20Struct
<LI><a href="#[2e]">&gt;&gt;</a>&nbsp;&nbsp;&nbsp;TIM2_IRQHandler
<LI><a href="#[6c]">&gt;&gt;</a>&nbsp;&nbsp;&nbsp;gps_tran_task
<LI><a href="#[180]">&gt;&gt;</a>&nbsp;&nbsp;&nbsp;prinfBinary
</UL>

<P><STRONG><a name="[95]"></a>__printf</STRONG> (Thumb, 104 bytes, Stack size 24 bytes, __printf.o(.text))
<BR><BR>[Stack]<UL><LI>Max Depth = 24 + Unknown Stack Size
<LI>Call Chain = __printf
</UL>
<BR>[Calls]<UL><LI><a href="#[96]">&gt;&gt;</a>&nbsp;&nbsp;&nbsp;_printf_percent
</UL>
<BR>[Called By]<UL><LI><a href="#[a8]">&gt;&gt;</a>&nbsp;&nbsp;&nbsp;_printf_char_common
</UL>

<P><STRONG><a name="[a6]"></a>_printf_str</STRONG> (Thumb, 82 bytes, Stack size 16 bytes, _printf_str.o(.text))
<BR><BR>[Stack]<UL><LI>Max Depth = 16<LI>Call Chain = _printf_str
</UL>
<BR>[Called By]<UL><LI><a href="#[a5]">&gt;&gt;</a>&nbsp;&nbsp;&nbsp;_printf_cs_common
</UL>

<P><STRONG><a name="[7b]"></a>_printf_int_dec</STRONG> (Thumb, 104 bytes, Stack size 24 bytes, _printf_dec.o(.text))
<BR><BR>[Stack]<UL><LI>Max Depth = 56<LI>Call Chain = _printf_int_dec &rArr; _printf_int_common
</UL>
<BR>[Calls]<UL><LI><a href="#[97]">&gt;&gt;</a>&nbsp;&nbsp;&nbsp;_printf_int_common
</UL>
<BR>[Called By]<UL><LI><a href="#[7a]">&gt;&gt;</a>&nbsp;&nbsp;&nbsp;_printf_d
</UL>

<P><STRONG><a name="[7d]"></a>_printf_int_hex</STRONG> (Thumb, 84 bytes, Stack size 16 bytes, _printf_hex_int.o(.text))
<BR><BR>[Stack]<UL><LI>Max Depth = 48<LI>Call Chain = _printf_int_hex &rArr; _printf_int_common
</UL>
<BR>[Calls]<UL><LI><a href="#[97]">&gt;&gt;</a>&nbsp;&nbsp;&nbsp;_printf_int_common
</UL>
<BR>[Called By]<UL><LI><a href="#[7c]">&gt;&gt;</a>&nbsp;&nbsp;&nbsp;_printf_x
</UL>

<P><STRONG><a name="[1d7]"></a>_printf_longlong_hex</STRONG> (Thumb, 0 bytes, Stack size 16 bytes, _printf_hex_int.o(.text), UNUSED)

<P><STRONG><a name="[98]"></a>srand</STRONG> (Thumb, 42 bytes, Stack size 8 bytes, rand.o(.text))
<BR><BR>[Stack]<UL><LI>Max Depth = 8<LI>Call Chain = srand
</UL>
<BR>[Called By]<UL><LI><a href="#[15a]">&gt;&gt;</a>&nbsp;&nbsp;&nbsp;generate8bitRandNum
<LI><a href="#[83]">&gt;&gt;</a>&nbsp;&nbsp;&nbsp;_rand_init
</UL>

<P><STRONG><a name="[83]"></a>_rand_init</STRONG> (Thumb, 4 bytes, Stack size 0 bytes, rand.o(.text))
<BR><BR>[Stack]<UL><LI>Max Depth = 8<LI>Call Chain = _rand_init &rArr; srand
</UL>
<BR>[Calls]<UL><LI><a href="#[98]">&gt;&gt;</a>&nbsp;&nbsp;&nbsp;srand
</UL>
<BR>[Called By]<UL><LI><a href="#[82]">&gt;&gt;</a>&nbsp;&nbsp;&nbsp;__rt_lib_init_rand_2
</UL>

<P><STRONG><a name="[176]"></a>strlen</STRONG> (Thumb, 62 bytes, Stack size 8 bytes, strlen.o(.text))
<BR><BR>[Stack]<UL><LI>Max Depth = 8<LI>Call Chain = strlen
</UL>
<BR>[Called By]<UL><LI><a href="#[175]">&gt;&gt;</a>&nbsp;&nbsp;&nbsp;initOtherDataFixedStruct
</UL>

<P><STRONG><a name="[144]"></a>__aeabi_memcpy4</STRONG> (Thumb, 0 bytes, Stack size 8 bytes, rt_memcpy_w.o(.text))
<BR><BR>[Stack]<UL><LI>Max Depth = 8<LI>Call Chain = __aeabi_memcpy4
</UL>
<BR>[Called By]<UL><LI><a href="#[6d]">&gt;&gt;</a>&nbsp;&nbsp;&nbsp;ais_analysis_task
</UL>

<P><STRONG><a name="[1d8]"></a>__aeabi_memcpy8</STRONG> (Thumb, 0 bytes, Stack size 8 bytes, rt_memcpy_w.o(.text), UNUSED)

<P><STRONG><a name="[1d9]"></a>__rt_memcpy_w</STRONG> (Thumb, 100 bytes, Stack size 8 bytes, rt_memcpy_w.o(.text), UNUSED)

<P><STRONG><a name="[1da]"></a>_memcpy_lastbytes_aligned</STRONG> (Thumb, 0 bytes, Stack size unknown bytes, rt_memcpy_w.o(.text), UNUSED)

<P><STRONG><a name="[1db]"></a>__use_two_region_memory</STRONG> (Thumb, 2 bytes, Stack size 0 bytes, heapauxi.o(.text), UNUSED)

<P><STRONG><a name="[1]"></a>__rt_heap_escrow</STRONG> (Thumb, 2 bytes, Stack size 0 bytes, heapauxi.o(.text), UNUSED)

<P><STRONG><a name="[0]"></a>__rt_heap_expand</STRONG> (Thumb, 2 bytes, Stack size 0 bytes, heapauxi.o(.text), UNUSED)

<P><STRONG><a name="[1dc]"></a>__I$use$semihosting</STRONG> (Thumb, 0 bytes, Stack size 0 bytes, use_no_semi.o(.text), UNUSED)

<P><STRONG><a name="[1dd]"></a>__use_no_semihosting_swi</STRONG> (Thumb, 2 bytes, Stack size 0 bytes, use_no_semi.o(.text), UNUSED)

<P><STRONG><a name="[99]"></a>__read_errno</STRONG> (Thumb, 10 bytes, Stack size 8 bytes, _rserrno.o(.text), UNUSED)
<BR><BR>[Calls]<UL><LI><a href="#[9a]">&gt;&gt;</a>&nbsp;&nbsp;&nbsp;__aeabi_errno_addr
</UL>

<P><STRONG><a name="[1de]"></a>__semihosting_library_function</STRONG> (Thumb, 0 bytes, Stack size 8 bytes, indicate_semi.o(.text), UNUSED)

<P><STRONG><a name="[9b]"></a>__set_errno</STRONG> (Thumb, 12 bytes, Stack size 8 bytes, _rserrno.o(.text))
<BR><BR>[Stack]<UL><LI>Max Depth = 8<LI>Call Chain = __set_errno
</UL>
<BR>[Calls]<UL><LI><a href="#[9a]">&gt;&gt;</a>&nbsp;&nbsp;&nbsp;__aeabi_errno_addr
</UL>
<BR>[Called By]<UL><LI><a href="#[138]">&gt;&gt;</a>&nbsp;&nbsp;&nbsp;sqrt
<LI><a href="#[13a]">&gt;&gt;</a>&nbsp;&nbsp;&nbsp;__hardfp_cos
<LI><a href="#[130]">&gt;&gt;</a>&nbsp;&nbsp;&nbsp;__hardfp_acos
</UL>

<P><STRONG><a name="[97]"></a>_printf_int_common</STRONG> (Thumb, 178 bytes, Stack size 32 bytes, _printf_intcommon.o(.text))
<BR><BR>[Stack]<UL><LI>Max Depth = 32<LI>Call Chain = _printf_int_common
</UL>
<BR>[Called By]<UL><LI><a href="#[7d]">&gt;&gt;</a>&nbsp;&nbsp;&nbsp;_printf_int_hex
<LI><a href="#[7b]">&gt;&gt;</a>&nbsp;&nbsp;&nbsp;_printf_int_dec
</UL>

<P><STRONG><a name="[1df]"></a>__lib_sel_fp_printf</STRONG> (Thumb, 2 bytes, Stack size 0 bytes, _printf_fp_dec.o(.text), UNUSED)

<P><STRONG><a name="[a2]"></a>_printf_fp_dec_real</STRONG> (Thumb, 620 bytes, Stack size 104 bytes, _printf_fp_dec.o(.text))
<BR><BR>[Stack]<UL><LI>Max Depth = 320<LI>Call Chain = _printf_fp_dec_real &rArr; _fp_digits &rArr; _btod_etento &rArr; _btod_emul &rArr; _e2e
</UL>
<BR>[Calls]<UL><LI><a href="#[a3]">&gt;&gt;</a>&nbsp;&nbsp;&nbsp;__ARM_fpclassify
<LI><a href="#[a4]">&gt;&gt;</a>&nbsp;&nbsp;&nbsp;_printf_fp_infnan
<LI><a href="#[85]">&gt;&gt;</a>&nbsp;&nbsp;&nbsp;__rt_locale
<LI><a href="#[9c]">&gt;&gt;</a>&nbsp;&nbsp;&nbsp;_fp_digits
</UL>
<BR>[Called By]<UL><LI><a href="#[79]">&gt;&gt;</a>&nbsp;&nbsp;&nbsp;_printf_fp_dec
</UL>

<P><STRONG><a name="[a5]"></a>_printf_cs_common</STRONG> (Thumb, 20 bytes, Stack size 8 bytes, _printf_char.o(.text))
<BR><BR>[Stack]<UL><LI>Max Depth = 24<LI>Call Chain = _printf_cs_common &rArr; _printf_str
</UL>
<BR>[Calls]<UL><LI><a href="#[a6]">&gt;&gt;</a>&nbsp;&nbsp;&nbsp;_printf_str
</UL>
<BR>[Called By]<UL><LI><a href="#[a7]">&gt;&gt;</a>&nbsp;&nbsp;&nbsp;_printf_string
<LI><a href="#[7f]">&gt;&gt;</a>&nbsp;&nbsp;&nbsp;_printf_char
</UL>

<P><STRONG><a name="[7f]"></a>_printf_char</STRONG> (Thumb, 16 bytes, Stack size 0 bytes, _printf_char.o(.text))
<BR><BR>[Stack]<UL><LI>Max Depth = 24<LI>Call Chain = _printf_char &rArr; _printf_cs_common &rArr; _printf_str
</UL>
<BR>[Calls]<UL><LI><a href="#[a5]">&gt;&gt;</a>&nbsp;&nbsp;&nbsp;_printf_cs_common
</UL>
<BR>[Called By]<UL><LI><a href="#[7e]">&gt;&gt;</a>&nbsp;&nbsp;&nbsp;_printf_c
</UL>

<P><STRONG><a name="[a7]"></a>_printf_string</STRONG> (Thumb, 8 bytes, Stack size 0 bytes, _printf_char.o(.text), UNUSED)
<BR><BR>[Calls]<UL><LI><a href="#[a5]">&gt;&gt;</a>&nbsp;&nbsp;&nbsp;_printf_cs_common
</UL>

<P><STRONG><a name="[94]"></a>_printf_char_file</STRONG> (Thumb, 32 bytes, Stack size 16 bytes, _printf_char_file.o(.text))
<BR><BR>[Stack]<UL><LI>Max Depth = 104 + Unknown Stack Size
<LI>Call Chain = _printf_char_file &rArr; _printf_char_common &rArr; __printf
</UL>
<BR>[Calls]<UL><LI><a href="#[a9]">&gt;&gt;</a>&nbsp;&nbsp;&nbsp;ferror
<LI><a href="#[a8]">&gt;&gt;</a>&nbsp;&nbsp;&nbsp;_printf_char_common
</UL>
<BR>[Called By]<UL><LI><a href="#[93]">&gt;&gt;</a>&nbsp;&nbsp;&nbsp;__2printf
</UL>

<P><STRONG><a name="[1e0]"></a>__user_libspace</STRONG> (Thumb, 8 bytes, Stack size 0 bytes, libspace.o(.text), UNUSED)

<P><STRONG><a name="[aa]"></a>__user_perproc_libspace</STRONG> (Thumb, 0 bytes, Stack size 0 bytes, libspace.o(.text))
<BR><BR>[Called By]<UL><LI><a href="#[89]">&gt;&gt;</a>&nbsp;&nbsp;&nbsp;__user_setup_stackheap
</UL>

<P><STRONG><a name="[1e1]"></a>__user_perthread_libspace</STRONG> (Thumb, 0 bytes, Stack size 0 bytes, libspace.o(.text), UNUSED)

<P><STRONG><a name="[85]"></a>__rt_locale</STRONG> (Thumb, 8 bytes, Stack size 0 bytes, rt_locale_intlibspace.o(.text))
<BR><BR>[Called By]<UL><LI><a href="#[84]">&gt;&gt;</a>&nbsp;&nbsp;&nbsp;__rt_lib_init_lc_common
<LI><a href="#[a2]">&gt;&gt;</a>&nbsp;&nbsp;&nbsp;_printf_fp_dec_real
</UL>

<P><STRONG><a name="[9a]"></a>__aeabi_errno_addr</STRONG> (Thumb, 8 bytes, Stack size 0 bytes, rt_errno_addr_intlibspace.o(.text))
<BR><BR>[Called By]<UL><LI><a href="#[9b]">&gt;&gt;</a>&nbsp;&nbsp;&nbsp;__set_errno
<LI><a href="#[99]">&gt;&gt;</a>&nbsp;&nbsp;&nbsp;__read_errno
</UL>

<P><STRONG><a name="[1e2]"></a>__errno$intlibspace</STRONG> (Thumb, 0 bytes, Stack size 0 bytes, rt_errno_addr_intlibspace.o(.text), UNUSED)

<P><STRONG><a name="[1e3]"></a>__rt_errno_addr$intlibspace</STRONG> (Thumb, 0 bytes, Stack size 0 bytes, rt_errno_addr_intlibspace.o(.text), UNUSED)

<P><STRONG><a name="[a1]"></a>_ll_udiv10</STRONG> (Thumb, 138 bytes, Stack size 12 bytes, lludiv10.o(.text))
<BR><BR>[Stack]<UL><LI>Max Depth = 12<LI>Call Chain = _ll_udiv10
</UL>
<BR>[Called By]<UL><LI><a href="#[9c]">&gt;&gt;</a>&nbsp;&nbsp;&nbsp;_fp_digits
</UL>

<P><STRONG><a name="[a8]"></a>_printf_char_common</STRONG> (Thumb, 32 bytes, Stack size 64 bytes, _printf_char_common.o(.text))
<BR><BR>[Stack]<UL><LI>Max Depth = 88 + Unknown Stack Size
<LI>Call Chain = _printf_char_common &rArr; __printf
</UL>
<BR>[Calls]<UL><LI><a href="#[95]">&gt;&gt;</a>&nbsp;&nbsp;&nbsp;__printf
</UL>
<BR>[Called By]<UL><LI><a href="#[94]">&gt;&gt;</a>&nbsp;&nbsp;&nbsp;_printf_char_file
</UL>

<P><STRONG><a name="[a4]"></a>_printf_fp_infnan</STRONG> (Thumb, 112 bytes, Stack size 24 bytes, _printf_fp_infnan.o(.text))
<BR><BR>[Stack]<UL><LI>Max Depth = 24<LI>Call Chain = _printf_fp_infnan
</UL>
<BR>[Called By]<UL><LI><a href="#[a2]">&gt;&gt;</a>&nbsp;&nbsp;&nbsp;_printf_fp_dec_real
</UL>

<P><STRONG><a name="[9d]"></a>_btod_etento</STRONG> (Thumb, 216 bytes, Stack size 72 bytes, bigflt0.o(.text))
<BR><BR>[Stack]<UL><LI>Max Depth = 120<LI>Call Chain = _btod_etento &rArr; _btod_emul &rArr; _e2e
</UL>
<BR>[Calls]<UL><LI><a href="#[a0]">&gt;&gt;</a>&nbsp;&nbsp;&nbsp;_btod_emul
<LI><a href="#[9f]">&gt;&gt;</a>&nbsp;&nbsp;&nbsp;_btod_ediv
</UL>
<BR>[Called By]<UL><LI><a href="#[9c]">&gt;&gt;</a>&nbsp;&nbsp;&nbsp;_fp_digits
</UL>

<P><STRONG><a name="[a9]"></a>ferror</STRONG> (Thumb, 8 bytes, Stack size 0 bytes, ferror.o(.text))
<BR><BR>[Called By]<UL><LI><a href="#[94]">&gt;&gt;</a>&nbsp;&nbsp;&nbsp;_printf_char_file
</UL>

<P><STRONG><a name="[89]"></a>__user_setup_stackheap</STRONG> (Thumb, 74 bytes, Stack size 8 bytes, sys_stackheap_outer.o(.text))
<BR><BR>[Stack]<UL><LI>Max Depth = 8 + Unknown Stack Size
<LI>Call Chain = __user_setup_stackheap
</UL>
<BR>[Calls]<UL><LI><a href="#[ab]">&gt;&gt;</a>&nbsp;&nbsp;&nbsp;__user_initial_stackheap
<LI><a href="#[aa]">&gt;&gt;</a>&nbsp;&nbsp;&nbsp;__user_perproc_libspace
</UL>
<BR>[Called By]<UL><LI><a href="#[88]">&gt;&gt;</a>&nbsp;&nbsp;&nbsp;__rt_entry_sh
</UL>

<P><STRONG><a name="[8e]"></a>exit</STRONG> (Thumb, 18 bytes, Stack size 8 bytes, exit.o(.text))
<BR><BR>[Stack]<UL><LI>Max Depth = 8 + Unknown Stack Size
<LI>Call Chain = exit
</UL>
<BR>[Calls]<UL><LI><a href="#[ac]">&gt;&gt;</a>&nbsp;&nbsp;&nbsp;__rt_exit
</UL>
<BR>[Called By]<UL><LI><a href="#[8c]">&gt;&gt;</a>&nbsp;&nbsp;&nbsp;__rt_entry_main
</UL>

<P><STRONG><a name="[1a2]"></a>strcmp</STRONG> (Thumb, 128 bytes, Stack size 0 bytes, strcmpv7m.o(.text))
<BR><BR>[Called By]<UL><LI><a href="#[87]">&gt;&gt;</a>&nbsp;&nbsp;&nbsp;_get_lc_numeric
</UL>

<P><STRONG><a name="[9e]"></a>_btod_d2e</STRONG> (Thumb, 62 bytes, Stack size 0 bytes, btod.o(CL$$btod_d2e))
<BR><BR>[Calls]<UL><LI><a href="#[ad]">&gt;&gt;</a>&nbsp;&nbsp;&nbsp;_d2e_norm_op1
</UL>
<BR>[Called By]<UL><LI><a href="#[9c]">&gt;&gt;</a>&nbsp;&nbsp;&nbsp;_fp_digits
</UL>

<P><STRONG><a name="[ae]"></a>_d2e_denorm_low</STRONG> (Thumb, 70 bytes, Stack size 0 bytes, btod.o(CL$$btod_d2e_denorm_low))
<BR><BR>[Called By]<UL><LI><a href="#[ad]">&gt;&gt;</a>&nbsp;&nbsp;&nbsp;_d2e_norm_op1
</UL>

<P><STRONG><a name="[ad]"></a>_d2e_norm_op1</STRONG> (Thumb, 96 bytes, Stack size 0 bytes, btod.o(CL$$btod_d2e_norm_op1))
<BR><BR>[Calls]<UL><LI><a href="#[ae]">&gt;&gt;</a>&nbsp;&nbsp;&nbsp;_d2e_denorm_low
</UL>
<BR>[Called By]<UL><LI><a href="#[9e]">&gt;&gt;</a>&nbsp;&nbsp;&nbsp;_btod_d2e
</UL>

<P><STRONG><a name="[af]"></a>__btod_div_common</STRONG> (Thumb, 696 bytes, Stack size 24 bytes, btod.o(CL$$btod_div_common))
<BR><BR>[Stack]<UL><LI>Max Depth = 24<LI>Call Chain = __btod_div_common
</UL>
<BR>[Called By]<UL><LI><a href="#[9f]">&gt;&gt;</a>&nbsp;&nbsp;&nbsp;_btod_ediv
</UL>

<P><STRONG><a name="[b0]"></a>_e2e</STRONG> (Thumb, 198 bytes, Stack size 24 bytes, btod.o(CL$$btod_e2e))
<BR><BR>[Stack]<UL><LI>Max Depth = 24<LI>Call Chain = _e2e
</UL>
<BR>[Called By]<UL><LI><a href="#[a0]">&gt;&gt;</a>&nbsp;&nbsp;&nbsp;_btod_emul
<LI><a href="#[9f]">&gt;&gt;</a>&nbsp;&nbsp;&nbsp;_btod_ediv
</UL>

<P><STRONG><a name="[9f]"></a>_btod_ediv</STRONG> (Thumb, 40 bytes, Stack size 24 bytes, btod.o(CL$$btod_ediv))
<BR><BR>[Stack]<UL><LI>Max Depth = 48<LI>Call Chain = _btod_ediv &rArr; _e2e
</UL>
<BR>[Calls]<UL><LI><a href="#[b0]">&gt;&gt;</a>&nbsp;&nbsp;&nbsp;_e2e
<LI><a href="#[af]">&gt;&gt;</a>&nbsp;&nbsp;&nbsp;__btod_div_common
</UL>
<BR>[Called By]<UL><LI><a href="#[9d]">&gt;&gt;</a>&nbsp;&nbsp;&nbsp;_btod_etento
<LI><a href="#[9c]">&gt;&gt;</a>&nbsp;&nbsp;&nbsp;_fp_digits
</UL>

<P><STRONG><a name="[a0]"></a>_btod_emul</STRONG> (Thumb, 40 bytes, Stack size 24 bytes, btod.o(CL$$btod_emul))
<BR><BR>[Stack]<UL><LI>Max Depth = 48<LI>Call Chain = _btod_emul &rArr; _e2e
</UL>
<BR>[Calls]<UL><LI><a href="#[b1]">&gt;&gt;</a>&nbsp;&nbsp;&nbsp;__btod_mult_common
<LI><a href="#[b0]">&gt;&gt;</a>&nbsp;&nbsp;&nbsp;_e2e
</UL>
<BR>[Called By]<UL><LI><a href="#[9d]">&gt;&gt;</a>&nbsp;&nbsp;&nbsp;_btod_etento
<LI><a href="#[9c]">&gt;&gt;</a>&nbsp;&nbsp;&nbsp;_fp_digits
</UL>

<P><STRONG><a name="[b1]"></a>__btod_mult_common</STRONG> (Thumb, 580 bytes, Stack size 16 bytes, btod.o(CL$$btod_mult_common))
<BR><BR>[Stack]<UL><LI>Max Depth = 16<LI>Call Chain = __btod_mult_common
</UL>
<BR>[Called By]<UL><LI><a href="#[a0]">&gt;&gt;</a>&nbsp;&nbsp;&nbsp;_btod_emul
</UL>

<P><STRONG><a name="[b2]"></a>App_TaskStart</STRONG> (Thumb, 178 bytes, Stack size 8 bytes, app.o(i.App_TaskStart))
<BR><BR>[Stack]<UL><LI>Max Depth = 144 + Unknown Stack Size
<LI>Call Chain = App_TaskStart &rArr; OSInit &rArr; OS_InitTaskStat &rArr; OSTaskCreateExt &rArr; OS_TCBInit
</UL>
<BR>[Calls]<UL><LI><a href="#[b8]">&gt;&gt;</a>&nbsp;&nbsp;&nbsp;OSTaskCreate
<LI><a href="#[b9]">&gt;&gt;</a>&nbsp;&nbsp;&nbsp;OSStart
<LI><a href="#[b5]">&gt;&gt;</a>&nbsp;&nbsp;&nbsp;OSSemCreate
<LI><a href="#[b6]">&gt;&gt;</a>&nbsp;&nbsp;&nbsp;OSQCreate
<LI><a href="#[b7]">&gt;&gt;</a>&nbsp;&nbsp;&nbsp;OSMutexCreate
<LI><a href="#[b3]">&gt;&gt;</a>&nbsp;&nbsp;&nbsp;OSInit
<LI><a href="#[b4]">&gt;&gt;</a>&nbsp;&nbsp;&nbsp;OSFlagCreate
</UL>
<BR>[Called By]<UL><LI><a href="#[8d]">&gt;&gt;</a>&nbsp;&nbsp;&nbsp;main
</UL>

<P><STRONG><a name="[c]"></a>BusFault_Handler</STRONG> (Thumb, 4 bytes, Stack size 0 bytes, stm32f4xx_it.o(i.BusFault_Handler))
<BR>[Address Reference Count : 1]<UL><LI> startup_stm32f40_41xxx.o(RESET)
</UL>
<P><STRONG><a name="[20]"></a>DMA1_Stream3_IRQHandler</STRONG> (Thumb, 44 bytes, Stack size 8 bytes, spi.o(i.DMA1_Stream3_IRQHandler))
<BR><BR>[Stack]<UL><LI>Max Depth = 88 + Unknown Stack Size
<LI>Call Chain = DMA1_Stream3_IRQHandler &rArr; OSFlagPost &rArr; OS_FlagTaskRdy &rArr; OS_FlagUnlink
</UL>
<BR>[Calls]<UL><LI><a href="#[bd]">&gt;&gt;</a>&nbsp;&nbsp;&nbsp;OSFlagPost
<LI><a href="#[ba]">&gt;&gt;</a>&nbsp;&nbsp;&nbsp;DMA_GetITStatus
<LI><a href="#[bc]">&gt;&gt;</a>&nbsp;&nbsp;&nbsp;DMA_ClearITPendingBit
<LI><a href="#[be]">&gt;&gt;</a>&nbsp;&nbsp;&nbsp;OSIntExit
<LI><a href="#[bb]">&gt;&gt;</a>&nbsp;&nbsp;&nbsp;OSIntEnter
</UL>
<BR>[Address Reference Count : 1]<UL><LI> startup_stm32f40_41xxx.o(RESET)
</UL>
<P><STRONG><a name="[41]"></a>DMA1_Stream7_IRQHandler</STRONG> (Thumb, 38 bytes, Stack size 8 bytes, spi3.o(i.DMA1_Stream7_IRQHandler))
<BR><BR>[Stack]<UL><LI>Max Depth = 24 + Unknown Stack Size
<LI>Call Chain = DMA1_Stream7_IRQHandler &rArr; DMA_GetITStatus
</UL>
<BR>[Calls]<UL><LI><a href="#[ba]">&gt;&gt;</a>&nbsp;&nbsp;&nbsp;DMA_GetITStatus
<LI><a href="#[bf]">&gt;&gt;</a>&nbsp;&nbsp;&nbsp;DMA_Cmd
<LI><a href="#[bc]">&gt;&gt;</a>&nbsp;&nbsp;&nbsp;DMA_ClearITPendingBit
<LI><a href="#[be]">&gt;&gt;</a>&nbsp;&nbsp;&nbsp;OSIntExit
<LI><a href="#[bb]">&gt;&gt;</a>&nbsp;&nbsp;&nbsp;OSIntEnter
</UL>
<BR>[Address Reference Count : 1]<UL><LI> startup_stm32f40_41xxx.o(RESET)
</UL>
<P><STRONG><a name="[58]"></a>DMA2_Stream7_IRQHandler</STRONG> (Thumb, 46 bytes, Stack size 8 bytes, uart1.o(i.DMA2_Stream7_IRQHandler))
<BR><BR>[Stack]<UL><LI>Max Depth = 68 + Unknown Stack Size
<LI>Call Chain = DMA2_Stream7_IRQHandler &rArr; OSSemPost &rArr; OS_EventTaskRdy &rArr; OS_EventTaskRemove
</UL>
<BR>[Calls]<UL><LI><a href="#[c0]">&gt;&gt;</a>&nbsp;&nbsp;&nbsp;OSSemPost
<LI><a href="#[ba]">&gt;&gt;</a>&nbsp;&nbsp;&nbsp;DMA_GetITStatus
<LI><a href="#[bf]">&gt;&gt;</a>&nbsp;&nbsp;&nbsp;DMA_Cmd
<LI><a href="#[bc]">&gt;&gt;</a>&nbsp;&nbsp;&nbsp;DMA_ClearITPendingBit
<LI><a href="#[be]">&gt;&gt;</a>&nbsp;&nbsp;&nbsp;OSIntExit
<LI><a href="#[bb]">&gt;&gt;</a>&nbsp;&nbsp;&nbsp;OSIntEnter
</UL>
<BR>[Address Reference Count : 1]<UL><LI> startup_stm32f40_41xxx.o(RESET)
</UL>
<P><STRONG><a name="[bc]"></a>DMA_ClearITPendingBit</STRONG> (Thumb, 38 bytes, Stack size 0 bytes, stm32f4xx_dma.o(i.DMA_ClearITPendingBit))
<BR><BR>[Called By]<UL><LI><a href="#[58]">&gt;&gt;</a>&nbsp;&nbsp;&nbsp;DMA2_Stream7_IRQHandler
<LI><a href="#[20]">&gt;&gt;</a>&nbsp;&nbsp;&nbsp;DMA1_Stream3_IRQHandler
<LI><a href="#[41]">&gt;&gt;</a>&nbsp;&nbsp;&nbsp;DMA1_Stream7_IRQHandler
</UL>

<P><STRONG><a name="[bf]"></a>DMA_Cmd</STRONG> (Thumb, 22 bytes, Stack size 0 bytes, stm32f4xx_dma.o(i.DMA_Cmd))
<BR><BR>[Called By]<UL><LI><a href="#[39]">&gt;&gt;</a>&nbsp;&nbsp;&nbsp;USART3_IRQHandler
<LI><a href="#[37]">&gt;&gt;</a>&nbsp;&nbsp;&nbsp;USART1_IRQHandler
<LI><a href="#[58]">&gt;&gt;</a>&nbsp;&nbsp;&nbsp;DMA2_Stream7_IRQHandler
<LI><a href="#[12b]">&gt;&gt;</a>&nbsp;&nbsp;&nbsp;UART3_Config
<LI><a href="#[12a]">&gt;&gt;</a>&nbsp;&nbsp;&nbsp;UART2_Config
<LI><a href="#[124]">&gt;&gt;</a>&nbsp;&nbsp;&nbsp;UART1_Config
<LI><a href="#[ff]">&gt;&gt;</a>&nbsp;&nbsp;&nbsp;SPI2_Init
<LI><a href="#[41]">&gt;&gt;</a>&nbsp;&nbsp;&nbsp;DMA1_Stream7_IRQHandler
<LI><a href="#[2e]">&gt;&gt;</a>&nbsp;&nbsp;&nbsp;TIM2_IRQHandler
<LI><a href="#[6c]">&gt;&gt;</a>&nbsp;&nbsp;&nbsp;gps_tran_task
<LI><a href="#[70]">&gt;&gt;</a>&nbsp;&nbsp;&nbsp;gps_mkd_trans_task
<LI><a href="#[6f]">&gt;&gt;</a>&nbsp;&nbsp;&nbsp;ais_mkd_trans_task
<LI><a href="#[6d]">&gt;&gt;</a>&nbsp;&nbsp;&nbsp;ais_analysis_task
</UL>

<P><STRONG><a name="[107]"></a>DMA_DeInit</STRONG> (Thumb, 324 bytes, Stack size 0 bytes, stm32f4xx_dma.o(i.DMA_DeInit))
<BR><BR>[Called By]<UL><LI><a href="#[12b]">&gt;&gt;</a>&nbsp;&nbsp;&nbsp;UART3_Config
<LI><a href="#[12a]">&gt;&gt;</a>&nbsp;&nbsp;&nbsp;UART2_Config
<LI><a href="#[124]">&gt;&gt;</a>&nbsp;&nbsp;&nbsp;UART1_Config
<LI><a href="#[10c]">&gt;&gt;</a>&nbsp;&nbsp;&nbsp;SPI3_Init
<LI><a href="#[ff]">&gt;&gt;</a>&nbsp;&nbsp;&nbsp;SPI2_Init
</UL>

<P><STRONG><a name="[109]"></a>DMA_DoubleBufferModeCmd</STRONG> (Thumb, 22 bytes, Stack size 0 bytes, stm32f4xx_dma.o(i.DMA_DoubleBufferModeCmd))
<BR><BR>[Called By]<UL><LI><a href="#[ff]">&gt;&gt;</a>&nbsp;&nbsp;&nbsp;SPI2_Init
</UL>

<P><STRONG><a name="[108]"></a>DMA_DoubleBufferModeConfig</STRONG> (Thumb, 24 bytes, Stack size 0 bytes, stm32f4xx_dma.o(i.DMA_DoubleBufferModeConfig))
<BR><BR>[Called By]<UL><LI><a href="#[ff]">&gt;&gt;</a>&nbsp;&nbsp;&nbsp;SPI2_Init
</UL>

<P><STRONG><a name="[12d]"></a>DMA_GetCurrDataCounter</STRONG> (Thumb, 8 bytes, Stack size 0 bytes, stm32f4xx_dma.o(i.DMA_GetCurrDataCounter))
<BR><BR>[Called By]<UL><LI><a href="#[39]">&gt;&gt;</a>&nbsp;&nbsp;&nbsp;USART3_IRQHandler
<LI><a href="#[38]">&gt;&gt;</a>&nbsp;&nbsp;&nbsp;USART2_IRQHandler
<LI><a href="#[37]">&gt;&gt;</a>&nbsp;&nbsp;&nbsp;USART1_IRQHandler
<LI><a href="#[6c]">&gt;&gt;</a>&nbsp;&nbsp;&nbsp;gps_tran_task
</UL>

<P><STRONG><a name="[145]"></a>DMA_GetCurrentMemoryTarget</STRONG> (Thumb, 20 bytes, Stack size 0 bytes, stm32f4xx_dma.o(i.DMA_GetCurrentMemoryTarget))
<BR><BR>[Called By]<UL><LI><a href="#[6b]">&gt;&gt;</a>&nbsp;&nbsp;&nbsp;ais_tran_task
</UL>

<P><STRONG><a name="[ba]"></a>DMA_GetITStatus</STRONG> (Thumb, 82 bytes, Stack size 16 bytes, stm32f4xx_dma.o(i.DMA_GetITStatus))
<BR><BR>[Stack]<UL><LI>Max Depth = 16<LI>Call Chain = DMA_GetITStatus
</UL>
<BR>[Called By]<UL><LI><a href="#[58]">&gt;&gt;</a>&nbsp;&nbsp;&nbsp;DMA2_Stream7_IRQHandler
<LI><a href="#[20]">&gt;&gt;</a>&nbsp;&nbsp;&nbsp;DMA1_Stream3_IRQHandler
<LI><a href="#[41]">&gt;&gt;</a>&nbsp;&nbsp;&nbsp;DMA1_Stream7_IRQHandler
</UL>

<P><STRONG><a name="[10b]"></a>DMA_ITConfig</STRONG> (Thumb, 58 bytes, Stack size 8 bytes, stm32f4xx_dma.o(i.DMA_ITConfig))
<BR><BR>[Stack]<UL><LI>Max Depth = 8<LI>Call Chain = DMA_ITConfig
</UL>
<BR>[Called By]<UL><LI><a href="#[124]">&gt;&gt;</a>&nbsp;&nbsp;&nbsp;UART1_Config
<LI><a href="#[10c]">&gt;&gt;</a>&nbsp;&nbsp;&nbsp;SPI3_Init
<LI><a href="#[ff]">&gt;&gt;</a>&nbsp;&nbsp;&nbsp;SPI2_Init
</UL>

<P><STRONG><a name="[10a]"></a>DMA_Init</STRONG> (Thumb, 82 bytes, Stack size 8 bytes, stm32f4xx_dma.o(i.DMA_Init))
<BR><BR>[Stack]<UL><LI>Max Depth = 8<LI>Call Chain = DMA_Init
</UL>
<BR>[Called By]<UL><LI><a href="#[12b]">&gt;&gt;</a>&nbsp;&nbsp;&nbsp;UART3_Config
<LI><a href="#[12a]">&gt;&gt;</a>&nbsp;&nbsp;&nbsp;UART2_Config
<LI><a href="#[124]">&gt;&gt;</a>&nbsp;&nbsp;&nbsp;UART1_Config
<LI><a href="#[10c]">&gt;&gt;</a>&nbsp;&nbsp;&nbsp;SPI3_Init
<LI><a href="#[ff]">&gt;&gt;</a>&nbsp;&nbsp;&nbsp;SPI2_Init
</UL>

<P><STRONG><a name="[12e]"></a>DMA_SetCurrDataCounter</STRONG> (Thumb, 4 bytes, Stack size 0 bytes, stm32f4xx_dma.o(i.DMA_SetCurrDataCounter))
<BR><BR>[Called By]<UL><LI><a href="#[39]">&gt;&gt;</a>&nbsp;&nbsp;&nbsp;USART3_IRQHandler
<LI><a href="#[37]">&gt;&gt;</a>&nbsp;&nbsp;&nbsp;USART1_IRQHandler
</UL>

<P><STRONG><a name="[f]"></a>DebugMon_Handler</STRONG> (Thumb, 2 bytes, Stack size 0 bytes, stm32f4xx_it.o(i.DebugMon_Handler))
<BR>[Address Reference Count : 1]<UL><LI> startup_stm32f40_41xxx.o(RESET)
</UL>
<P><STRONG><a name="[c3]"></a>GPIO_Init</STRONG> (Thumb, 144 bytes, Stack size 20 bytes, stm32f4xx_gpio.o(i.GPIO_Init))
<BR><BR>[Stack]<UL><LI>Max Depth = 20<LI>Call Chain = GPIO_Init
</UL>
<BR>[Called By]<UL><LI><a href="#[12b]">&gt;&gt;</a>&nbsp;&nbsp;&nbsp;UART3_Config
<LI><a href="#[12a]">&gt;&gt;</a>&nbsp;&nbsp;&nbsp;UART2_Config
<LI><a href="#[124]">&gt;&gt;</a>&nbsp;&nbsp;&nbsp;UART1_Config
<LI><a href="#[113]">&gt;&gt;</a>&nbsp;&nbsp;&nbsp;TIM2_Int_Init
<LI><a href="#[10c]">&gt;&gt;</a>&nbsp;&nbsp;&nbsp;SPI3_Init
<LI><a href="#[ff]">&gt;&gt;</a>&nbsp;&nbsp;&nbsp;SPI2_Init
<LI><a href="#[c1]">&gt;&gt;</a>&nbsp;&nbsp;&nbsp;LED_Init
</UL>

<P><STRONG><a name="[101]"></a>GPIO_PinAFConfig</STRONG> (Thumb, 70 bytes, Stack size 20 bytes, stm32f4xx_gpio.o(i.GPIO_PinAFConfig))
<BR><BR>[Stack]<UL><LI>Max Depth = 20<LI>Call Chain = GPIO_PinAFConfig
</UL>
<BR>[Called By]<UL><LI><a href="#[12b]">&gt;&gt;</a>&nbsp;&nbsp;&nbsp;UART3_Config
<LI><a href="#[12a]">&gt;&gt;</a>&nbsp;&nbsp;&nbsp;UART2_Config
<LI><a href="#[124]">&gt;&gt;</a>&nbsp;&nbsp;&nbsp;UART1_Config
<LI><a href="#[113]">&gt;&gt;</a>&nbsp;&nbsp;&nbsp;TIM2_Int_Init
<LI><a href="#[10c]">&gt;&gt;</a>&nbsp;&nbsp;&nbsp;SPI3_Init
<LI><a href="#[ff]">&gt;&gt;</a>&nbsp;&nbsp;&nbsp;SPI2_Init
</UL>

<P><STRONG><a name="[178]"></a>GPIO_ResetBits</STRONG> (Thumb, 4 bytes, Stack size 0 bytes, stm32f4xx_gpio.o(i.GPIO_ResetBits))
<BR><BR>[Called By]<UL><LI><a href="#[69]">&gt;&gt;</a>&nbsp;&nbsp;&nbsp;led_task
</UL>

<P><STRONG><a name="[177]"></a>GPIO_SetBits</STRONG> (Thumb, 4 bytes, Stack size 0 bytes, stm32f4xx_gpio.o(i.GPIO_SetBits))
<BR><BR>[Called By]<UL><LI><a href="#[8d]">&gt;&gt;</a>&nbsp;&nbsp;&nbsp;main
<LI><a href="#[69]">&gt;&gt;</a>&nbsp;&nbsp;&nbsp;led_task
</UL>

<P><STRONG><a name="[172]"></a>Get_GPS_RMCMsg</STRONG> (Thumb, 1096 bytes, Stack size 48 bytes, gps.o(i.Get_GPS_RMCMsg))
<BR><BR>[Stack]<UL><LI>Max Depth = 48<LI>Call Chain = Get_GPS_RMCMsg
</UL>
<BR>[Called By]<UL><LI><a href="#[171]">&gt;&gt;</a>&nbsp;&nbsp;&nbsp;getGPSInfomation
</UL>

<P><STRONG><a name="[a]"></a>HardFault_Handler</STRONG> (Thumb, 4 bytes, Stack size 0 bytes, stm32f4xx_it.o(i.HardFault_Handler))
<BR>[Address Reference Count : 1]<UL><LI> startup_stm32f40_41xxx.o(RESET)
</UL>
<P><STRONG><a name="[c1]"></a>LED_Init</STRONG> (Thumb, 82 bytes, Stack size 16 bytes, led.o(i.LED_Init))
<BR><BR>[Stack]<UL><LI>Max Depth = 36<LI>Call Chain = LED_Init &rArr; GPIO_Init
</UL>
<BR>[Calls]<UL><LI><a href="#[c2]">&gt;&gt;</a>&nbsp;&nbsp;&nbsp;RCC_AHB1PeriphClockCmd
<LI><a href="#[c3]">&gt;&gt;</a>&nbsp;&nbsp;&nbsp;GPIO_Init
</UL>
<BR>[Called By]<UL><LI><a href="#[8d]">&gt;&gt;</a>&nbsp;&nbsp;&nbsp;main
</UL>

<P><STRONG><a name="[17a]"></a>MKDInit</STRONG> (Thumb, 62 bytes, Stack size 12 bytes, mkdcontrol.o(i.MKDInit))
<BR><BR>[Stack]<UL><LI>Max Depth = 12<LI>Call Chain = MKDInit
</UL>
<BR>[Called By]<UL><LI><a href="#[8d]">&gt;&gt;</a>&nbsp;&nbsp;&nbsp;main
</UL>

<P><STRONG><a name="[b]"></a>MemManage_Handler</STRONG> (Thumb, 4 bytes, Stack size 0 bytes, stm32f4xx_it.o(i.MemManage_Handler))
<BR>[Address Reference Count : 1]<UL><LI> startup_stm32f40_41xxx.o(RESET)
</UL>
<P><STRONG><a name="[9]"></a>NMI_Handler</STRONG> (Thumb, 2 bytes, Stack size 0 bytes, stm32f4xx_it.o(i.NMI_Handler))
<BR>[Address Reference Count : 1]<UL><LI> startup_stm32f40_41xxx.o(RESET)
</UL>
<P><STRONG><a name="[106]"></a>NVIC_Init</STRONG> (Thumb, 106 bytes, Stack size 16 bytes, misc.o(i.NVIC_Init))
<BR><BR>[Stack]<UL><LI>Max Depth = 16<LI>Call Chain = NVIC_Init
</UL>
<BR>[Called By]<UL><LI><a href="#[12b]">&gt;&gt;</a>&nbsp;&nbsp;&nbsp;UART3_Config
<LI><a href="#[124]">&gt;&gt;</a>&nbsp;&nbsp;&nbsp;UART1_Config
<LI><a href="#[113]">&gt;&gt;</a>&nbsp;&nbsp;&nbsp;TIM2_Int_Init
<LI><a href="#[10c]">&gt;&gt;</a>&nbsp;&nbsp;&nbsp;SPI3_Init
<LI><a href="#[ff]">&gt;&gt;</a>&nbsp;&nbsp;&nbsp;SPI2_Init
</UL>

<P><STRONG><a name="[179]"></a>NVIC_PriorityGroupConfig</STRONG> (Thumb, 10 bytes, Stack size 0 bytes, misc.o(i.NVIC_PriorityGroupConfig))
<BR><BR>[Called By]<UL><LI><a href="#[8d]">&gt;&gt;</a>&nbsp;&nbsp;&nbsp;main
</UL>

<P><STRONG><a name="[b4]"></a>OSFlagCreate</STRONG> (Thumb, 86 bytes, Stack size 24 bytes, os_flag.o(i.OSFlagCreate))
<BR><BR>[Stack]<UL><LI>Max Depth = 24 + Unknown Stack Size
<LI>Call Chain = OSFlagCreate
</UL>
<BR>[Calls]<UL><LI><a href="#[c4]">&gt;&gt;</a>&nbsp;&nbsp;&nbsp;OS_CPU_SR_Save
<LI><a href="#[c5]">&gt;&gt;</a>&nbsp;&nbsp;&nbsp;OS_CPU_SR_Restore
</UL>
<BR>[Called By]<UL><LI><a href="#[b2]">&gt;&gt;</a>&nbsp;&nbsp;&nbsp;App_TaskStart
</UL>

<P><STRONG><a name="[c6]"></a>OSFlagPend</STRONG> (Thumb, 584 bytes, Stack size 72 bytes, os_flag.o(i.OSFlagPend))
<BR><BR>[Stack]<UL><LI>Max Depth = 92 + Unknown Stack Size
<LI>Call Chain = OSFlagPend &rArr; OS_FlagBlock
</UL>
<BR>[Calls]<UL><LI><a href="#[c9]">&gt;&gt;</a>&nbsp;&nbsp;&nbsp;OS_FlagUnlink
<LI><a href="#[c7]">&gt;&gt;</a>&nbsp;&nbsp;&nbsp;OS_FlagBlock
<LI><a href="#[c4]">&gt;&gt;</a>&nbsp;&nbsp;&nbsp;OS_CPU_SR_Save
<LI><a href="#[c5]">&gt;&gt;</a>&nbsp;&nbsp;&nbsp;OS_CPU_SR_Restore
<LI><a href="#[c8]">&gt;&gt;</a>&nbsp;&nbsp;&nbsp;OS_Sched
</UL>
<BR>[Called By]<UL><LI><a href="#[6c]">&gt;&gt;</a>&nbsp;&nbsp;&nbsp;gps_tran_task
<LI><a href="#[6b]">&gt;&gt;</a>&nbsp;&nbsp;&nbsp;ais_tran_task
</UL>

<P><STRONG><a name="[bd]"></a>OSFlagPost</STRONG> (Thumb, 312 bytes, Stack size 48 bytes, os_flag.o(i.OSFlagPost))
<BR><BR>[Stack]<UL><LI>Max Depth = 80 + Unknown Stack Size
<LI>Call Chain = OSFlagPost &rArr; OS_FlagTaskRdy &rArr; OS_FlagUnlink
</UL>
<BR>[Calls]<UL><LI><a href="#[ca]">&gt;&gt;</a>&nbsp;&nbsp;&nbsp;OS_FlagTaskRdy
<LI><a href="#[c4]">&gt;&gt;</a>&nbsp;&nbsp;&nbsp;OS_CPU_SR_Save
<LI><a href="#[c5]">&gt;&gt;</a>&nbsp;&nbsp;&nbsp;OS_CPU_SR_Restore
<LI><a href="#[c8]">&gt;&gt;</a>&nbsp;&nbsp;&nbsp;OS_Sched
</UL>
<BR>[Called By]<UL><LI><a href="#[20]">&gt;&gt;</a>&nbsp;&nbsp;&nbsp;DMA1_Stream3_IRQHandler
<LI><a href="#[2e]">&gt;&gt;</a>&nbsp;&nbsp;&nbsp;TIM2_IRQHandler
</UL>

<P><STRONG><a name="[b3]"></a>OSInit</STRONG> (Thumb, 48 bytes, Stack size 8 bytes, os_core.o(i.OSInit))
<BR><BR>[Stack]<UL><LI>Max Depth = 136 + Unknown Stack Size
<LI>Call Chain = OSInit &rArr; OS_InitTaskStat &rArr; OSTaskCreateExt &rArr; OS_TCBInit
</UL>
<BR>[Calls]<UL><LI><a href="#[d2]">&gt;&gt;</a>&nbsp;&nbsp;&nbsp;OS_QInit
<LI><a href="#[d1]">&gt;&gt;</a>&nbsp;&nbsp;&nbsp;OS_MemInit
<LI><a href="#[d0]">&gt;&gt;</a>&nbsp;&nbsp;&nbsp;OS_FlagInit
<LI><a href="#[d5]">&gt;&gt;</a>&nbsp;&nbsp;&nbsp;OSInitHookEnd
<LI><a href="#[cb]">&gt;&gt;</a>&nbsp;&nbsp;&nbsp;OSInitHookBegin
<LI><a href="#[d4]">&gt;&gt;</a>&nbsp;&nbsp;&nbsp;OS_InitTaskStat
<LI><a href="#[d3]">&gt;&gt;</a>&nbsp;&nbsp;&nbsp;OS_InitTaskIdle
<LI><a href="#[ce]">&gt;&gt;</a>&nbsp;&nbsp;&nbsp;OS_InitTCBList
<LI><a href="#[cd]">&gt;&gt;</a>&nbsp;&nbsp;&nbsp;OS_InitRdyList
<LI><a href="#[cc]">&gt;&gt;</a>&nbsp;&nbsp;&nbsp;OS_InitMisc
<LI><a href="#[cf]">&gt;&gt;</a>&nbsp;&nbsp;&nbsp;OS_InitEventList
</UL>
<BR>[Called By]<UL><LI><a href="#[b2]">&gt;&gt;</a>&nbsp;&nbsp;&nbsp;App_TaskStart
</UL>

<P><STRONG><a name="[cb]"></a>OSInitHookBegin</STRONG> (Thumb, 2 bytes, Stack size 0 bytes, os_cpu_c.o(i.OSInitHookBegin))
<BR><BR>[Called By]<UL><LI><a href="#[b3]">&gt;&gt;</a>&nbsp;&nbsp;&nbsp;OSInit
</UL>

<P><STRONG><a name="[d5]"></a>OSInitHookEnd</STRONG> (Thumb, 2 bytes, Stack size 0 bytes, os_cpu_c.o(i.OSInitHookEnd))
<BR><BR>[Called By]<UL><LI><a href="#[b3]">&gt;&gt;</a>&nbsp;&nbsp;&nbsp;OSInit
</UL>

<P><STRONG><a name="[bb]"></a>OSIntEnter</STRONG> (Thumb, 28 bytes, Stack size 0 bytes, os_core.o(i.OSIntEnter))
<BR><BR>[Called By]<UL><LI><a href="#[58]">&gt;&gt;</a>&nbsp;&nbsp;&nbsp;DMA2_Stream7_IRQHandler
<LI><a href="#[20]">&gt;&gt;</a>&nbsp;&nbsp;&nbsp;DMA1_Stream3_IRQHandler
<LI><a href="#[11]">&gt;&gt;</a>&nbsp;&nbsp;&nbsp;SysTick_Handler
<LI><a href="#[41]">&gt;&gt;</a>&nbsp;&nbsp;&nbsp;DMA1_Stream7_IRQHandler
<LI><a href="#[2e]">&gt;&gt;</a>&nbsp;&nbsp;&nbsp;TIM2_IRQHandler
</UL>

[...]
<BR><BR>[Stack]<UL><LI>Max Depth = 192 + Unknown Stack Size
<LI>Call Chain = updataVDMorVDOFrame &rArr; testUpdataVDMorVDOFrame &rArr; __2printf &rArr; _printf_char_file &rArr; _printf_char_common &rArr; __printf
</UL>
<BR>[Calls]<UL><LI><a href="#[19a]">&gt;&gt;</a>&nbsp;&nbsp;&nbsp;testUpdataVDMorVDOFrame
<LI><a href="#[1a1]">&gt;&gt;</a>&nbsp;&nbsp;&nbsp;rstMKDFramedStruct
</UL>
<BR>[Called By]<UL><LI><a href="#[17b]">&gt;&gt;</a>&nbsp;&nbsp;&nbsp;testVDMFunction
<LI><a href="#[17c]">&gt;&gt;</a>&nbsp;&nbsp;&nbsp;mkd_collecVDLShipMsg
</UL>

<P><STRONG><a name="[87]"></a>_get_lc_numeric</STRONG> (Thumb, 44 bytes, Stack size 8 bytes, lc_numeric_c.o(locale$$code))
<BR><BR>[Stack]<UL><LI>Max Depth = 8<LI>Call Chain = _get_lc_numeric
</UL>
<BR>[Calls]<UL><LI><a href="#[1a2]">&gt;&gt;</a>&nbsp;&nbsp;&nbsp;strcmp
</UL>
<BR>[Called By]<UL><LI><a href="#[86]">&gt;&gt;</a>&nbsp;&nbsp;&nbsp;__rt_lib_init_lc_numeric_2
</UL>

<P><STRONG><a name="[13e]"></a>__aeabi_dneg</STRONG> (Thumb, 0 bytes, Stack size 0 bytes, basic.o(x$fpl$basic))
<BR><BR>[Called By]<UL><LI><a href="#[13b]">&gt;&gt;</a>&nbsp;&nbsp;&nbsp;__ieee754_rem_pio2
<LI><a href="#[13a]">&gt;&gt;</a>&nbsp;&nbsp;&nbsp;__hardfp_cos
</UL>

<P><STRONG><a name="[1e4]"></a>_dneg</STRONG> (Thumb, 6 bytes, Stack size 0 bytes, basic.o(x$fpl$basic), UNUSED)

<P><STRONG><a name="[1e5]"></a>__aeabi_fneg</STRONG> (Thumb, 0 bytes, Stack size 0 bytes, basic.o(x$fpl$basic), UNUSED)

<P><STRONG><a name="[1e6]"></a>_fneg</STRONG> (Thumb, 6 bytes, Stack size 0 bytes, basic.o(x$fpl$basic), UNUSED)

<P><STRONG><a name="[1e7]"></a>_dabs</STRONG> (Thumb, 6 bytes, Stack size 0 bytes, basic.o(x$fpl$basic), UNUSED)

<P><STRONG><a name="[1e8]"></a>_fabs</STRONG> (Thumb, 6 bytes, Stack size 0 bytes, basic.o(x$fpl$basic), UNUSED)

<P><STRONG><a name="[135]"></a>__aeabi_dadd</STRONG> (Thumb, 0 bytes, Stack size 16 bytes, daddsub_clz.o(x$fpl$dadd))
<BR><BR>[Stack]<UL><LI>Max Depth = 16<LI>Call Chain = __aeabi_dadd
</UL>
<BR>[Called By]<UL><LI><a href="#[147]">&gt;&gt;</a>&nbsp;&nbsp;&nbsp;calSphereDist
<LI><a href="#[13c]">&gt;&gt;</a>&nbsp;&nbsp;&nbsp;__kernel_sin
<LI><a href="#[13b]">&gt;&gt;</a>&nbsp;&nbsp;&nbsp;__ieee754_rem_pio2
<LI><a href="#[134]">&gt;&gt;</a>&nbsp;&nbsp;&nbsp;__kernel_poly
<LI><a href="#[131]">&gt;&gt;</a>&nbsp;&nbsp;&nbsp;__mathlib_dbl_infnan
<LI><a href="#[130]">&gt;&gt;</a>&nbsp;&nbsp;&nbsp;__hardfp_acos
</UL>

<P><STRONG><a name="[1a3]"></a>_dadd</STRONG> (Thumb, 332 bytes, Stack size 16 bytes, daddsub_clz.o(x$fpl$dadd), UNUSED)
<BR><BR>[Calls]<UL><LI><a href="#[1a5]">&gt;&gt;</a>&nbsp;&nbsp;&nbsp;__fpl_dretinf
<LI><a href="#[1a6]">&gt;&gt;</a>&nbsp;&nbsp;&nbsp;__fpl_dnaninf
<LI><a href="#[1a4]">&gt;&gt;</a>&nbsp;&nbsp;&nbsp;_dsub1
</UL>

<P><STRONG><a name="[1a9]"></a>__fpl_dcmp_Inf</STRONG> (Thumb, 24 bytes, Stack size 0 bytes, dcmpi.o(x$fpl$dcmpinf), UNUSED)
<BR><BR>[Called By]<UL><LI><a href="#[1ab]">&gt;&gt;</a>&nbsp;&nbsp;&nbsp;_dcmple
<LI><a href="#[1a8]">&gt;&gt;</a>&nbsp;&nbsp;&nbsp;_dcmpeq
</UL>

<P><STRONG><a name="[136]"></a>__aeabi_ddiv</STRONG> (Thumb, 0 bytes, Stack size 32 bytes, ddiv.o(x$fpl$ddiv))
<BR><BR>[Stack]<UL><LI>Max Depth = 32<LI>Call Chain = __aeabi_ddiv
</UL>
<BR>[Called By]<UL><LI><a href="#[14a]">&gt;&gt;</a>&nbsp;&nbsp;&nbsp;changeMinuteToDegree
<LI><a href="#[147]">&gt;&gt;</a>&nbsp;&nbsp;&nbsp;calSphereDist
<LI><a href="#[132]">&gt;&gt;</a>&nbsp;&nbsp;&nbsp;__mathlib_dbl_invalid
<LI><a href="#[130]">&gt;&gt;</a>&nbsp;&nbsp;&nbsp;__hardfp_acos
</UL>

<P><STRONG><a name="[1a7]"></a>_ddiv</STRONG> (Thumb, 552 bytes, Stack size 32 bytes, ddiv.o(x$fpl$ddiv), UNUSED)
<BR><BR>[Calls]<UL><LI><a href="#[1a5]">&gt;&gt;</a>&nbsp;&nbsp;&nbsp;__fpl_dretinf
<LI><a href="#[1a6]">&gt;&gt;</a>&nbsp;&nbsp;&nbsp;__fpl_dnaninf
</UL>

<P><STRONG><a name="[174]"></a>__aeabi_cdcmpeq</STRONG> (Thumb, 0 bytes, Stack size 32 bytes, deqf.o(x$fpl$deqf))
<BR><BR>[Stack]<UL><LI>Max Depth = 32<LI>Call Chain = __aeabi_cdcmpeq
</UL>
<BR>[Called By]<UL><LI><a href="#[157]">&gt;&gt;</a>&nbsp;&nbsp;&nbsp;getHandoverAreaValid
</UL>

<P><STRONG><a name="[1a8]"></a>_dcmpeq</STRONG> (Thumb, 120 bytes, Stack size 32 bytes, deqf.o(x$fpl$deqf), UNUSED)
<BR><BR>[Calls]<UL><LI><a href="#[1a6]">&gt;&gt;</a>&nbsp;&nbsp;&nbsp;__fpl_dnaninf
<LI><a href="#[1a9]">&gt;&gt;</a>&nbsp;&nbsp;&nbsp;__fpl_dcmp_Inf
</UL>

<P><STRONG><a name="[140]"></a>__aeabi_d2iz</STRONG> (Thumb, 0 bytes, Stack size 32 bytes, dfix.o(x$fpl$dfix))
<BR><BR>[Stack]<UL><LI>Max Depth = 32<LI>Call Chain = __aeabi_d2iz
</UL>
<BR>[Called By]<UL><LI><a href="#[13b]">&gt;&gt;</a>&nbsp;&nbsp;&nbsp;__ieee754_rem_pio2
<LI><a href="#[13d]">&gt;&gt;</a>&nbsp;&nbsp;&nbsp;__kernel_cos
</UL>

<P><STRONG><a name="[1aa]"></a>_dfix</STRONG> (Thumb, 94 bytes, Stack size 32 bytes, dfix.o(x$fpl$dfix), UNUSED)
<BR><BR>[Calls]<UL><LI><a href="#[1a6]">&gt;&gt;</a>&nbsp;&nbsp;&nbsp;__fpl_dnaninf
</UL>

<P><STRONG><a name="[141]"></a>__aeabi_i2d</STRONG> (Thumb, 0 bytes, Stack size 0 bytes, dflt_clz.o(x$fpl$dflt))
<BR><BR>[Called By]<UL><LI><a href="#[13b]">&gt;&gt;</a>&nbsp;&nbsp;&nbsp;__ieee754_rem_pio2
</UL>

<P><STRONG><a name="[1e9]"></a>_dflt</STRONG> (Thumb, 46 bytes, Stack size 0 bytes, dflt_clz.o(x$fpl$dflt), UNUSED)

<P><STRONG><a name="[142]"></a>__aeabi_ui2d</STRONG> (Thumb, 0 bytes, Stack size 0 bytes, dflt_clz.o(x$fpl$dfltu))
<BR><BR>[Called By]<UL><LI><a href="#[157]">&gt;&gt;</a>&nbsp;&nbsp;&nbsp;getHandoverAreaValid
<LI><a href="#[14a]">&gt;&gt;</a>&nbsp;&nbsp;&nbsp;changeMinuteToDegree
<LI><a href="#[13b]">&gt;&gt;</a>&nbsp;&nbsp;&nbsp;__ieee754_rem_pio2
</UL>

<P><STRONG><a name="[1ea]"></a>_dfltu</STRONG> (Thumb, 38 bytes, Stack size 0 bytes, dflt_clz.o(x$fpl$dfltu), UNUSED)

<P><STRONG><a name="[149]"></a>__aeabi_cdcmple</STRONG> (Thumb, 0 bytes, Stack size 32 bytes, dleqf.o(x$fpl$dleqf))
<BR><BR>[Stack]<UL><LI>Max Depth = 32<LI>Call Chain = __aeabi_cdcmple
</UL>
<BR>[Called By]<UL><LI><a href="#[199]">&gt;&gt;</a>&nbsp;&nbsp;&nbsp;testUpdataMsg23Struct
<LI><a href="#[156]">&gt;&gt;</a>&nbsp;&nbsp;&nbsp;testCheckFSMMsg23Struct
<LI><a href="#[154]">&gt;&gt;</a>&nbsp;&nbsp;&nbsp;testCheckFSMMsg22Struct
<LI><a href="#[19f]">&gt;&gt;</a>&nbsp;&nbsp;&nbsp;updataMsg23Struct
<LI><a href="#[19e]">&gt;&gt;</a>&nbsp;&nbsp;&nbsp;updataMsg22Struct
<LI><a href="#[157]">&gt;&gt;</a>&nbsp;&nbsp;&nbsp;getHandoverAreaValid
<LI><a href="#[170]">&gt;&gt;</a>&nbsp;&nbsp;&nbsp;getAreaValid
<LI><a href="#[155]">&gt;&gt;</a>&nbsp;&nbsp;&nbsp;checkFSMMsg23Struct
<LI><a href="#[153]">&gt;&gt;</a>&nbsp;&nbsp;&nbsp;checkFSMMsg22Struct
<LI><a href="#[147]">&gt;&gt;</a>&nbsp;&nbsp;&nbsp;calSphereDist
</UL>

<P><STRONG><a name="[1ab]"></a>_dcmple</STRONG> (Thumb, 120 bytes, Stack size 32 bytes, dleqf.o(x$fpl$dleqf), UNUSED)
<BR><BR>[Calls]<UL><LI><a href="#[1a6]">&gt;&gt;</a>&nbsp;&nbsp;&nbsp;__fpl_dnaninf
<LI><a href="#[1a9]">&gt;&gt;</a>&nbsp;&nbsp;&nbsp;__fpl_dcmp_Inf
</UL>

<P><STRONG><a name="[1ae]"></a>__fpl_dcmple_InfNaN</STRONG> (Thumb, 0 bytes, Stack size unknown bytes, dleqf.o(x$fpl$dleqf), UNUSED)
<BR><BR>[Called By]<UL><LI><a href="#[1ad]">&gt;&gt;</a>&nbsp;&nbsp;&nbsp;_drcmple
</UL>

<P><STRONG><a name="[133]"></a>__aeabi_dmul</STRONG> (Thumb, 0 bytes, Stack size 32 bytes, dmul.o(x$fpl$dmul))
<BR><BR>[Stack]<UL><LI>Max Depth = 32<LI>Call Chain = __aeabi_dmul
</UL>
<BR>[Called By]<UL><LI><a href="#[147]">&gt;&gt;</a>&nbsp;&nbsp;&nbsp;calSphereDist
<LI><a href="#[146]">&gt;&gt;</a>&nbsp;&nbsp;&nbsp;calLongiDist
<LI><a href="#[13c]">&gt;&gt;</a>&nbsp;&nbsp;&nbsp;__kernel_sin
<LI><a href="#[13b]">&gt;&gt;</a>&nbsp;&nbsp;&nbsp;__ieee754_rem_pio2
<LI><a href="#[134]">&gt;&gt;</a>&nbsp;&nbsp;&nbsp;__kernel_poly
<LI><a href="#[143]">&gt;&gt;</a>&nbsp;&nbsp;&nbsp;__mathlib_dbl_underflow
<LI><a href="#[13d]">&gt;&gt;</a>&nbsp;&nbsp;&nbsp;__kernel_cos
<LI><a href="#[130]">&gt;&gt;</a>&nbsp;&nbsp;&nbsp;__hardfp_acos
</UL>

<P><STRONG><a name="[1ac]"></a>_dmul</STRONG> (Thumb, 332 bytes, Stack size 32 bytes, dmul.o(x$fpl$dmul), UNUSED)
<BR><BR>[Calls]<UL><LI><a href="#[1a5]">&gt;&gt;</a>&nbsp;&nbsp;&nbsp;__fpl_dretinf
<LI><a href="#[1a6]">&gt;&gt;</a>&nbsp;&nbsp;&nbsp;__fpl_dnaninf
</UL>

<P><STRONG><a name="[1a6]"></a>__fpl_dnaninf</STRONG> (Thumb, 156 bytes, Stack size 16 bytes, dnaninf.o(x$fpl$dnaninf))
<BR><BR>[Stack]<UL><LI>Max Depth = 16<LI>Call Chain = __fpl_dnaninf
</UL>
<BR>[Called By]<UL><LI><a href="#[181]">&gt;&gt;</a>&nbsp;&nbsp;&nbsp;_dsqrt
<LI><a href="#[1aa]">&gt;&gt;</a>&nbsp;&nbsp;&nbsp;_dfix
<LI><a href="#[1ac]">&gt;&gt;</a>&nbsp;&nbsp;&nbsp;_dmul
<LI><a href="#[1ab]">&gt;&gt;</a>&nbsp;&nbsp;&nbsp;_dcmple
<LI><a href="#[1a8]">&gt;&gt;</a>&nbsp;&nbsp;&nbsp;_dcmpeq
<LI><a href="#[1a7]">&gt;&gt;</a>&nbsp;&nbsp;&nbsp;_ddiv
<LI><a href="#[1b1]">&gt;&gt;</a>&nbsp;&nbsp;&nbsp;_dsub
<LI><a href="#[1a3]">&gt;&gt;</a>&nbsp;&nbsp;&nbsp;_dadd
</UL>

<P><STRONG><a name="[1a5]"></a>__fpl_dretinf</STRONG> (Thumb, 12 bytes, Stack size 0 bytes, dretinf.o(x$fpl$dretinf), UNUSED)
<BR><BR>[Called By]<UL><LI><a href="#[1ac]">&gt;&gt;</a>&nbsp;&nbsp;&nbsp;_dmul
<LI><a href="#[1a7]">&gt;&gt;</a>&nbsp;&nbsp;&nbsp;_ddiv
<LI><a href="#[1a3]">&gt;&gt;</a>&nbsp;&nbsp;&nbsp;_dadd
</UL>

<P><STRONG><a name="[148]"></a>__aeabi_cdrcmple</STRONG> (Thumb, 0 bytes, Stack size 16 bytes, drleqf.o(x$fpl$drleqf))
<BR><BR>[Stack]<UL><LI>Max Depth = 16<LI>Call Chain = __aeabi_cdrcmple
</UL>
<BR>[Called By]<UL><LI><a href="#[199]">&gt;&gt;</a>&nbsp;&nbsp;&nbsp;testUpdataMsg23Struct
<LI><a href="#[156]">&gt;&gt;</a>&nbsp;&nbsp;&nbsp;testCheckFSMMsg23Struct
<LI><a href="#[154]">&gt;&gt;</a>&nbsp;&nbsp;&nbsp;testCheckFSMMsg22Struct
<LI><a href="#[19f]">&gt;&gt;</a>&nbsp;&nbsp;&nbsp;updataMsg23Struct
<LI><a href="#[19e]">&gt;&gt;</a>&nbsp;&nbsp;&nbsp;updataMsg22Struct
<LI><a href="#[157]">&gt;&gt;</a>&nbsp;&nbsp;&nbsp;getHandoverAreaValid
<LI><a href="#[170]">&gt;&gt;</a>&nbsp;&nbsp;&nbsp;getAreaValid
<LI><a href="#[155]">&gt;&gt;</a>&nbsp;&nbsp;&nbsp;checkFSMMsg23Struct
<LI><a href="#[153]">&gt;&gt;</a>&nbsp;&nbsp;&nbsp;checkFSMMsg22Struct
<LI><a href="#[147]">&gt;&gt;</a>&nbsp;&nbsp;&nbsp;calSphereDist
</UL>

<P><STRONG><a name="[1ad]"></a>_drcmple</STRONG> (Thumb, 108 bytes, Stack size 16 bytes, drleqf.o(x$fpl$drleqf), UNUSED)
<BR><BR>[Calls]<UL><LI><a href="#[1ae]">&gt;&gt;</a>&nbsp;&nbsp;&nbsp;__fpl_dcmple_InfNaN
</UL>

<P><STRONG><a name="[137]"></a>__aeabi_drsub</STRONG> (Thumb, 0 bytes, Stack size 8 bytes, daddsub_clz.o(x$fpl$drsb))
<BR><BR>[Stack]<UL><LI>Max Depth = 8<LI>Call Chain = __aeabi_drsub
</UL>
<BR>[Called By]<UL><LI><a href="#[14a]">&gt;&gt;</a>&nbsp;&nbsp;&nbsp;changeMinuteToDegree
<LI><a href="#[147]">&gt;&gt;</a>&nbsp;&nbsp;&nbsp;calSphereDist
<LI><a href="#[13c]">&gt;&gt;</a>&nbsp;&nbsp;&nbsp;__kernel_sin
<LI><a href="#[13b]">&gt;&gt;</a>&nbsp;&nbsp;&nbsp;__ieee754_rem_pio2
<LI><a href="#[13d]">&gt;&gt;</a>&nbsp;&nbsp;&nbsp;__kernel_cos
<LI><a href="#[130]">&gt;&gt;</a>&nbsp;&nbsp;&nbsp;__hardfp_acos
</UL>

<P><STRONG><a name="[1af]"></a>_drsb</STRONG> (Thumb, 22 bytes, Stack size 8 bytes, daddsub_clz.o(x$fpl$drsb), UNUSED)
<BR><BR>[Calls]<UL><LI><a href="#[1a4]">&gt;&gt;</a>&nbsp;&nbsp;&nbsp;_dsub1
<LI><a href="#[1b0]">&gt;&gt;</a>&nbsp;&nbsp;&nbsp;_dadd1
</UL>

<P><STRONG><a name="[181]"></a>_dsqrt</STRONG> (Thumb, 404 bytes, Stack size 24 bytes, dsqrt_umaal.o(x$fpl$dsqrt))
<BR><BR>[Stack]<UL><LI>Max Depth = 40<LI>Call Chain = _dsqrt &rArr; __fpl_dnaninf
</UL>
<BR>[Calls]<UL><LI><a href="#[1a6]">&gt;&gt;</a>&nbsp;&nbsp;&nbsp;__fpl_dnaninf
</UL>
<BR>[Called By]<UL><LI><a href="#[138]">&gt;&gt;</a>&nbsp;&nbsp;&nbsp;sqrt
</UL>

<P><STRONG><a name="[139]"></a>__aeabi_dsub</STRONG> (Thumb, 0 bytes, Stack size 32 bytes, daddsub_clz.o(x$fpl$dsub))
<BR><BR>[Stack]<UL><LI>Max Depth = 32<LI>Call Chain = __aeabi_dsub
</UL>
<BR>[Called By]<UL><LI><a href="#[147]">&gt;&gt;</a>&nbsp;&nbsp;&nbsp;calSphereDist
<LI><a href="#[146]">&gt;&gt;</a>&nbsp;&nbsp;&nbsp;calLongiDist
<LI><a href="#[13c]">&gt;&gt;</a>&nbsp;&nbsp;&nbsp;__kernel_sin
<LI><a href="#[13b]">&gt;&gt;</a>&nbsp;&nbsp;&nbsp;__ieee754_rem_pio2
<LI><a href="#[13d]">&gt;&gt;</a>&nbsp;&nbsp;&nbsp;__kernel_cos
<LI><a href="#[130]">&gt;&gt;</a>&nbsp;&nbsp;&nbsp;__hardfp_acos
</UL>

<P><STRONG><a name="[1b1]"></a>_dsub</STRONG> (Thumb, 464 bytes, Stack size 32 bytes, daddsub_clz.o(x$fpl$dsub), UNUSED)
<BR><BR>[Calls]<UL><LI><a href="#[1a6]">&gt;&gt;</a>&nbsp;&nbsp;&nbsp;__fpl_dnaninf
<LI><a href="#[1b0]">&gt;&gt;</a>&nbsp;&nbsp;&nbsp;_dadd1
</UL>

<P><STRONG><a name="[81]"></a>_fp_init</STRONG> (Thumb, 10 bytes, Stack size 0 bytes, fpinit.o(x$fpl$fpinit))
<BR><BR>[Called By]<UL><LI><a href="#[80]">&gt;&gt;</a>&nbsp;&nbsp;&nbsp;__rt_lib_init_fp_1
</UL>

<P><STRONG><a name="[1eb]"></a>__fplib_config_fpu_vfp</STRONG> (Thumb, 0 bytes, Stack size unknown bytes, fpinit.o(x$fpl$fpinit), UNUSED)

<P><STRONG><a name="[1ec]"></a>__fplib_config_pureend_doubles</STRONG> (Thumb, 0 bytes, Stack size unknown bytes, fpinit.o(x$fpl$fpinit), UNUSED)

<P><STRONG><a name="[79]"></a>_printf_fp_dec</STRONG> (Thumb, 4 bytes, Stack size 0 bytes, printf1.o(x$fpl$printf1))
<BR><BR>[Stack]<UL><LI>Max Depth = 320<LI>Call Chain = _printf_fp_dec &rArr; _printf_fp_dec_real &rArr; _fp_digits &rArr; _btod_etento &rArr; _btod_emul &rArr; _e2e
</UL>
<BR>[Calls]<UL><LI><a href="#[a2]">&gt;&gt;</a>&nbsp;&nbsp;&nbsp;_printf_fp_dec_real
</UL>
<BR>[Called By]<UL><LI><a href="#[78]">&gt;&gt;</a>&nbsp;&nbsp;&nbsp;_printf_f
</UL>
<P>
<H3>
Local Symbols
</H3>
<P><STRONG><a name="[10e]"></a>SetSysClock</STRONG> (Thumb, 220 bytes, Stack size 12 bytes, system_stm32f4xx.o(i.SetSysClock))
<BR><BR>[Stack]<UL><LI>Max Depth = 12<LI>Call Chain = SetSysClock
</UL>
<BR>[Called By]<UL><LI><a href="#[64]">&gt;&gt;</a>&nbsp;&nbsp;&nbsp;SystemInit
</UL>

<P><STRONG><a name="[fd]"></a>delay_100us</STRONG> (Thumb, 22 bytes, Stack size 0 bytes, rng.o(i.delay_100us))
<BR><BR>[Called By]<UL><LI><a href="#[fa]">&gt;&gt;</a>&nbsp;&nbsp;&nbsp;RNG_Init
</UL>

<P><STRONG><a name="[11c]"></a>TI1_Config</STRONG> (Thumb, 58 bytes, Stack size 20 bytes, stm32f4xx_tim.o(i.TI1_Config))
<BR><BR>[Stack]<UL><LI>Max Depth = 20<LI>Call Chain = TI1_Config
</UL>
<BR>[Called By]<UL><LI><a href="#[118]">&gt;&gt;</a>&nbsp;&nbsp;&nbsp;TIM_ICInit
</UL>

<P><STRONG><a name="[11e]"></a>TI2_Config</STRONG> (Thumb, 80 bytes, Stack size 20 bytes, stm32f4xx_tim.o(i.TI2_Config))
<BR><BR>[Stack]<UL><LI>Max Depth = 20<LI>Call Chain = TI2_Config
</UL>
<BR>[Called By]<UL><LI><a href="#[118]">&gt;&gt;</a>&nbsp;&nbsp;&nbsp;TIM_ICInit
</UL>

<P><STRONG><a name="[120]"></a>TI3_Config</STRONG> (Thumb, 72 bytes, Stack size 20 bytes, stm32f4xx_tim.o(i.TI3_Config))
<BR><BR>[Stack]<UL><LI>Max Depth = 20<LI>Call Chain = TI3_Config
</UL>
<BR>[Called By]<UL><LI><a href="#[118]">&gt;&gt;</a>&nbsp;&nbsp;&nbsp;TIM_ICInit
</UL>

<P><STRONG><a name="[122]"></a>TI4_Config</STRONG> (Thumb, 80 bytes, Stack size 20 bytes, stm32f4xx_tim.o(i.TI4_Config))
<BR><BR>[Stack]<UL><LI>Max Depth = 20<LI>Call Chain = TI4_Config
</UL>
<BR>[Called By]<UL><LI><a href="#[118]">&gt;&gt;</a>&nbsp;&nbsp;&nbsp;TIM_ICInit
</UL>

<P><STRONG><a name="[cf]"></a>OS_InitEventList</STRONG> (Thumb, 74 bytes, Stack size 16 bytes, os_core.o(i.OS_InitEventList))
<BR><BR>[Stack]<UL><LI>Max Depth = 16<LI>Call Chain = OS_InitEventList
</UL>
<BR>[Calls]<UL><LI><a href="#[f0]">&gt;&gt;</a>&nbsp;&nbsp;&nbsp;OS_MemClr
</UL>
<BR>[Called By]<UL><LI><a href="#[b3]">&gt;&gt;</a>&nbsp;&nbsp;&nbsp;OSInit
</UL>

<P><STRONG><a name="[cc]"></a>OS_InitMisc</STRONG> (Thumb, 44 bytes, Stack size 0 bytes, os_core.o(i.OS_InitMisc))
<BR><BR>[Called By]<UL><LI><a href="#[b3]">&gt;&gt;</a>&nbsp;&nbsp;&nbsp;OSInit
</UL>

<P><STRONG><a name="[cd]"></a>OS_InitRdyList</STRONG> (Thumb, 44 bytes, Stack size 0 bytes, os_core.o(i.OS_InitRdyList))
<BR><BR>[Called By]<UL><LI><a href="#[b3]">&gt;&gt;</a>&nbsp;&nbsp;&nbsp;OSInit
</UL>

<P><STRONG><a name="[ce]"></a>OS_InitTCBList</STRONG> (Thumb, 106 bytes, Stack size 16 bytes, os_core.o(i.OS_InitTCBList))
<BR><BR>[Stack]<UL><LI>Max Depth = 16<LI>Call Chain = OS_InitTCBList
</UL>
<BR>[Calls]<UL><LI><a href="#[f0]">&gt;&gt;</a>&nbsp;&nbsp;&nbsp;OS_MemClr
</UL>
<BR>[Called By]<UL><LI><a href="#[b3]">&gt;&gt;</a>&nbsp;&nbsp;&nbsp;OSInit
</UL>

<P><STRONG><a name="[d3]"></a>OS_InitTaskIdle</STRONG> (Thumb, 50 bytes, Stack size 32 bytes, os_core.o(i.OS_InitTaskIdle))
<BR><BR>[Stack]<UL><LI>Max Depth = 128 + Unknown Stack Size
<LI>Call Chain = OS_InitTaskIdle &rArr; OSTaskCreateExt &rArr; OS_TCBInit
</UL>
<BR>[Calls]<UL><LI><a href="#[ea]">&gt;&gt;</a>&nbsp;&nbsp;&nbsp;OSTaskNameSet
<LI><a href="#[e5]">&gt;&gt;</a>&nbsp;&nbsp;&nbsp;OSTaskCreateExt
</UL>
<BR>[Called By]<UL><LI><a href="#[b3]">&gt;&gt;</a>&nbsp;&nbsp;&nbsp;OSInit
</UL>

<P><STRONG><a name="[d4]"></a>OS_InitTaskStat</STRONG> (Thumb, 50 bytes, Stack size 32 bytes, os_core.o(i.OS_InitTaskStat))
<BR><BR>[Stack]<UL><LI>Max Depth = 128 + Unknown Stack Size
<LI>Call Chain = OS_InitTaskStat &rArr; OSTaskCreateExt &rArr; OS_TCBInit
</UL>
<BR>[Calls]<UL><LI><a href="#[ea]">&gt;&gt;</a>&nbsp;&nbsp;&nbsp;OSTaskNameSet
<LI><a href="#[e5]">&gt;&gt;</a>&nbsp;&nbsp;&nbsp;OSTaskCreateExt
</UL>
<BR>[Called By]<UL><LI><a href="#[b3]">&gt;&gt;</a>&nbsp;&nbsp;&nbsp;OSInit
</UL>

<P><STRONG><a name="[d6]"></a>OS_SchedNew</STRONG> (Thumb, 26 bytes, Stack size 0 bytes, os_core.o(i.OS_SchedNew))
<BR><BR>[Called By]<UL><LI><a href="#[be]">&gt;&gt;</a>&nbsp;&nbsp;&nbsp;OSIntExit
<LI><a href="#[b9]">&gt;&gt;</a>&nbsp;&nbsp;&nbsp;OSStart
<LI><a href="#[c8]">&gt;&gt;</a>&nbsp;&nbsp;&nbsp;OS_Sched
</UL>

<P><STRONG><a name="[c7]"></a>OS_FlagBlock</STRONG> (Thumb, 152 bytes, Stack size 20 bytes, os_flag.o(i.OS_FlagBlock))
<BR><BR>[Stack]<UL><LI>Max Depth = 20<LI>Call Chain = OS_FlagBlock
</UL>
<BR>[Called By]<UL><LI><a href="#[c6]">&gt;&gt;</a>&nbsp;&nbsp;&nbsp;OSFlagPend
</UL>

<P><STRONG><a name="[ca]"></a>OS_FlagTaskRdy</STRONG> (Thumb, 82 bytes, Stack size 20 bytes, os_flag.o(i.OS_FlagTaskRdy))
<BR><BR>[Stack]<UL><LI>Max Depth = 32<LI>Call Chain = OS_FlagTaskRdy &rArr; OS_FlagUnlink
</UL>
<BR>[Calls]<UL><LI><a href="#[c9]">&gt;&gt;</a>&nbsp;&nbsp;&nbsp;OS_FlagUnlink
</UL>
<BR>[Called By]<UL><LI><a href="#[bd]">&gt;&gt;</a>&nbsp;&nbsp;&nbsp;OSFlagPost
</UL>

<P><STRONG><a name="[dd]"></a>OSMutex_RdyAtPrio</STRONG> (Thumb, 114 bytes, Stack size 12 bytes, os_mutex.o(i.OSMutex_RdyAtPrio))
<BR><BR>[Stack]<UL><LI>Max Depth = 12<LI>Call Chain = OSMutex_RdyAtPrio
</UL>
<BR>[Called By]<UL><LI><a href="#[dc]">&gt;&gt;</a>&nbsp;&nbsp;&nbsp;OSMutexPost
</UL>

<P><STRONG><a name="[1b0]"></a>_dadd1</STRONG> (Thumb, 0 bytes, Stack size unknown bytes, daddsub_clz.o(x$fpl$dadd), UNUSED)
<BR><BR>[Called By]<UL><LI><a href="#[1b1]">&gt;&gt;</a>&nbsp;&nbsp;&nbsp;_dsub
<LI><a href="#[1af]">&gt;&gt;</a>&nbsp;&nbsp;&nbsp;_drsb
</UL>

<P><STRONG><a name="[1a4]"></a>_dsub1</STRONG> (Thumb, 0 bytes, Stack size unknown bytes, daddsub_clz.o(x$fpl$dsub), UNUSED)
<BR><BR>[Called By]<UL><LI><a href="#[1af]">&gt;&gt;</a>&nbsp;&nbsp;&nbsp;_drsb
<LI><a href="#[1a3]">&gt;&gt;</a>&nbsp;&nbsp;&nbsp;_dadd
</UL>

<P><STRONG><a name="[9c]"></a>_fp_digits</STRONG> (Thumb, 428 bytes, Stack size 96 bytes, _printf_fp_dec.o(.text))
<BR><BR>[Stack]<UL><LI>Max Depth = 216<LI>Call Chain = _fp_digits &rArr; _btod_etento &rArr; _btod_emul &rArr; _e2e
</UL>
<BR>[Calls]<UL><LI><a href="#[a0]">&gt;&gt;</a>&nbsp;&nbsp;&nbsp;_btod_emul
<LI><a href="#[9f]">&gt;&gt;</a>&nbsp;&nbsp;&nbsp;_btod_ediv
<LI><a href="#[9e]">&gt;&gt;</a>&nbsp;&nbsp;&nbsp;_btod_d2e
<LI><a href="#[9d]">&gt;&gt;</a>&nbsp;&nbsp;&nbsp;_btod_etento
<LI><a href="#[a1]">&gt;&gt;</a>&nbsp;&nbsp;&nbsp;_ll_udiv10
</UL>
<BR>[Called By]<UL><LI><a href="#[a2]">&gt;&gt;</a>&nbsp;&nbsp;&nbsp;_printf_fp_dec_real
</UL>

<P><STRONG><a name="[68]"></a>_printf_input_char</STRONG> (Thumb, 10 bytes, Stack size 0 bytes, _printf_char_common.o(.text))
<BR>[Address Reference Count : 1]<UL><LI> _printf_char_common.o(.text)
</UL><P>
<H3>
Undefined Global Symbols
</H3><HR></body></html>
