<html>
<body>
<pre>
<h1>µVision Build Log</h1>
<h2>Tool Versions:</h2>
IDE-Version: ¦ÌVision V5.16a
Copyright (C) 2015 ARM Ltd and ARM Germany GmbH. All rights reserved.
License Information: 1 Microsoft, Microsoft, LIC=TIVHL-0M8NH-73FM8-3M9X7-40UQ6-QJNQ9
 
Tool Versions:
Toolchain:       MDK-ARM Standard  Version: 5.16a
Toolchain Path:  D:\Keil_v5.16\ARM\ARMCC\Bin
C Compiler:      Armcc.exe V5.06 (build 20)
Assembler:       Armasm.exe V5.06 (build 20)
Linker/Locator:  ArmLink.exe V5.06 (build 20)
Library Manager: ArmAr.exe V5.06 (build 20)
Hex Converter:   FromElf.exe V5.06 (build 20)
CPU DLL:         SARMCM3.DLL V5.16a
Dialog DLL:      DCM.DLL V1.13.2.0
Target DLL:      Segger\JL2CM3.dll V2.99.15.2
Dialog DLL:      TCM.DLL V1.14.5.0
 
<h2>Project:</h2>
C:\Users\Administrator\Desktop\AIS_repo\AIS_RX_BOARD\STM32F407VET6.uvprojx
Project File Date:  01/14/2016

<h2>Output:</h2>
*** Using Compiler 'V5.06 (build 20)', folder: 'D:\Keil_v5.16\ARM\ARMCC\Bin'
Build target 'AIX_RX'
compiling SPI3.c...
compiling main.c...
.\AIS\FSMControl.h(250): warning:  #1-D: last line of file ends without a newline
  #endif
.\AIS\FSMControl.h(250): warning:  #1-D: last line of file ends without a newline
  #endif
.\AIS\test_MKD.h(22): warning:  #1-D: last line of file ends without a newline
  #endif
USER\main.c: 3 warnings, 0 errors
linking...
Program Size: Code=62622 RO-data=1642 RW-data=380 ZI-data=44188  
FromELF: creating hex file...
".\OUTPUT\STM32F407VET6.axf" - 0 Error(s), 3 Warning(s).

<h2>Collection of Component include folders:</h2>
  C:\Users\Administrator\Desktop\AIS_repo\AIS_RX_BOARD\RTE
  D:\Keil_v5.16\ARM\PACK\Keil\STM32F4xx_DFP\2.4.0\Drivers\CMSIS\Device\ST\STM32F4xx\Include

<h2>Collection of Component Files used:</h2>
Build Time Elapsed:  00:00:02
</pre>
</body>
</html>
