Component: ARM Compiler 5.06 (build 20) Tool: armlink [4d35a3]

==============================================================================

Section Cross References

    main.o(i.Systick_Init) refers to misc.o(i.SysTick_CLKSourceConfig) for SysTick_CLKSourceConfig
    main.o(i.main) refers to misc.o(i.NVIC_PriorityGroupConfig) for NVIC_PriorityGroupConfig
    main.o(i.main) refers to main.o(i.Systick_Init) for Systick_Init
    main.o(i.main) refers to led.o(i.LED_Init) for LED_Init
    main.o(i.main) refers to stm32f4xx_gpio.o(i.GPIO_SetBits) for GPIO_SetBits
    main.o(i.main) refers to uart1.o(i.UART1_Config) for UART1_Config
    main.o(i.main) refers to uart2.o(i.UART2_Config) for UART2_Config
    main.o(i.main) refers to timer2.o(i.TIM2_Int_Init) for TIM2_Int_Init
    main.o(i.main) refers to app.o(i.App_TaskStart) for App_TaskStart
    stm32f4xx_it.o(i.SysTick_Handler) refers to os_core.o(i.OSIntEnter) for OSIntEnter
    stm32f4xx_it.o(i.SysTick_Handler) refers to os_core.o(i.OSTimeTick) for OSTimeTick
    stm32f4xx_it.o(i.SysTick_Handler) refers to os_core.o(i.OSIntExit) for OSIntExit
    system_stm32f4xx.o(i.SystemCoreClockUpdate) refers to system_stm32f4xx.o(.data) for SystemCoreClock
    system_stm32f4xx.o(i.SystemInit) refers to system_stm32f4xx.o(i.SetSysClock) for SetSysClock
    startup_stm32f40_41xxx.o(STACK) refers (Special) to heapauxi.o(.text) for __use_two_region_memory
    startup_stm32f40_41xxx.o(HEAP) refers (Special) to heapauxi.o(.text) for __use_two_region_memory
    startup_stm32f40_41xxx.o(RESET) refers (Special) to heapauxi.o(.text) for __use_two_region_memory
    startup_stm32f40_41xxx.o(RESET) refers to startup_stm32f40_41xxx.o(STACK) for __initial_sp
    startup_stm32f40_41xxx.o(RESET) refers to startup_stm32f40_41xxx.o(.text) for Reset_Handler
    startup_stm32f40_41xxx.o(RESET) refers to stm32f4xx_it.o(i.NMI_Handler) for NMI_Handler
    startup_stm32f40_41xxx.o(RESET) refers to stm32f4xx_it.o(i.HardFault_Handler) for HardFault_Handler
    startup_stm32f40_41xxx.o(RESET) refers to stm32f4xx_it.o(i.MemManage_Handler) for MemManage_Handler
    startup_stm32f40_41xxx.o(RESET) refers to stm32f4xx_it.o(i.BusFault_Handler) for BusFault_Handler
    startup_stm32f40_41xxx.o(RESET) refers to stm32f4xx_it.o(i.UsageFault_Handler) for UsageFault_Handler
    startup_stm32f40_41xxx.o(RESET) refers to stm32f4xx_it.o(i.SVC_Handler) for SVC_Handler
    startup_stm32f40_41xxx.o(RESET) refers to stm32f4xx_it.o(i.DebugMon_Handler) for DebugMon_Handler
    startup_stm32f40_41xxx.o(RESET) refers to os_cpu_a.o(.text) for PendSV_Handler
    startup_stm32f40_41xxx.o(RESET) refers to stm32f4xx_it.o(i.SysTick_Handler) for SysTick_Handler
    startup_stm32f40_41xxx.o(RESET) refers to spi.o(i.DMA1_Stream3_IRQHandler) for DMA1_Stream3_IRQHandler
    startup_stm32f40_41xxx.o(RESET) refers to timer2.o(i.TIM2_IRQHandler) for TIM2_IRQHandler
    startup_stm32f40_41xxx.o(RESET) refers to uart1.o(i.USART1_IRQHandler) for USART1_IRQHandler
    startup_stm32f40_41xxx.o(RESET) refers to uart2.o(i.USART2_IRQHandler) for USART2_IRQHandler
    startup_stm32f40_41xxx.o(RESET) refers to uart3.o(i.USART3_IRQHandler) for USART3_IRQHandler
    startup_stm32f40_41xxx.o(.text) refers (Special) to heapauxi.o(.text) for __use_two_region_memory
    startup_stm32f40_41xxx.o(.text) refers to system_stm32f4xx.o(i.SystemInit) for SystemInit
    startup_stm32f40_41xxx.o(.text) refers to __main.o(!!!main) for __main
    startup_stm32f40_41xxx.o(.text) refers to startup_stm32f40_41xxx.o(HEAP) for Heap_Mem
    startup_stm32f40_41xxx.o(.text) refers to startup_stm32f40_41xxx.o(STACK) for Stack_Mem
    spi.o(i.DMA1_Stream3_IRQHandler) refers to stm32f4xx_dma.o(i.DMA_GetITStatus) for DMA_GetITStatus
    spi.o(i.DMA1_Stream3_IRQHandler) refers to stm32f4xx_dma.o(i.DMA_ClearITPendingBit) for DMA_ClearITPendingBit
    spi.o(i.DMA1_Stream3_IRQHandler) refers to os_flag.o(i.OSFlagPost) for OSFlagPost
    spi.o(i.DMA1_Stream3_IRQHandler) refers to spi.o(.data) for err
    spi.o(i.DMA1_Stream3_IRQHandler) refers to app.o(.data) for AIS_FLAG
    spi.o(i.SPI2_Init) refers to stm32f4xx_rcc.o(i.RCC_AHB1PeriphClockCmd) for RCC_AHB1PeriphClockCmd
    spi.o(i.SPI2_Init) refers to stm32f4xx_rcc.o(i.RCC_APB1PeriphClockCmd) for RCC_APB1PeriphClockCmd
    spi.o(i.SPI2_Init) refers to stm32f4xx_gpio.o(i.GPIO_PinAFConfig) for GPIO_PinAFConfig
    spi.o(i.SPI2_Init) refers to stm32f4xx_gpio.o(i.GPIO_Init) for GPIO_Init
    spi.o(i.SPI2_Init) refers to stm32f4xx_spi.o(i.SPI_Init) for SPI_Init
    spi.o(i.SPI2_Init) refers to stm32f4xx_spi.o(i.SPI_Cmd) for SPI_Cmd
    spi.o(i.SPI2_Init) refers to spi.o(i.SPI2_SetSpeed) for SPI2_SetSpeed
    spi.o(i.SPI2_Init) refers to stm32f4xx_spi.o(i.SPI_I2S_DMACmd) for SPI_I2S_DMACmd
    spi.o(i.SPI2_Init) refers to misc.o(i.NVIC_Init) for NVIC_Init
    spi.o(i.SPI2_Init) refers to stm32f4xx_dma.o(i.DMA_DeInit) for DMA_DeInit
[...]
    FWlib\src\stm32f4xx_tim.c                0x00000000   Number         0  stm32f4xx_tim.o ABSOLUTE
    FWlib\src\stm32f4xx_usart.c              0x00000000   Number         0  stm32f4xx_usart.o ABSOLUTE
    FWlib\src\stm32f4xx_wwdg.c               0x00000000   Number         0  stm32f4xx_wwdg.o ABSOLUTE
    HARDWARE\LED.c                           0x00000000   Number         0  led.o ABSOLUTE
    HARDWARE\SPI.c                           0x00000000   Number         0  spi.o ABSOLUTE
    HARDWARE\TIMER2.c                        0x00000000   Number         0  timer2.o ABSOLUTE
    HARDWARE\UART1.c                         0x00000000   Number         0  uart1.o ABSOLUTE
    HARDWARE\UART2.c                         0x00000000   Number         0  uart2.o ABSOLUTE
    HARDWARE\UART3.c                         0x00000000   Number         0  uart3.o ABSOLUTE
    HARDWARE\\LED.c                          0x00000000   Number         0  led.o ABSOLUTE
    HARDWARE\\SPI.c                          0x00000000   Number         0  spi.o ABSOLUTE
    HARDWARE\\TIMER2.c                       0x00000000   Number         0  timer2.o ABSOLUTE
    HARDWARE\\UART1.c                        0x00000000   Number         0  uart1.o ABSOLUTE
    HARDWARE\\UART2.c                        0x00000000   Number         0  uart2.o ABSOLUTE
    HARDWARE\\UART3.c                        0x00000000   Number         0  uart3.o ABSOLUTE
    UCOSII\CORE\os_core.c                    0x00000000   Number         0  os_core.o ABSOLUTE
    UCOSII\CORE\os_flag.c                    0x00000000   Number         0  os_flag.o ABSOLUTE
    UCOSII\CORE\os_mbox.c                    0x00000000   Number         0  os_mbox.o ABSOLUTE
    UCOSII\CORE\os_mem.c                     0x00000000   Number         0  os_mem.o ABSOLUTE
    UCOSII\CORE\os_mutex.c                   0x00000000   Number         0  os_mutex.o ABSOLUTE
    UCOSII\CORE\os_q.c                       0x00000000   Number         0  os_q.o ABSOLUTE
    UCOSII\CORE\os_sem.c                     0x00000000   Number         0  os_sem.o ABSOLUTE
    UCOSII\CORE\os_task.c                    0x00000000   Number         0  os_task.o ABSOLUTE
    UCOSII\CORE\os_time.c                    0x00000000   Number         0  os_time.o ABSOLUTE
    UCOSII\CORE\os_tmr.c                     0x00000000   Number         0  os_tmr.o ABSOLUTE
    UCOSII\PORT\os_cpu_a.asm                 0x00000000   Number         0  os_cpu_a.o ABSOLUTE
    UCOSII\PORT\os_cpu_c.c                   0x00000000   Number         0  os_cpu_c.o ABSOLUTE
    UCOSII\\CORE\\os_core.c                  0x00000000   Number         0  os_core.o ABSOLUTE
    UCOSII\\CORE\\os_flag.c                  0x00000000   Number         0  os_flag.o ABSOLUTE
    UCOSII\\CORE\\os_mbox.c                  0x00000000   Number         0  os_mbox.o ABSOLUTE
    UCOSII\\CORE\\os_mem.c                   0x00000000   Number         0  os_mem.o ABSOLUTE
    UCOSII\\CORE\\os_mutex.c                 0x00000000   Number         0  os_mutex.o ABSOLUTE
    UCOSII\\CORE\\os_q.c                     0x00000000   Number         0  os_q.o ABSOLUTE
    UCOSII\\CORE\\os_sem.c                   0x00000000   Number         0  os_sem.o ABSOLUTE
    UCOSII\\CORE\\os_task.c                  0x00000000   Number         0  os_task.o ABSOLUTE
    UCOSII\\CORE\\os_time.c                  0x00000000   Number         0  os_time.o ABSOLUTE
    UCOSII\\CORE\\os_tmr.c                   0x00000000   Number         0  os_tmr.o ABSOLUTE
    UCOSII\\PORT\\os_cpu_c.c                 0x00000000   Number         0  os_cpu_c.o ABSOLUTE
    USER\\main.c                             0x00000000   Number         0  main.o ABSOLUTE
    USER\\stm32f4xx_it.c                     0x00000000   Number         0  stm32f4xx_it.o ABSOLUTE
    USER\\system_stm32f4xx.c                 0x00000000   Number         0  system_stm32f4xx.o ABSOLUTE
    USER\main.c                              0x00000000   Number         0  main.o ABSOLUTE
    USER\stm32f4xx_it.c                      0x00000000   Number         0  stm32f4xx_it.o ABSOLUTE
    USER\system_stm32f4xx.c                  0x00000000   Number         0  system_stm32f4xx.o ABSOLUTE
    dc.s                                     0x00000000   Number         0  dc.o ABSOLUTE
    RESET                                    0x08000000   Section      392  startup_stm32f40_41xxx.o(RESET)
    !!!main                                  0x08000188   Section        8  __main.o(!!!main)
    !!!scatter                               0x08000190   Section       52  __scatter.o(!!!scatter)
    !!handler_copy                           0x080001c4   Section       26  __scatter_copy.o(!!handler_copy)
    !!handler_zi                             0x080001e0   Section       28  __scatter_zi.o(!!handler_zi)
    .ARM.Collect$$_printf_percent$$00000000  0x080001fc   Section        0  _printf_percent.o(.ARM.Collect$$_printf_percent$$00000000)
    .ARM.Collect$$_printf_percent$$00000009  0x080001fc   Section        6  _printf_d.o(.ARM.Collect$$_printf_percent$$00000009)
    .ARM.Collect$$_printf_percent$$00000013  0x08000202   Section        6  _printf_c.o(.ARM.Collect$$_printf_percent$$00000013)
    .ARM.Collect$$_printf_percent$$00000017  0x08000208   Section        4  _printf_percent_end.o(.ARM.Collect$$_printf_percent$$00000017)
    .ARM.Collect$$libinit$$00000000          0x0800020c   Section        2  libinit.o(.ARM.Collect$$libinit$$00000000)
    .ARM.Collect$$libinit$$00000001          0x0800020e   Section        4  libinit2.o(.ARM.Collect$$libinit$$00000001)
    .ARM.Collect$$libinit$$00000004          0x08000212   Section        0  libinit2.o(.ARM.Collect$$libinit$$00000004)
    .ARM.Collect$$libinit$$0000000A          0x08000212   Section        0  libinit2.o(.ARM.Collect$$libinit$$0000000A)
    .ARM.Collect$$libinit$$0000000C          0x08000212   Section        0  libinit2.o(.ARM.Collect$$libinit$$0000000C)
    .ARM.Collect$$libinit$$0000000E          0x08000212   Section        0  libinit2.o(.ARM.Collect$$libinit$$0000000E)
    .ARM.Collect$$libinit$$00000011          0x08000212   Section        0  libinit2.o(.ARM.Collect$$libinit$$00000011)
    .ARM.Collect$$libinit$$00000013          0x08000212   Section        0  libinit2.o(.ARM.Collect$$libinit$$00000013)
    .ARM.Collect$$libinit$$00000015          0x08000212   Section        0  libinit2.o(.ARM.Collect$$libinit$$00000015)
    .ARM.Collect$$libinit$$00000017          0x08000212   Section        0  libinit2.o(.ARM.Collect$$libinit$$00000017)
    .ARM.Collect$$libinit$$00000019          0x08000212   Section        0  libinit2.o(.ARM.Collect$$libinit$$00000019)
    .ARM.Collect$$libinit$$0000001B          0x08000212   Section        0  libinit2.o(.ARM.Collect$$libinit$$0000001B)
    .ARM.Collect$$libinit$$0000001D          0x08000212   Section        0  libinit2.o(.ARM.Collect$$libinit$$0000001D)
    .ARM.Collect$$libinit$$0000001F          0x08000212   Section        0  libinit2.o(.ARM.Collect$$libinit$$0000001F)
    .ARM.Collect$$libinit$$00000021          0x08000212   Section        0  libinit2.o(.ARM.Collect$$libinit$$00000021)
    .ARM.Collect$$libinit$$00000023          0x08000212   Section        0  libinit2.o(.ARM.Collect$$libinit$$00000023)
    .ARM.Collect$$libinit$$00000025          0x08000212   Section        0  libinit2.o(.ARM.Collect$$libinit$$00000025)
    .ARM.Collect$$libinit$$0000002C          0x08000212   Section        0  libinit2.o(.ARM.Collect$$libinit$$0000002C)
    .ARM.Collect$$libinit$$0000002E          0x08000212   Section        0  libinit2.o(.ARM.Collect$$libinit$$0000002E)
    .ARM.Collect$$libinit$$00000030          0x08000212   Section        0  libinit2.o(.ARM.Collect$$libinit$$00000030)
    .ARM.Collect$$libinit$$00000032          0x08000212   Section        0  libinit2.o(.ARM.Collect$$libinit$$00000032)
    .ARM.Collect$$libinit$$00000033          0x08000212   Section        2  libinit2.o(.ARM.Collect$$libinit$$00000033)
    .ARM.Collect$$libshutdown$$00000000      0x08000214   Section        2  libshutdown.o(.ARM.Collect$$libshutdown$$00000000)
    .ARM.Collect$$libshutdown$$00000002      0x08000216   Section        0  libshutdown2.o(.ARM.Collect$$libshutdown$$00000002)
    .ARM.Collect$$libshutdown$$00000004      0x08000216   Section        0  libshutdown2.o(.ARM.Collect$$libshutdown$$00000004)
    .ARM.Collect$$libshutdown$$00000007      0x08000216   Section        0  libshutdown2.o(.ARM.Collect$$libshutdown$$00000007)
    .ARM.Collect$$libshutdown$$0000000A      0x08000216   Section        0  libshutdown2.o(.ARM.Collect$$libshutdown$$0000000A)
    .ARM.Collect$$libshutdown$$0000000C      0x08000216   Section        0  libshutdown2.o(.ARM.Collect$$libshutdown$$0000000C)
    .ARM.Collect$$libshutdown$$0000000F      0x08000216   Section        0  libshutdown2.o(.ARM.Collect$$libshutdown$$0000000F)
    .ARM.Collect$$libshutdown$$00000010      0x08000216   Section        2  libshutdown2.o(.ARM.Collect$$libshutdown$$00000010)
    .ARM.Collect$$rtentry$$00000000          0x08000218   Section        0  __rtentry.o(.ARM.Collect$$rtentry$$00000000)
    .ARM.Collect$$rtentry$$00000002          0x08000218   Section        0  __rtentry2.o(.ARM.Collect$$rtentry$$00000002)
    .ARM.Collect$$rtentry$$00000004          0x08000218   Section        6  __rtentry4.o(.ARM.Collect$$rtentry$$00000004)
    .ARM.Collect$$rtentry$$00000009          0x0800021e   Section        0  __rtentry2.o(.ARM.Collect$$rtentry$$00000009)
    .ARM.Collect$$rtentry$$0000000A          0x0800021e   Section        4  __rtentry2.o(.ARM.Collect$$rtentry$$0000000A)
    .ARM.Collect$$rtentry$$0000000C          0x08000222   Section        0  __rtentry2.o(.ARM.Collect$$rtentry$$0000000C)
    .ARM.Collect$$rtentry$$0000000D          0x08000222   Section        8  __rtentry2.o(.ARM.Collect$$rtentry$$0000000D)
    .ARM.Collect$$rtexit$$00000000           0x0800022a   Section        2  rtexit.o(.ARM.Collect$$rtexit$$00000000)
    .ARM.Collect$$rtexit$$00000002           0x0800022c   Section        0  rtexit2.o(.ARM.Collect$$rtexit$$00000002)
    .ARM.Collect$$rtexit$$00000003           0x0800022c   Section        4  rtexit2.o(.ARM.Collect$$rtexit$$00000003)
    .ARM.Collect$$rtexit$$00000004           0x08000230   Section        6  rtexit2.o(.ARM.Collect$$rtexit$$00000004)
    .text                                    0x08000238   Section       64  startup_stm32f40_41xxx.o(.text)
    $v0                                      0x08000238   Number         0  startup_stm32f40_41xxx.o(.text)
    .text                                    0x08000278   Section      200  os_cpu_a.o(.text)
    $v0                                      0x08000278   Number         0  os_cpu_a.o(.text)
    .text                                    0x08000340   Section        0  noretval__2printf.o(.text)
    .text                                    0x08000358   Section        0  __printf.o(.text)
    .text                                    0x080003c0   Section        0  _printf_str.o(.text)
    .text                                    0x08000414   Section        0  _printf_dec.o(.text)
    .text                                    0x0800048c   Section        0  heapauxi.o(.text)
    .text                                    0x08000492   Section        0  _printf_intcommon.o(.text)
    .text                                    0x08000544   Section        0  _printf_char.o(.text)
    .text                                    0x08000570   Section        0  _printf_char_file.o(.text)
    .text                                    0x08000594   Section        8  libspace.o(.text)
    .text                                    0x0800059c   Section        0  _printf_char_common.o(.text)
    _printf_input_char                       0x0800059d   Thumb Code    10  _printf_char_common.o(.text)
    .text                                    0x080005cc   Section        0  ferror.o(.text)
    .text                                    0x080005d4   Section       74  sys_stackheap_outer.o(.text)
    .text                                    0x0800061e   Section        0  exit.o(.text)
    i.App_TaskStart                          0x08000630   Section        0  app.o(i.App_TaskStart)
    i.BusFault_Handler                       0x080006ac   Section        0  stm32f4xx_it.o(i.BusFault_Handler)
    i.DMA1_Stream3_IRQHandler                0x080006b0   Section        0  spi.o(i.DMA1_Stream3_IRQHandler)
    i.DMA_ClearITPendingBit                  0x080006e4   Section        0  stm32f4xx_dma.o(i.DMA_ClearITPendingBit)
    i.DMA_Cmd                                0x08000718   Section        0  stm32f4xx_dma.o(i.DMA_Cmd)
    i.DMA_DeInit                             0x08000730   Section        0  stm32f4xx_dma.o(i.DMA_DeInit)
    i.DMA_GetCurrDataCounter                 0x08000888   Section        0  stm32f4xx_dma.o(i.DMA_GetCurrDataCounter)
    i.DMA_GetCurrentMemoryTarget             0x08000890   Section        0  stm32f4xx_dma.o(i.DMA_GetCurrentMemoryTarget)
    i.DMA_GetITStatus                        0x080008a4   Section        0  stm32f4xx_dma.o(i.DMA_GetITStatus)
    i.DMA_Init                               0x08000908   Section        0  stm32f4xx_dma.o(i.DMA_Init)
    i.DMA_SetCurrDataCounter                 0x08000960   Section        0  stm32f4xx_dma.o(i.DMA_SetCurrDataCounter)
    i.DebugMon_Handler                       0x08000964   Section        0  stm32f4xx_it.o(i.DebugMon_Handler)
    i.GPIO_Init                              0x08000966   Section        0  stm32f4xx_gpio.o(i.GPIO_Init)
    i.GPIO_PinAFConfig                       0x080009f6   Section        0  stm32f4xx_gpio.o(i.GPIO_PinAFConfig)
    i.GPIO_ResetBits                         0x08000a3c   Section        0  stm32f4xx_gpio.o(i.GPIO_ResetBits)
    i.GPIO_SetBits                           0x08000a40   Section        0  stm32f4xx_gpio.o(i.GPIO_SetBits)
    i.Get_GPS_RMCMsg                         0x08000a44   Section        0  uart2.o(i.Get_GPS_RMCMsg)
    i.HardFault_Handler                      0x08000e8c   Section        0  stm32f4xx_it.o(i.HardFault_Handler)
    i.LED_Init                               0x08000e90   Section        0  led.o(i.LED_Init)
    i.MemManage_Handler                      0x08000ee8   Section        0  stm32f4xx_it.o(i.MemManage_Handler)
    i.NMI_Handler                            0x08000eec   Section        0  stm32f4xx_it.o(i.NMI_Handler)
    i.NVIC_Init                              0x08000ef0   Section        0  misc.o(i.NVIC_Init)
    i.NVIC_PriorityGroupConfig               0x08000f68   Section        0  misc.o(i.NVIC_PriorityGroupConfig)
    i.OSFlagCreate                           0x08000f7c   Section        0  os_flag.o(i.OSFlagCreate)
    i.OSFlagPend                             0x08000fe0   Section        0  os_flag.o(i.OSFlagPend)
    i.OSFlagPost                             0x08001234   Section        0  os_flag.o(i.OSFlagPost)
    i.OSInit                                 0x0800136c   Section        0  os_core.o(i.OSInit)
    i.OSInitHookBegin                        0x08001398   Section        0  os_cpu_c.o(i.OSInitHookBegin)
    i.OSInitHookEnd                          0x0800139a   Section        0  os_cpu_c.o(i.OSInitHookEnd)
    i.OSIntEnter                             0x0800139c   Section        0  os_core.o(i.OSIntEnter)
    i.OSIntExit                              0x080013c0   Section        0  os_core.o(i.OSIntExit)
    i.OSStart                                0x08001450   Section        0  os_core.o(i.OSStart)
    i.OSTCBInitHook                          0x08001498   Section        0  os_cpu_c.o(i.OSTCBInitHook)
    i.OSTaskCreate                           0x0800149c   Section        0  os_task.o(i.OSTaskCreate)
    i.OSTaskCreateExt                        0x0800153c   Section        0  os_task.o(i.OSTaskCreateExt)
    i.OSTaskCreateHook                       0x080015f4   Section        0  os_cpu_c.o(i.OSTaskCreateHook)
    i.OSTaskDel                              0x080015f8   Section        0  os_task.o(i.OSTaskDel)
    i.OSTaskDelHook                          0x0800174c   Section        0  os_cpu_c.o(i.OSTaskDelHook)
    i.OSTaskIdleHook                         0x0800174e   Section        0  os_cpu_c.o(i.OSTaskIdleHook)
    i.OSTaskNameSet                          0x08001750   Section        0  os_task.o(i.OSTaskNameSet)
    i.OSTaskReturnHook                       0x080017c0   Section        0  os_cpu_c.o(i.OSTaskReturnHook)
    i.OSTaskStatHook                         0x080017c2   Section        0  os_cpu_c.o(i.OSTaskStatHook)
    i.OSTaskStkChk                           0x080017c4   Section        0  os_task.o(i.OSTaskStkChk)
    i.OSTaskStkInit                          0x08001850   Section        0  os_cpu_c.o(i.OSTaskStkInit)
    i.OSTaskSuspend                          0x08001a00   Section        0  os_task.o(i.OSTaskSuspend)
    i.OSTaskSwHook                           0x08001aa8   Section        0  os_cpu_c.o(i.OSTaskSwHook)
    i.OSTimeDly                              0x08001aac   Section        0  os_time.o(i.OSTimeDly)
    i.OSTimeTick                             0x08001b24   Section        0  os_core.o(i.OSTimeTick)
    i.OSTimeTickHook                         0x08001c10   Section        0  os_cpu_c.o(i.OSTimeTickHook)
    i.OS_Dummy                               0x08001c12   Section        0  os_core.o(i.OS_Dummy)
    i.OS_EventTaskRemove                     0x08001c14   Section        0  os_core.o(i.OS_EventTaskRemove)
    i.OS_FlagBlock                           0x08001c40   Section        0  os_flag.o(i.OS_FlagBlock)
    OS_FlagBlock                             0x08001c41   Thumb Code   152  os_flag.o(i.OS_FlagBlock)
    i.OS_FlagInit                            0x08001ce4   Section        0  os_flag.o(i.OS_FlagInit)
    i.OS_FlagTaskRdy                         0x08001d3c   Section        0  os_flag.o(i.OS_FlagTaskRdy)
    OS_FlagTaskRdy                           0x08001d3d   Thumb Code    82  os_flag.o(i.OS_FlagTaskRdy)
    i.OS_FlagUnlink                          0x08001d98   Section        0  os_flag.o(i.OS_FlagUnlink)
    i.OS_InitEventList                       0x08001dbc   Section        0  os_core.o(i.OS_InitEventList)
    OS_InitEventList                         0x08001dbd   Thumb Code    74  os_core.o(i.OS_InitEventList)
    i.OS_InitMisc                            0x08001e10   Section        0  os_core.o(i.OS_InitMisc)
    OS_InitMisc                              0x08001e11   Thumb Code    44  os_core.o(i.OS_InitMisc)
    i.OS_InitRdyList                         0x08001e64   Section        0  os_core.o(i.OS_InitRdyList)
    OS_InitRdyList                           0x08001e65   Thumb Code    44  os_core.o(i.OS_InitRdyList)
    i.OS_InitTCBList                         0x08001ea8   Section        0  os_core.o(i.OS_InitTCBList)
    OS_InitTCBList                           0x08001ea9   Thumb Code   106  os_core.o(i.OS_InitTCBList)
    i.OS_InitTaskIdle                        0x08001f28   Section        0  os_core.o(i.OS_InitTaskIdle)
    OS_InitTaskIdle                          0x08001f29   Thumb Code    50  os_core.o(i.OS_InitTaskIdle)
    i.OS_InitTaskStat                        0x08001f78   Section        0  os_core.o(i.OS_InitTaskStat)
    OS_InitTaskStat                          0x08001f79   Thumb Code    50  os_core.o(i.OS_InitTaskStat)
    i.OS_MemClr                              0x08001fc8   Section        0  os_core.o(i.OS_MemClr)
    i.OS_QInit                               0x08001fdc   Section        0  os_q.o(i.OS_QInit)
    i.OS_Sched                               0x0800202c   Section        0  os_core.o(i.OS_Sched)
    i.OS_SchedNew                            0x080020a0   Section        0  os_core.o(i.OS_SchedNew)
    OS_SchedNew                              0x080020a1   Thumb Code    26  os_core.o(i.OS_SchedNew)
    i.OS_TCBInit                             0x080020cc   Section        0  os_core.o(i.OS_TCBInit)
    i.OS_TaskIdle                            0x08002200   Section        0  os_core.o(i.OS_TaskIdle)
    i.OS_TaskReturn                          0x08002228   Section        0  os_task.o(i.OS_TaskReturn)
    i.OS_TaskStat                            0x08002240   Section        0  os_core.o(i.OS_TaskStat)
    i.OS_TaskStatStkChk                      0x080022c8   Section        0  os_core.o(i.OS_TaskStatStkChk)
    i.OS_TaskStkClr                          0x08002304   Section        0  os_task.o(i.OS_TaskStkClr)
    i.Putc_UART1                             0x08002320   Section        0  uart1.o(i.Putc_UART1)
    i.RCC_AHB1PeriphClockCmd                 0x08002340   Section        0  stm32f4xx_rcc.o(i.RCC_AHB1PeriphClockCmd)
    i.RCC_APB1PeriphClockCmd                 0x08002360   Section        0  stm32f4xx_rcc.o(i.RCC_APB1PeriphClockCmd)
    i.RCC_APB2PeriphClockCmd                 0x08002380   Section        0  stm32f4xx_rcc.o(i.RCC_APB2PeriphClockCmd)
    i.RCC_GetClocksFreq                      0x080023a0   Section        0  stm32f4xx_rcc.o(i.RCC_GetClocksFreq)
    i.SVC_Handler                            0x08002488   Section        0  stm32f4xx_it.o(i.SVC_Handler)
    i.SetSysClock                            0x0800248c   Section        0  system_stm32f4xx.o(i.SetSysClock)
    SetSysClock                              0x0800248d   Thumb Code   220  system_stm32f4xx.o(i.SetSysClock)
    i.SysTick_CLKSourceConfig                0x08002578   Section        0  misc.o(i.SysTick_CLKSourceConfig)
    i.SysTick_Handler                        0x080025a0   Section        0  stm32f4xx_it.o(i.SysTick_Handler)
    i.SystemInit                             0x080025b0   Section        0  system_stm32f4xx.o(i.SystemInit)
    i.Systick_Init                           0x08002618   Section        0  main.o(i.Systick_Init)
    i.TI1_Config                             0x08002650   Section        0  stm32f4xx_tim.o(i.TI1_Config)
    TI1_Config                               0x08002651   Thumb Code    58  stm32f4xx_tim.o(i.TI1_Config)
    i.TI2_Config                             0x0800268a   Section        0  stm32f4xx_tim.o(i.TI2_Config)
    TI2_Config                               0x0800268b   Thumb Code    80  stm32f4xx_tim.o(i.TI2_Config)
    i.TI3_Config                             0x080026da   Section        0  stm32f4xx_tim.o(i.TI3_Config)
    TI3_Config                               0x080026db   Thumb Code    72  stm32f4xx_tim.o(i.TI3_Config)
    i.TI4_Config                             0x08002722   Section        0  stm32f4xx_tim.o(i.TI4_Config)
    TI4_Config                               0x08002723   Thumb Code    80  stm32f4xx_tim.o(i.TI4_Config)
    i.TIM2_IRQHandler                        0x08002774   Section        0  timer2.o(i.TIM2_IRQHandler)
    i.TIM2_Int_Init                          0x080027c0   Section        0  timer2.o(i.TIM2_Int_Init)
    i.TIM_ClearITPendingBit                  0x080028a0   Section        0  stm32f4xx_tim.o(i.TIM_ClearITPendingBit)
    i.TIM_Cmd                                0x080028a6   Section        0  stm32f4xx_tim.o(i.TIM_Cmd)
    i.TIM_GetITStatus                        0x080028be   Section        0  stm32f4xx_tim.o(i.TIM_GetITStatus)
    i.TIM_ICInit                             0x080028e0   Section        0  stm32f4xx_tim.o(i.TIM_ICInit)
    i.TIM_ITConfig                           0x0800294e   Section        0  stm32f4xx_tim.o(i.TIM_ITConfig)
    i.TIM_OC2Init                            0x08002960   Section        0  stm32f4xx_tim.o(i.TIM_OC2Init)
    i.TIM_SelectInputTrigger                 0x08002a04   Section        0  stm32f4xx_tim.o(i.TIM_SelectInputTrigger)
    i.TIM_SelectMasterSlaveMode              0x08002a16   Section        0  stm32f4xx_tim.o(i.TIM_SelectMasterSlaveMode)
    i.TIM_SelectSlaveMode                    0x08002a28   Section        0  stm32f4xx_tim.o(i.TIM_SelectSlaveMode)
    i.TIM_SetIC1Prescaler                    0x08002a3a   Section        0  stm32f4xx_tim.o(i.TIM_SetIC1Prescaler)
    i.TIM_SetIC2Prescaler                    0x08002a4c   Section        0  stm32f4xx_tim.o(i.TIM_SetIC2Prescaler)
    i.TIM_SetIC3Prescaler                    0x08002a66   Section        0  stm32f4xx_tim.o(i.TIM_SetIC3Prescaler)
    i.TIM_SetIC4Prescaler                    0x08002a78   Section        0  stm32f4xx_tim.o(i.TIM_SetIC4Prescaler)
    i.TIM_TimeBaseInit                       0x08002a94   Section        0  stm32f4xx_tim.o(i.TIM_TimeBaseInit)
    i.UART1_Config                           0x08002b18   Section        0  uart1.o(i.UART1_Config)
    i.UART2_Config                           0x08002c30   Section        0  uart2.o(i.UART2_Config)
    i.USART1_IRQHandler                      0x08002d20   Section        0  uart1.o(i.USART1_IRQHandler)
    i.USART2_IRQHandler                      0x08002d94   Section        0  uart2.o(i.USART2_IRQHandler)
    i.USART3_IRQHandler                      0x08002dd4   Section        0  uart3.o(i.USART3_IRQHandler)
    i.USART_Cmd                              0x08002e48   Section        0  stm32f4xx_usart.o(i.USART_Cmd)
    i.USART_DMACmd                           0x08002e60   Section        0  stm32f4xx_usart.o(i.USART_DMACmd)
    i.USART_GetITStatus                      0x08002e72   Section        0  stm32f4xx_usart.o(i.USART_GetITStatus)
    i.USART_ITConfig                         0x08002ec6   Section        0  stm32f4xx_usart.o(i.USART_ITConfig)
    i.USART_Init                             0x08002f10   Section        0  stm32f4xx_usart.o(i.USART_Init)
    i.USART_SendData                         0x08002fe4   Section        0  stm32f4xx_usart.o(i.USART_SendData)
    i.UsageFault_Handler                     0x08002fec   Section        0  stm32f4xx_it.o(i.UsageFault_Handler)
    i._sys_exit                              0x08002ff0   Section        0  uart1.o(i._sys_exit)
    i.ais_tran_task                          0x08002ff8   Section        0  app.o(i.ais_tran_task)
    i.float_task                             0x08003068   Section        0  app.o(i.float_task)
    i.fputc                                  0x08003090   Section        0  uart1.o(i.fputc)
    i.getGPSInfomation                       0x080030ac   Section        0  uart2.o(i.getGPSInfomation)
    i.gps_tran_task                          0x08003164   Section        0  app.o(i.gps_tran_task)
    i.led_task                               0x080032a0   Section        0  app.o(i.led_task)
    i.main                                   0x08003330   Section        0  main.o(i.main)
    i.updataGPSInfoStruct                    0x0800336c   Section        0  uart2.o(i.updataGPSInfoStruct)
    x$fpl$fpinit                             0x080033ce   Section       10  fpinit.o(x$fpl$fpinit)
    $v0                                      0x080033ce   Number         0  fpinit.o(x$fpl$fpinit)
    .constdata                               0x080033d8   Section      256  os_core.o(.constdata)
    .data                                    0x20000000   Section        1  spi.o(.data)
    err                                      0x20000000   Data           1  spi.o(.data)
    .data                                    0x20000004   Section       16  uart1.o(.data)
    GPIO_InitStructure                       0x20000004   Data           8  uart1.o(.data)
    NVIC_InitStructure                       0x2000000c   Data           4  uart1.o(.data)
    .data                                    0x20000014   Section       12  uart2.o(.data)
    GPIO_InitStructure                       0x20000014   Data           8  uart2.o(.data)
    NVIC_InitStructure                       0x2000001c   Data           4  uart2.o(.data)
    .data                                    0x20000020   Section       13  timer2.o(.data)
    NVIC_InitStructure                       0x20000020   Data           4  timer2.o(.data)
    GPIO_InitStructure                       0x20000024   Data           8  timer2.o(.data)
    err                                      0x2000002c   Data           1  timer2.o(.data)
    .data                                    0x20000030   Section       12  app.o(.data)
    float_num                                0x20000038   Data           4  app.o(.data)
    .data                                    0x2000003c   Section       16  stm32f4xx_rcc.o(.data)
    APBAHBPrescTable                         0x2000003c   Data          16  stm32f4xx_rcc.o(.data)
    .data                                    0x2000004c   Section       72  os_core.o(.data)
    .bss                                     0x20000094   Section      100  spi.o(.bss)
    .bss                                     0x200000f8   Section      116  uart1.o(.bss)
    USART_InitStructure                      0x20000120   Data          16  uart1.o(.bss)
    DMA_InitStructure                        0x20000130   Data          60  uart1.o(.bss)
    .bss                                     0x2000016c   Section     2208  uart2.o(.bss)
    USART_InitStructure                      0x200009c0   Data          16  uart2.o(.bss)
    DMA_InitStructure                        0x200009d0   Data          60  uart2.o(.bss)
    .bss                                     0x20000a0c   Section      600  uart3.o(.bss)
    USART_InitStructure                      0x20000c18   Data          16  uart3.o(.bss)
    DMA_InitStructure                        0x20000c28   Data          60  uart3.o(.bss)
    .bss                                     0x20000c64   Section       44  timer2.o(.bss)
    TIM_TimeBaseInitStructure                0x20000c64   Data          12  timer2.o(.bss)
    TIM2_ICInitStructure                     0x20000c70   Data          10  timer2.o(.bss)
    TIM2_OCInitStructure                     0x20000c7c   Data          20  timer2.o(.bss)
    .bss                                     0x20000c90   Section     1792  app.o(.bss)
    .bss                                     0x20001390   Section     2688  os_core.o(.bss)
    .bss                                     0x20001e10   Section       96  libspace.o(.bss)
    HEAP                                     0x20001e70   Section      512  startup_stm32f40_41xxx.o(HEAP)
    Heap_Mem                                 0x20001e70   Data         512  startup_stm32f40_41xxx.o(HEAP)
    STACK                                    0x20002070   Section     1024  startup_stm32f40_41xxx.o(STACK)
    Stack_Mem                                0x20002070   Data        1024  startup_stm32f40_41xxx.o(STACK)
    __initial_sp                             0x20002470   Data           0  startup_stm32f40_41xxx.o(STACK)

    Global Symbols

    Symbol Name                              Value     Ov Type        Size  Object(Section)

    BuildAttributes$$THM_ISAv4$E$P$D$K$B$S$7EM$VFPi3$EXTD16$VFPS$VFMA$PE$A:L22UL41UL21$X:L11$S22US41US21$IEEE1$IW$USESV6$~STKCKD$USESV7$~SHL$OTIME$ROPI$IEEEX$EBA8$UX$STANDARDLIB$REQ8$PRES8$EABIv2 0x00000000   Number         0  anon$$obj.o ABSOLUTE
    __ARM_use_no_argv                        0x00000000   Number         0  main.o ABSOLUTE
    __ARM_exceptions_init                     - Undefined Weak Reference
    __alloca_initialize                       - Undefined Weak Reference
    __arm_preinit_                            - Undefined Weak Reference
    __cpp_initialize__aeabi_                  - Undefined Weak Reference
    __cxa_finalize                            - Undefined Weak Reference
    __sigvec_lookup                           - Undefined Weak Reference
    __user_heap_extent                        - Undefined Weak Reference
    _atexit_init                              - Undefined Weak Reference
    _call_atexit_fns                          - Undefined Weak Reference
    _clock_init                               - Undefined Weak Reference
    _fp_trap_init                             - Undefined Weak Reference
    _fp_trap_shutdown                         - Undefined Weak Reference
    _get_lc_collate                           - Undefined Weak Reference
    _get_lc_ctype                             - Undefined Weak Reference
    _get_lc_monetary                          - Undefined Weak Reference
    _get_lc_time                              - Undefined Weak Reference
    _getenv_init                              - Undefined Weak Reference
    _handle_redirection                       - Undefined Weak Reference
    _initio                                   - Undefined Weak Reference
    _mutex_acquire                            - Undefined Weak Reference
    _mutex_free                               - Undefined Weak Reference
    _mutex_release                            - Undefined Weak Reference
    _printf_mbtowc                            - Undefined Weak Reference
    _printf_post_padding                      - Undefined Weak Reference
    _printf_pre_padding                       - Undefined Weak Reference
    _printf_truncate_signed                   - Undefined Weak Reference
    _printf_truncate_unsigned                 - Undefined Weak Reference
    _signal_finish                            - Undefined Weak Reference
    _signal_init                              - Undefined Weak Reference
    _terminateio                              - Undefined Weak Reference
    __Vectors_Size                           0x00000188   Number         0  startup_stm32f40_41xxx.o ABSOLUTE
    __Vectors                                0x08000000   Data           4  startup_stm32f40_41xxx.o(RESET)
    __Vectors_End                            0x08000188   Data           0  startup_stm32f40_41xxx.o(RESET)
    __main                                   0x08000189   Thumb Code     8  __main.o(!!!main)
    __scatterload                            0x08000191   Thumb Code     0  __scatter.o(!!!scatter)
    __scatterload_rt2                        0x08000191   Thumb Code    44  __scatter.o(!!!scatter)
    __scatterload_rt2_thumb_only             0x08000191   Thumb Code     0  __scatter.o(!!!scatter)
    __scatterload_null                       0x0800019f   Thumb Code     0  __scatter.o(!!!scatter)
    __scatterload_copy                       0x080001c5   Thumb Code    26  __scatter_copy.o(!!handler_copy)
    __scatterload_zeroinit                   0x080001e1   Thumb Code    28  __scatter_zi.o(!!handler_zi)
    _printf_d                                0x080001fd   Thumb Code     0  _printf_d.o(.ARM.Collect$$_printf_percent$$00000009)
    _printf_percent                          0x080001fd   Thumb Code     0  _printf_percent.o(.ARM.Collect$$_printf_percent$$00000000)
    _printf_c                                0x08000203   Thumb Code     0  _printf_c.o(.ARM.Collect$$_printf_percent$$00000013)
    _printf_percent_end                      0x08000209   Thumb Code     0  _printf_percent_end.o(.ARM.Collect$$_printf_percent$$00000017)
    __rt_lib_init                            0x0800020d   Thumb Code     0  libinit.o(.ARM.Collect$$libinit$$00000000)
    __rt_lib_init_fp_1                       0x0800020f   Thumb Code     0  libinit2.o(.ARM.Collect$$libinit$$00000001)
    __rt_lib_init_alloca_1                   0x08000213   Thumb Code     0  libinit2.o(.ARM.Collect$$libinit$$0000002E)
    __rt_lib_init_argv_1                     0x08000213   Thumb Code     0  libinit2.o(.ARM.Collect$$libinit$$0000002C)
    __rt_lib_init_atexit_1                   0x08000213   Thumb Code     0  libinit2.o(.ARM.Collect$$libinit$$0000001B)
    __rt_lib_init_clock_1                    0x08000213   Thumb Code     0  libinit2.o(.ARM.Collect$$libinit$$00000021)
    __rt_lib_init_cpp_1                      0x08000213   Thumb Code     0  libinit2.o(.ARM.Collect$$libinit$$00000032)
    __rt_lib_init_exceptions_1               0x08000213   Thumb Code     0  libinit2.o(.ARM.Collect$$libinit$$00000030)
    __rt_lib_init_fp_trap_1                  0x08000213   Thumb Code     0  libinit2.o(.ARM.Collect$$libinit$$0000001F)
    __rt_lib_init_getenv_1                   0x08000213   Thumb Code     0  libinit2.o(.ARM.Collect$$libinit$$00000023)
    __rt_lib_init_heap_1                     0x08000213   Thumb Code     0  libinit2.o(.ARM.Collect$$libinit$$0000000A)
    __rt_lib_init_lc_collate_1               0x08000213   Thumb Code     0  libinit2.o(.ARM.Collect$$libinit$$00000011)
    __rt_lib_init_lc_ctype_1                 0x08000213   Thumb Code     0  libinit2.o(.ARM.Collect$$libinit$$00000013)
    __rt_lib_init_lc_monetary_1              0x08000213   Thumb Code     0  libinit2.o(.ARM.Collect$$libinit$$00000015)
    __rt_lib_init_lc_numeric_1               0x08000213   Thumb Code     0  libinit2.o(.ARM.Collect$$libinit$$00000017)
    __rt_lib_init_lc_time_1                  0x08000213   Thumb Code     0  libinit2.o(.ARM.Collect$$libinit$$00000019)
    __rt_lib_init_preinit_1                  0x08000213   Thumb Code     0  libinit2.o(.ARM.Collect$$libinit$$00000004)
    __rt_lib_init_rand_1                     0x08000213   Thumb Code     0  libinit2.o(.ARM.Collect$$libinit$$0000000E)
    __rt_lib_init_return                     0x08000213   Thumb Code     0  libinit2.o(.ARM.Collect$$libinit$$00000033)
    __rt_lib_init_signal_1                   0x08000213   Thumb Code     0  libinit2.o(.ARM.Collect$$libinit$$0000001D)
    __rt_lib_init_stdio_1                    0x08000213   Thumb Code     0  libinit2.o(.ARM.Collect$$libinit$$00000025)
    __rt_lib_init_user_alloc_1               0x08000213   Thumb Code     0  libinit2.o(.ARM.Collect$$libinit$$0000000C)
    __rt_lib_shutdown                        0x08000215   Thumb Code     0  libshutdown.o(.ARM.Collect$$libshutdown$$00000000)
    __rt_lib_shutdown_cpp_1                  0x08000217   Thumb Code     0  libshutdown2.o(.ARM.Collect$$libshutdown$$00000002)
    __rt_lib_shutdown_fp_trap_1              0x08000217   Thumb Code     0  libshutdown2.o(.ARM.Collect$$libshutdown$$00000007)
    __rt_lib_shutdown_heap_1                 0x08000217   Thumb Code     0  libshutdown2.o(.ARM.Collect$$libshutdown$$0000000F)
    __rt_lib_shutdown_return                 0x08000217   Thumb Code     0  libshutdown2.o(.ARM.Collect$$libshutdown$$00000010)
    __rt_lib_shutdown_signal_1               0x08000217   Thumb Code     0  libshutdown2.o(.ARM.Collect$$libshutdown$$0000000A)
    __rt_lib_shutdown_stdio_1                0x08000217   Thumb Code     0  libshutdown2.o(.ARM.Collect$$libshutdown$$00000004)
    __rt_lib_shutdown_user_alloc_1           0x08000217   Thumb Code     0  libshutdown2.o(.ARM.Collect$$libshutdown$$0000000C)
    __rt_entry                               0x08000219   Thumb Code     0  __rtentry.o(.ARM.Collect$$rtentry$$00000000)
    __rt_entry_presh_1                       0x08000219   Thumb Code     0  __rtentry2.o(.ARM.Collect$$rtentry$$00000002)
    __rt_entry_sh                            0x08000219   Thumb Code     0  __rtentry4.o(.ARM.Collect$$rtentry$$00000004)
    __rt_entry_li                            0x0800021f   Thumb Code     0  __rtentry2.o(.ARM.Collect$$rtentry$$0000000A)
    __rt_entry_postsh_1                      0x0800021f   Thumb Code     0  __rtentry2.o(.ARM.Collect$$rtentry$$00000009)
    __rt_entry_main                          0x08000223   Thumb Code     0  __rtentry2.o(.ARM.Collect$$rtentry$$0000000D)
    __rt_entry_postli_1                      0x08000223   Thumb Code     0  __rtentry2.o(.ARM.Collect$$rtentry$$0000000C)
    __rt_exit                                0x0800022b   Thumb Code     0  rtexit.o(.ARM.Collect$$rtexit$$00000000)
    __rt_exit_ls                             0x0800022d   Thumb Code     0  rtexit2.o(.ARM.Collect$$rtexit$$00000003)
    __rt_exit_prels_1                        0x0800022d   Thumb Code     0  rtexit2.o(.ARM.Collect$$rtexit$$00000002)
    __rt_exit_exit                           0x08000231   Thumb Code     0  rtexit2.o(.ARM.Collect$$rtexit$$00000004)
    Reset_Handler                            0x08000239   Thumb Code     8  startup_stm32f40_41xxx.o(.text)
    ADC_IRQHandler                           0x08000253   Thumb Code     0  startup_stm32f40_41xxx.o(.text)
    CAN1_RX0_IRQHandler                      0x08000253   Thumb Code     0  startup_stm32f40_41xxx.o(.text)
    CAN1_RX1_IRQHandler                      0x08000253   Thumb Code     0  startup_stm32f40_41xxx.o(.text)
    CAN1_SCE_IRQHandler                      0x08000253   Thumb Code     0  startup_stm32f40_41xxx.o(.text)
    CAN1_TX_IRQHandler                       0x08000253   Thumb Code     0  startup_stm32f40_41xxx.o(.text)
    CAN2_RX0_IRQHandler                      0x08000253   Thumb Code     0  startup_stm32f40_41xxx.o(.text)
    CAN2_RX1_IRQHandler                      0x08000253   Thumb Code     0  startup_stm32f40_41xxx.o(.text)
    CAN2_SCE_IRQHandler                      0x08000253   Thumb Code     0  startup_stm32f40_41xxx.o(.text)
    CAN2_TX_IRQHandler                       0x08000253   Thumb Code     0  startup_stm32f40_41xxx.o(.text)
    CRYP_IRQHandler                          0x08000253   Thumb Code     0  startup_stm32f40_41xxx.o(.text)
    DCMI_IRQHandler                          0x08000253   Thumb Code     0  startup_stm32f40_41xxx.o(.text)
    DMA1_Stream0_IRQHandler                  0x08000253   Thumb Code     0  startup_stm32f40_41xxx.o(.text)
    DMA1_Stream1_IRQHandler                  0x08000253   Thumb Code     0  startup_stm32f40_41xxx.o(.text)
    DMA1_Stream2_IRQHandler                  0x08000253   Thumb Code     0  startup_stm32f40_41xxx.o(.text)
    DMA1_Stream4_IRQHandler                  0x08000253   Thumb Code     0  startup_stm32f40_41xxx.o(.text)
    DMA1_Stream5_IRQHandler                  0x08000253   Thumb Code     0  startup_stm32f40_41xxx.o(.text)
    DMA1_Stream6_IRQHandler                  0x08000253   Thumb Code     0  startup_stm32f40_41xxx.o(.text)
    DMA1_Stream7_IRQHandler                  0x08000253   Thumb Code     0  startup_stm32f40_41xxx.o(.text)
    DMA2_Stream0_IRQHandler                  0x08000253   Thumb Code     0  startup_stm32f40_41xxx.o(.text)
    DMA2_Stream1_IRQHandler                  0x08000253   Thumb Code     0  startup_stm32f40_41xxx.o(.text)
    DMA2_Stream2_IRQHandler                  0x08000253   Thumb Code     0  startup_stm32f40_41xxx.o(.text)
    DMA2_Stream3_IRQHandler                  0x08000253   Thumb Code     0  startup_stm32f40_41xxx.o(.text)
    DMA2_Stream4_IRQHandler                  0x08000253   Thumb Code     0  startup_stm32f40_41xxx.o(.text)
    DMA2_Stream5_IRQHandler                  0x08000253   Thumb Code     0  startup_stm32f40_41xxx.o(.text)
    DMA2_Stream6_IRQHandler                  0x08000253   Thumb Code     0  startup_stm32f40_41xxx.o(.text)
    DMA2_Stream7_IRQHandler                  0x08000253   Thumb Code     0  startup_stm32f40_41xxx.o(.text)
    ETH_IRQHandler                           0x08000253   Thumb Code     0  startup_stm32f40_41xxx.o(.text)
    ETH_WKUP_IRQHandler                      0x08000253   Thumb Code     0  startup_stm32f40_41xxx.o(.text)
    EXTI0_IRQHandler                         0x08000253   Thumb Code     0  startup_stm32f40_41xxx.o(.text)
    EXTI15_10_IRQHandler                     0x08000253   Thumb Code     0  startup_stm32f40_41xxx.o(.text)
    EXTI1_IRQHandler                         0x08000253   Thumb Code     0  startup_stm32f40_41xxx.o(.text)
    EXTI2_IRQHandler                         0x08000253   Thumb Code     0  startup_stm32f40_41xxx.o(.text)
    EXTI3_IRQHandler                         0x08000253   Thumb Code     0  startup_stm32f40_41xxx.o(.text)
    EXTI4_IRQHandler                         0x08000253   Thumb Code     0  startup_stm32f40_41xxx.o(.text)
    EXTI9_5_IRQHandler                       0x08000253   Thumb Code     0  startup_stm32f40_41xxx.o(.text)
    FLASH_IRQHandler                         0x08000253   Thumb Code     0  startup_stm32f40_41xxx.o(.text)
    FPU_IRQHandler                           0x08000253   Thumb Code     0  startup_stm32f40_41xxx.o(.text)
    FSMC_IRQHandler                          0x08000253   Thumb Code     0  startup_stm32f40_41xxx.o(.text)
    HASH_RNG_IRQHandler                      0x08000253   Thumb Code     0  startup_stm32f40_41xxx.o(.text)
    I2C1_ER_IRQHandler                       0x08000253   Thumb Code     0  startup_stm32f40_41xxx.o(.text)
    I2C1_EV_IRQHandler                       0x08000253   Thumb Code     0  startup_stm32f40_41xxx.o(.text)
    I2C2_ER_IRQHandler                       0x08000253   Thumb Code     0  startup_stm32f40_41xxx.o(.text)
    I2C2_EV_IRQHandler                       0x08000253   Thumb Code     0  startup_stm32f40_41xxx.o(.text)
    I2C3_ER_IRQHandler                       0x08000253   Thumb Code     0  startup_stm32f40_41xxx.o(.text)
    I2C3_EV_IRQHandler                       0x08000253   Thumb Code     0  startup_stm32f40_41xxx.o(.text)
    OTG_FS_IRQHandler                        0x08000253   Thumb Code     0  startup_stm32f40_41xxx.o(.text)
    OTG_FS_WKUP_IRQHandler                   0x08000253   Thumb Code     0  startup_stm32f40_41xxx.o(.text)
    OTG_HS_EP1_IN_IRQHandler                 0x08000253   Thumb Code     0  startup_stm32f40_41xxx.o(.text)
    OTG_HS_EP1_OUT_IRQHandler                0x08000253   Thumb Code     0  startup_stm32f40_41xxx.o(.text)
    OTG_HS_IRQHandler                        0x08000253   Thumb Code     0  startup_stm32f40_41xxx.o(.text)
    OTG_HS_WKUP_IRQHandler                   0x08000253   Thumb Code     0  startup_stm32f40_41xxx.o(.text)
    PVD_IRQHandler                           0x08000253   Thumb Code     0  startup_stm32f40_41xxx.o(.text)
    RCC_IRQHandler                           0x08000253   Thumb Code     0  startup_stm32f40_41xxx.o(.text)
    RTC_Alarm_IRQHandler                     0x08000253   Thumb Code     0  startup_stm32f40_41xxx.o(.text)
    RTC_WKUP_IRQHandler                      0x08000253   Thumb Code     0  startup_stm32f40_41xxx.o(.text)
    SDIO_IRQHandler                          0x08000253   Thumb Code     0  startup_stm32f40_41xxx.o(.text)
    SPI1_IRQHandler                          0x08000253   Thumb Code     0  startup_stm32f40_41xxx.o(.text)
    SPI2_IRQHandler                          0x08000253   Thumb Code     0  startup_stm32f40_41xxx.o(.text)
    SPI3_IRQHandler                          0x08000253   Thumb Code     0  startup_stm32f40_41xxx.o(.text)
    TAMP_STAMP_IRQHandler                    0x08000253   Thumb Code     0  startup_stm32f40_41xxx.o(.text)
    TIM1_BRK_TIM9_IRQHandler                 0x08000253   Thumb Code     0  startup_stm32f40_41xxx.o(.text)
    TIM1_CC_IRQHandler                       0x08000253   Thumb Code     0  startup_stm32f40_41xxx.o(.text)
    TIM1_TRG_COM_TIM11_IRQHandler            0x08000253   Thumb Code     0  startup_stm32f40_41xxx.o(.text)
    TIM1_UP_TIM10_IRQHandler                 0x08000253   Thumb Code     0  startup_stm32f40_41xxx.o(.text)
    TIM3_IRQHandler                          0x08000253   Thumb Code     0  startup_stm32f40_41xxx.o(.text)
    TIM4_IRQHandler                          0x08000253   Thumb Code     0  startup_stm32f40_41xxx.o(.text)
    TIM5_IRQHandler                          0x08000253   Thumb Code     0  startup_stm32f40_41xxx.o(.text)
    TIM6_DAC_IRQHandler                      0x08000253   Thumb Code     0  startup_stm32f40_41xxx.o(.text)
    TIM7_IRQHandler                          0x08000253   Thumb Code     0  startup_stm32f40_41xxx.o(.text)
    TIM8_BRK_TIM12_IRQHandler                0x08000253   Thumb Code     0  startup_stm32f40_41xxx.o(.text)
    TIM8_CC_IRQHandler                       0x08000253   Thumb Code     0  startup_stm32f40_41xxx.o(.text)
    TIM8_TRG_COM_TIM14_IRQHandler            0x08000253   Thumb Code     0  startup_stm32f40_41xxx.o(.text)
    TIM8_UP_TIM13_IRQHandler                 0x08000253   Thumb Code     0  startup_stm32f40_41xxx.o(.text)
    UART4_IRQHandler                         0x08000253   Thumb Code     0  startup_stm32f40_41xxx.o(.text)
    UART5_IRQHandler                         0x08000253   Thumb Code     0  startup_stm32f40_41xxx.o(.text)
    USART6_IRQHandler                        0x08000253   Thumb Code     0  startup_stm32f40_41xxx.o(.text)
    WWDG_IRQHandler                          0x08000253   Thumb Code     0  startup_stm32f40_41xxx.o(.text)
    __user_initial_stackheap                 0x08000255   Thumb Code     0  startup_stm32f40_41xxx.o(.text)
    OS_CPU_SR_Save                           0x08000279   Thumb Code     0  os_cpu_a.o(.text)
    OS_CPU_SR_Restore                        0x08000281   Thumb Code     0  os_cpu_a.o(.text)
    OSStartHighRdy                           0x08000287   Thumb Code     0  os_cpu_a.o(.text)
    OSCtxSw                                  0x080002ab   Thumb Code     0  os_cpu_a.o(.text)
    OSIntCtxSw                               0x080002b9   Thumb Code     0  os_cpu_a.o(.text)
    PendSV_Handler                           0x080002c9   Thumb Code     0  os_cpu_a.o(.text)
    __2printf                                0x08000341   Thumb Code    20  noretval__2printf.o(.text)
    __printf                                 0x08000359   Thumb Code   104  __printf.o(.text)
    _printf_str                              0x080003c1   Thumb Code    82  _printf_str.o(.text)
    _printf_int_dec                          0x08000415   Thumb Code   104  _printf_dec.o(.text)
    __use_two_region_memory                  0x0800048d   Thumb Code     2  heapauxi.o(.text)
    __rt_heap_escrow                         0x0800048f   Thumb Code     2  heapauxi.o(.text)
    __rt_heap_expand                         0x08000491   Thumb Code     2  heapauxi.o(.text)
    _printf_int_common                       0x08000493   Thumb Code   178  _printf_intcommon.o(.text)
    _printf_cs_common                        0x08000545   Thumb Code    20  _printf_char.o(.text)
    _printf_char                             0x08000559   Thumb Code    16  _printf_char.o(.text)
    _printf_string                           0x08000569   Thumb Code     8  _printf_char.o(.text)
    _printf_char_file                        0x08000571   Thumb Code    32  _printf_char_file.o(.text)
    __user_libspace                          0x08000595   Thumb Code     8  libspace.o(.text)
    __user_perproc_libspace                  0x08000595   Thumb Code     0  libspace.o(.text)
    __user_perthread_libspace                0x08000595   Thumb Code     0  libspace.o(.text)
    _printf_char_common                      0x080005a7   Thumb Code    32  _printf_char_common.o(.text)
    ferror                                   0x080005cd   Thumb Code     8  ferror.o(.text)
    __user_setup_stackheap                   0x080005d5   Thumb Code    74  sys_stackheap_outer.o(.text)
    exit                                     0x0800061f   Thumb Code    18  exit.o(.text)
    App_TaskStart                            0x08000631   Thumb Code    84  app.o(i.App_TaskStart)
    BusFault_Handler                         0x080006ad   Thumb Code     4  stm32f4xx_it.o(i.BusFault_Handler)
    DMA1_Stream3_IRQHandler                  0x080006b1   Thumb Code    36  spi.o(i.DMA1_Stream3_IRQHandler)
    DMA_ClearITPendingBit                    0x080006e5   Thumb Code    38  stm32f4xx_dma.o(i.DMA_ClearITPendingBit)
    DMA_Cmd                                  0x08000719   Thumb Code    22  stm32f4xx_dma.o(i.DMA_Cmd)
    DMA_DeInit                               0x08000731   Thumb Code   324  stm32f4xx_dma.o(i.DMA_DeInit)
    DMA_GetCurrDataCounter                   0x08000889   Thumb Code     8  stm32f4xx_dma.o(i.DMA_GetCurrDataCounter)
    DMA_GetCurrentMemoryTarget               0x08000891   Thumb Code    20  stm32f4xx_dma.o(i.DMA_GetCurrentMemoryTarget)
    DMA_GetITStatus                          0x080008a5   Thumb Code    82  stm32f4xx_dma.o(i.DMA_GetITStatus)
    DMA_Init                                 0x08000909   Thumb Code    82  stm32f4xx_dma.o(i.DMA_Init)
    DMA_SetCurrDataCounter                   0x08000961   Thumb Code     4  stm32f4xx_dma.o(i.DMA_SetCurrDataCounter)
    DebugMon_Handler                         0x08000965   Thumb Code     2  stm32f4xx_it.o(i.DebugMon_Handler)
    GPIO_Init                                0x08000967   Thumb Code   144  stm32f4xx_gpio.o(i.GPIO_Init)
    GPIO_PinAFConfig                         0x080009f7   Thumb Code    70  stm32f4xx_gpio.o(i.GPIO_PinAFConfig)
    GPIO_ResetBits                           0x08000a3d   Thumb Code     4  stm32f4xx_gpio.o(i.GPIO_ResetBits)
    GPIO_SetBits                             0x08000a41   Thumb Code     4  stm32f4xx_gpio.o(i.GPIO_SetBits)
    Get_GPS_RMCMsg                           0x08000a45   Thumb Code  1096  uart2.o(i.Get_GPS_RMCMsg)
    HardFault_Handler                        0x08000e8d   Thumb Code     4  stm32f4xx_it.o(i.HardFault_Handler)
    LED_Init                                 0x08000e91   Thumb Code    82  led.o(i.LED_Init)
    MemManage_Handler                        0x08000ee9   Thumb Code     4  stm32f4xx_it.o(i.MemManage_Handler)
    NMI_Handler                              0x08000eed   Thumb Code     2  stm32f4xx_it.o(i.NMI_Handler)
    NVIC_Init                                0x08000ef1   Thumb Code   106  misc.o(i.NVIC_Init)
    NVIC_PriorityGroupConfig                 0x08000f69   Thumb Code    10  misc.o(i.NVIC_PriorityGroupConfig)
    OSFlagCreate                             0x08000f7d   Thumb Code    86  os_flag.o(i.OSFlagCreate)
    OSFlagPend                               0x08000fe1   Thumb Code   584  os_flag.o(i.OSFlagPend)
    OSFlagPost                               0x08001235   Thumb Code   312  os_flag.o(i.OSFlagPost)
    OSInit                                   0x0800136d   Thumb Code    44  os_core.o(i.OSInit)
    OSInitHookBegin                          0x08001399   Thumb Code     2  os_cpu_c.o(i.OSInitHookBegin)
    OSInitHookEnd                            0x0800139b   Thumb Code     2  os_cpu_c.o(i.OSInitHookEnd)
    OSIntEnter                               0x0800139d   Thumb Code    28  os_core.o(i.OSIntEnter)
    OSIntExit                                0x080013c1   Thumb Code   112  os_core.o(i.OSIntExit)
    OSStart                                  0x08001451   Thumb Code    48  os_core.o(i.OSStart)
    OSTCBInitHook                            0x08001499   Thumb Code     2  os_cpu_c.o(i.OSTCBInitHook)
    OSTaskCreate                             0x0800149d   Thumb Code   148  os_task.o(i.OSTaskCreate)
    OSTaskCreateExt                          0x0800153d   Thumb Code   170  os_task.o(i.OSTaskCreateExt)
    OSTaskCreateHook                         0x080015f5   Thumb Code     2  os_cpu_c.o(i.OSTaskCreateHook)
    OSTaskDel                                0x080015f9   Thumb Code   294  os_task.o(i.OSTaskDel)
    OSTaskDelHook                            0x0800174d   Thumb Code     2  os_cpu_c.o(i.OSTaskDelHook)
    OSTaskIdleHook                           0x0800174f   Thumb Code     2  os_cpu_c.o(i.OSTaskIdleHook)
    OSTaskNameSet                            0x08001751   Thumb Code    98  os_task.o(i.OSTaskNameSet)
    OSTaskReturnHook                         0x080017c1   Thumb Code     2  os_cpu_c.o(i.OSTaskReturnHook)
    OSTaskStatHook                           0x080017c3   Thumb Code     2  os_cpu_c.o(i.OSTaskStatHook)
    OSTaskStkChk                             0x080017c5   Thumb Code   132  os_task.o(i.OSTaskStkChk)
    OSTaskStkInit                            0x08001851   Thumb Code   426  os_cpu_c.o(i.OSTaskStkInit)
    OSTaskSuspend                            0x08001a01   Thumb Code   152  os_task.o(i.OSTaskSuspend)
    OSTaskSwHook                             0x08001aa9   Thumb Code     2  os_cpu_c.o(i.OSTaskSwHook)
    OSTimeDly                                0x08001aad   Thumb Code   100  os_time.o(i.OSTimeDly)
    OSTimeTick                               0x08001b25   Thumb Code   210  os_core.o(i.OSTimeTick)
    OSTimeTickHook                           0x08001c11   Thumb Code     2  os_cpu_c.o(i.OSTimeTickHook)
    OS_Dummy                                 0x08001c13   Thumb Code     2  os_core.o(i.OS_Dummy)
    OS_EventTaskRemove                       0x08001c15   Thumb Code    42  os_core.o(i.OS_EventTaskRemove)
    OS_FlagInit                              0x08001ce5   Thumb Code    74  os_flag.o(i.OS_FlagInit)
    OS_FlagUnlink                            0x08001d99   Thumb Code    36  os_flag.o(i.OS_FlagUnlink)
    OS_MemClr                                0x08001fc9   Thumb Code    18  os_core.o(i.OS_MemClr)
    OS_QInit                                 0x08001fdd   Thumb Code    72  os_q.o(i.OS_QInit)
    OS_Sched                                 0x0800202d   Thumb Code    88  os_core.o(i.OS_Sched)
    OS_TCBInit                               0x080020cd   Thumb Code   278  os_core.o(i.OS_TCBInit)
    OS_TaskIdle                              0x08002201   Thumb Code    34  os_core.o(i.OS_TaskIdle)
    OS_TaskReturn                            0x08002229   Thumb Code    18  os_task.o(i.OS_TaskReturn)
    OS_TaskStat                              0x08002241   Thumb Code   116  os_core.o(i.OS_TaskStat)
    OS_TaskStatStkChk                        0x080022c9   Thumb Code    54  os_core.o(i.OS_TaskStatStkChk)
    OS_TaskStkClr                            0x08002305   Thumb Code    26  os_task.o(i.OS_TaskStkClr)
    Putc_UART1                               0x08002321   Thumb Code    28  uart1.o(i.Putc_UART1)
    RCC_AHB1PeriphClockCmd                   0x08002341   Thumb Code    26  stm32f4xx_rcc.o(i.RCC_AHB1PeriphClockCmd)
    RCC_APB1PeriphClockCmd                   0x08002361   Thumb Code    26  stm32f4xx_rcc.o(i.RCC_APB1PeriphClockCmd)
    RCC_APB2PeriphClockCmd                   0x08002381   Thumb Code    26  stm32f4xx_rcc.o(i.RCC_APB2PeriphClockCmd)
    RCC_GetClocksFreq                        0x080023a1   Thumb Code   214  stm32f4xx_rcc.o(i.RCC_GetClocksFreq)
    SVC_Handler                              0x08002489   Thumb Code     2  stm32f4xx_it.o(i.SVC_Handler)
    SysTick_CLKSourceConfig                  0x08002579   Thumb Code    40  misc.o(i.SysTick_CLKSourceConfig)
    SysTick_Handler                          0x080025a1   Thumb Code    16  stm32f4xx_it.o(i.SysTick_Handler)
    SystemInit                               0x080025b1   Thumb Code    88  system_stm32f4xx.o(i.SystemInit)
    Systick_Init                             0x08002619   Thumb Code    56  main.o(i.Systick_Init)
    TIM2_IRQHandler                          0x08002775   Thumb Code    50  timer2.o(i.TIM2_IRQHandler)
    TIM2_Int_Init                            0x080027c1   Thumb Code   200  timer2.o(i.TIM2_Int_Init)
    TIM_ClearITPendingBit                    0x080028a1   Thumb Code     6  stm32f4xx_tim.o(i.TIM_ClearITPendingBit)
    TIM_Cmd                                  0x080028a7   Thumb Code    24  stm32f4xx_tim.o(i.TIM_Cmd)
    TIM_GetITStatus                          0x080028bf   Thumb Code    34  stm32f4xx_tim.o(i.TIM_GetITStatus)
    TIM_ICInit                               0x080028e1   Thumb Code   110  stm32f4xx_tim.o(i.TIM_ICInit)
    TIM_ITConfig                             0x0800294f   Thumb Code    18  stm32f4xx_tim.o(i.TIM_ITConfig)
    TIM_OC2Init                              0x08002961   Thumb Code   154  stm32f4xx_tim.o(i.TIM_OC2Init)
    TIM_SelectInputTrigger                   0x08002a05   Thumb Code    18  stm32f4xx_tim.o(i.TIM_SelectInputTrigger)
    TIM_SelectMasterSlaveMode                0x08002a17   Thumb Code    18  stm32f4xx_tim.o(i.TIM_SelectMasterSlaveMode)
    TIM_SelectSlaveMode                      0x08002a29   Thumb Code    18  stm32f4xx_tim.o(i.TIM_SelectSlaveMode)
    TIM_SetIC1Prescaler                      0x08002a3b   Thumb Code    18  stm32f4xx_tim.o(i.TIM_SetIC1Prescaler)
    TIM_SetIC2Prescaler                      0x08002a4d   Thumb Code    26  stm32f4xx_tim.o(i.TIM_SetIC2Prescaler)
    TIM_SetIC3Prescaler                      0x08002a67   Thumb Code    18  stm32f4xx_tim.o(i.TIM_SetIC3Prescaler)
    TIM_SetIC4Prescaler                      0x08002a79   Thumb Code    26  stm32f4xx_tim.o(i.TIM_SetIC4Prescaler)
    TIM_TimeBaseInit                         0x08002a95   Thumb Code   104  stm32f4xx_tim.o(i.TIM_TimeBaseInit)
    UART1_Config                             0x08002b19   Thumb Code   246  uart1.o(i.UART1_Config)
    UART2_Config                             0x08002c31   Thumb Code   210  uart2.o(i.UART2_Config)
    USART1_IRQHandler                        0x08002d21   Thumb Code    90  uart1.o(i.USART1_IRQHandler)
    USART2_IRQHandler                        0x08002d95   Thumb Code    46  uart2.o(i.USART2_IRQHandler)
    USART3_IRQHandler                        0x08002dd5   Thumb Code    92  uart3.o(i.USART3_IRQHandler)
    USART_Cmd                                0x08002e49   Thumb Code    24  stm32f4xx_usart.o(i.USART_Cmd)
    USART_DMACmd                             0x08002e61   Thumb Code    18  stm32f4xx_usart.o(i.USART_DMACmd)
    USART_GetITStatus                        0x08002e73   Thumb Code    84  stm32f4xx_usart.o(i.USART_GetITStatus)
    USART_ITConfig                           0x08002ec7   Thumb Code    74  stm32f4xx_usart.o(i.USART_ITConfig)
    USART_Init                               0x08002f11   Thumb Code   204  stm32f4xx_usart.o(i.USART_Init)
    USART_SendData                           0x08002fe5   Thumb Code     8  stm32f4xx_usart.o(i.USART_SendData)
    UsageFault_Handler                       0x08002fed   Thumb Code     4  stm32f4xx_it.o(i.UsageFault_Handler)
    _sys_exit                                0x08002ff1   Thumb Code     6  uart1.o(i._sys_exit)
    ais_tran_task                            0x08002ff9   Thumb Code    94  app.o(i.ais_tran_task)
    float_task                               0x08003069   Thumb Code    32  app.o(i.float_task)
    fputc                                    0x08003091   Thumb Code    22  uart1.o(i.fputc)
    getGPSInfomation                         0x080030ad   Thumb Code   184  uart2.o(i.getGPSInfomation)
    gps_tran_task                            0x08003165   Thumb Code   272  app.o(i.gps_tran_task)
    led_task                                 0x080032a1   Thumb Code   140  app.o(i.led_task)
    main                                     0x08003331   Thumb Code    54  main.o(i.main)
    updataGPSInfoStruct                      0x0800336d   Thumb Code    98  uart2.o(i.updataGPSInfoStruct)
    _fp_init                                 0x080033cf   Thumb Code    10  fpinit.o(x$fpl$fpinit)
    __fplib_config_fpu_vfp                   0x080033d7   Thumb Code     0  fpinit.o(x$fpl$fpinit)
    __fplib_config_pureend_doubles           0x080033d7   Thumb Code     0  fpinit.o(x$fpl$fpinit)
    OSUnMapTbl                               0x080033d8   Data         256  os_core.o(.constdata)
    Region$$Table$$Base                      0x080034d8   Number         0  anon$$obj.o(Region$$Table)
    Region$$Table$$Limit                     0x080034f8   Number         0  anon$$obj.o(Region$$Table)
    __stdout                                 0x20000010   Data           4  uart1.o(.data)
    AIS_FLAG                                 0x20000030   Data           4  app.o(.data)
    GPS_FLAG                                 0x20000034   Data           4  app.o(.data)
    OSCtxSwCtr                               0x2000004c   Data           4  os_core.o(.data)
    OSEventFreeList                          0x20000050   Data           4  os_core.o(.data)
    OSFlagFreeList                           0x20000054   Data           4  os_core.o(.data)
    OSCPUUsage                               0x20000058   Data           1  os_core.o(.data)
    OSIdleCtrMax                             0x2000005c   Data           4  os_core.o(.data)
    OSIdleCtrRun                             0x20000060   Data           4  os_core.o(.data)
    OSStatRdy                                0x20000064   Data           1  os_core.o(.data)
    OSIntNesting                             0x20000065   Data           1  os_core.o(.data)
    OSLockNesting                            0x20000066   Data           1  os_core.o(.data)
    OSPrioCur                                0x20000067   Data           1  os_core.o(.data)
    OSPrioHighRdy                            0x20000068   Data           1  os_core.o(.data)
    OSRdyGrp                                 0x20000069   Data           1  os_core.o(.data)
    OSRdyTbl                                 0x2000006a   Data           8  os_core.o(.data)
    OSRunning                                0x20000072   Data           1  os_core.o(.data)
    OSTaskCtr                                0x20000073   Data           1  os_core.o(.data)
    OSIdleCtr                                0x20000074   Data           4  os_core.o(.data)
    OSTCBCur                                 0x20000078   Data           4  os_core.o(.data)
    OSTCBFreeList                            0x2000007c   Data           4  os_core.o(.data)
    OSTCBHighRdy                             0x20000080   Data           4  os_core.o(.data)
    OSTCBList                                0x20000084   Data           4  os_core.o(.data)
    OSTickStepState                          0x20000088   Data           1  os_core.o(.data)
    OSQFreeList                              0x2000008c   Data           4  os_core.o(.data)
    OSTime                                   0x20000090   Data           4  os_core.o(.data)
    SPI2_RX0                                 0x20000094   Data          50  spi.o(.bss)
    SPI2_RX1                                 0x200000c6   Data          50  spi.o(.bss)
    Uart1_Rx1                                0x200000f8   Data          20  uart1.o(.bss)
    Uart1_Rx2                                0x2000010c   Data          20  uart1.o(.bss)
    Uart2_GPS1                               0x2000016c   Data        1024  uart2.o(.bss)
    Uart2_GPS2                               0x2000056c   Data        1024  uart2.o(.bss)
    gps_infoStruct                           0x2000096c   Data          44  uart2.o(.bss)
    gps_RMCMsgStruct                         0x20000998   Data          40  uart2.o(.bss)
    Uart3_Rx1                                0x20000a0c   Data          20  uart3.o(.bss)
    Uart3_Rx2                                0x20000a20   Data          20  uart3.o(.bss)
    ais_staticDataStruct                     0x20000a34   Data         216  uart3.o(.bss)
    ais_bbmMsgStruct                         0x20000b0c   Data         266  uart3.o(.bss)
    LED_TASK_STK                             0x20000c90   Data         256  app.o(.bss)
    FLOAT_TASK_STK                           0x20000d90   Data         512  app.o(.bss)
    AIS_TASK_STK                             0x20000f90   Data         512  app.o(.bss)
    GPS_TASK_STK                             0x20001190   Data         512  app.o(.bss)
    OSEventTbl                               0x20001390   Data         200  os_core.o(.bss)
    OSFlagTbl                                0x20001458   Data          80  os_core.o(.bss)
    OSTaskStatStk                            0x200014a8   Data         512  os_core.o(.bss)
    OSTaskIdleStk                            0x200016a8   Data         512  os_core.o(.bss)
    OSTCBPrioTbl                             0x200018a8   Data         256  os_core.o(.bss)
    OSTCBTbl                                 0x200019a8   Data        1008  os_core.o(.bss)
    OSQTbl                                   0x20001d98   Data         120  os_core.o(.bss)
    __libspace_start                         0x20001e10   Data          96  libspace.o(.bss)
    __temporary_stack_top$libspace           0x20001e70   Data           0  libspace.o(.bss)



==============================================================================

Memory Map of the image

  Image Entry point : 0x08000189

  Load Region LR_IROM1 (Base: 0x08000000, Size: 0x0000358c, Max: 0x00080000, ABSOLUTE)

    Execution Region ER_IROM1 (Base: 0x08000000, Size: 0x000034f8, Max: 0x00080000, ABSOLUTE)

    Base Addr    Size         Type   Attr      Idx    E Section Name        Object

    0x08000000   0x00000188   Data   RO          321    RESET               startup_stm32f40_41xxx.o
    0x08000188   0x00000008   Code   RO         6033  * !!!main             c_w.l(__main.o)
    0x08000190   0x00000034   Code   RO         6424    !!!scatter          c_w.l(__scatter.o)
    0x080001c4   0x0000001a   Code   RO         6426    !!handler_copy      c_w.l(__scatter_copy.o)
    0x080001de   0x00000002   PAD
    0x080001e0   0x0000001c   Code   RO         6428    !!handler_zi        c_w.l(__scatter_zi.o)
    0x080001fc   0x00000000   Code   RO         6021    .ARM.Collect$$_printf_percent$$00000000  c_w.l(_printf_percent.o)
    0x080001fc   0x00000006   Code   RO         6019    .ARM.Collect$$_printf_percent$$00000009  c_w.l(_printf_d.o)
    0x08000202   0x00000006   Code   RO         6016    .ARM.Collect$$_printf_percent$$00000013  c_w.l(_printf_c.o)
    0x08000208   0x00000004   Code   RO         6130    .ARM.Collect$$_printf_percent$$00000017  c_w.l(_printf_percent_end.o)
    0x0800020c   0x00000002   Code   RO         6365    .ARM.Collect$$libinit$$00000000  c_w.l(libinit.o)
    0x0800020e   0x00000004   Code   RO         6135    .ARM.Collect$$libinit$$00000001  c_w.l(libinit2.o)
    0x08000212   0x00000000   Code   RO         6138    .ARM.Collect$$libinit$$00000004  c_w.l(libinit2.o)
    0x08000212   0x00000000   Code   RO         6141    .ARM.Collect$$libinit$$0000000A  c_w.l(libinit2.o)
    0x08000212   0x00000000   Code   RO         6143    .ARM.Collect$$libinit$$0000000C  c_w.l(libinit2.o)
    0x08000212   0x00000000   Code   RO         6145    .ARM.Collect$$libinit$$0000000E  c_w.l(libinit2.o)
    0x08000212   0x00000000   Code   RO         6148    .ARM.Collect$$libinit$$00000011  c_w.l(libinit2.o)
    0x08000212   0x00000000   Code   RO         6150    .ARM.Collect$$libinit$$00000013  c_w.l(libinit2.o)
    0x08000212   0x00000000   Code   RO         6152    .ARM.Collect$$libinit$$00000015  c_w.l(libinit2.o)
    0x08000212   0x00000000   Code   RO         6154    .ARM.Collect$$libinit$$00000017  c_w.l(libinit2.o)
    0x08000212   0x00000000   Code   RO         6156    .ARM.Collect$$libinit$$00000019  c_w.l(libinit2.o)
    0x08000212   0x00000000   Code   RO         6158    .ARM.Collect$$libinit$$0000001B  c_w.l(libinit2.o)
    0x08000212   0x00000000   Code   RO         6160    .ARM.Collect$$libinit$$0000001D  c_w.l(libinit2.o)
    0x08000212   0x00000000   Code   RO         6162    .ARM.Collect$$libinit$$0000001F  c_w.l(libinit2.o)
    0x08000212   0x00000000   Code   RO         6164    .ARM.Collect$$libinit$$00000021  c_w.l(libinit2.o)
    0x08000212   0x00000000   Code   RO         6166    .ARM.Collect$$libinit$$00000023  c_w.l(libinit2.o)
    0x08000212   0x00000000   Code   RO         6168    .ARM.Collect$$libinit$$00000025  c_w.l(libinit2.o)
    0x08000212   0x00000000   Code   RO         6172    .ARM.Collect$$libinit$$0000002C  c_w.l(libinit2.o)
    0x08000212   0x00000000   Code   RO         6174    .ARM.Collect$$libinit$$0000002E  c_w.l(libinit2.o)
    0x08000212   0x00000000   Code   RO         6176    .ARM.Collect$$libinit$$00000030  c_w.l(libinit2.o)
    0x08000212   0x00000000   Code   RO         6178    .ARM.Collect$$libinit$$00000032  c_w.l(libinit2.o)
    0x08000212   0x00000002   Code   RO         6179    .ARM.Collect$$libinit$$00000033  c_w.l(libinit2.o)
    0x08000214   0x00000002   Code   RO         6421    .ARM.Collect$$libshutdown$$00000000  c_w.l(libshutdown.o)
    0x08000216   0x00000000   Code   RO         6377    .ARM.Collect$$libshutdown$$00000002  c_w.l(libshutdown2.o)
    0x08000216   0x00000000   Code   RO         6379    .ARM.Collect$$libshutdown$$00000004  c_w.l(libshutdown2.o)
    0x08000216   0x00000000   Code   RO         6382    .ARM.Collect$$libshutdown$$00000007  c_w.l(libshutdown2.o)
    0x08000216   0x00000000   Code   RO         6385    .ARM.Collect$$libshutdown$$0000000A  c_w.l(libshutdown2.o)
    0x08000216   0x00000000   Code   RO         6387    .ARM.Collect$$libshutdown$$0000000C  c_w.l(libshutdown2.o)
    0x08000216   0x00000000   Code   RO         6390    .ARM.Collect$$libshutdown$$0000000F  c_w.l(libshutdown2.o)
    0x08000216   0x00000002   Code   RO         6391    .ARM.Collect$$libshutdown$$00000010  c_w.l(libshutdown2.o)
    0x08000218   0x00000000   Code   RO         6092    .ARM.Collect$$rtentry$$00000000  c_w.l(__rtentry.o)
    0x08000218   0x00000000   Code   RO         6235    .ARM.Collect$$rtentry$$00000002  c_w.l(__rtentry2.o)
    0x08000218   0x00000006   Code   RO         6247    .ARM.Collect$$rtentry$$00000004  c_w.l(__rtentry4.o)
    0x0800021e   0x00000000   Code   RO         6237    .ARM.Collect$$rtentry$$00000009  c_w.l(__rtentry2.o)
    0x0800021e   0x00000004   Code   RO         6238    .ARM.Collect$$rtentry$$0000000A  c_w.l(__rtentry2.o)
    0x08000222   0x00000000   Code   RO         6240    .ARM.Collect$$rtentry$$0000000C  c_w.l(__rtentry2.o)
    0x08000222   0x00000008   Code   RO         6241    .ARM.Collect$$rtentry$$0000000D  c_w.l(__rtentry2.o)
    0x0800022a   0x00000002   Code   RO         6366    .ARM.Collect$$rtexit$$00000000  c_w.l(rtexit.o)
    0x0800022c   0x00000000   Code   RO         6395    .ARM.Collect$$rtexit$$00000002  c_w.l(rtexit2.o)
    0x0800022c   0x00000004   Code   RO         6396    .ARM.Collect$$rtexit$$00000003  c_w.l(rtexit2.o)
    0x08000230   0x00000006   Code   RO         6397    .ARM.Collect$$rtexit$$00000004  c_w.l(rtexit2.o)
    0x08000236   0x00000002   PAD
    0x08000238   0x00000040   Code   RO          322    .text               startup_stm32f40_41xxx.o
    0x08000278   0x000000c8   Code   RO         5810    .text               os_cpu_a.o
    0x08000340   0x00000018   Code   RO         5967    .text               c_w.l(noretval__2printf.o)
    0x08000358   0x00000068   Code   RO         5969    .text               c_w.l(__printf.o)
    0x080003c0   0x00000052   Code   RO         5971    .text               c_w.l(_printf_str.o)
    0x08000412   0x00000002   PAD
    0x08000414   0x00000078   Code   RO         5973    .text               c_w.l(_printf_dec.o)
    0x0800048c   0x00000006   Code   RO         6031    .text               c_w.l(heapauxi.o)
    0x08000492   0x000000b2   Code   RO         6122    .text               c_w.l(_printf_intcommon.o)
    0x08000544   0x0000002c   Code   RO         6126    .text               c_w.l(_printf_char.o)
    0x08000570   0x00000024   Code   RO         6128    .text               c_w.l(_printf_char_file.o)
    0x08000594   0x00000008   Code   RO         6231    .text               c_w.l(libspace.o)
    0x0800059c   0x00000030   Code   RO         6271    .text               c_w.l(_printf_char_common.o)
    0x080005cc   0x00000008   Code   RO         6300    .text               c_w.l(ferror.o)
    0x080005d4   0x0000004a   Code   RO         6338    .text               c_w.l(sys_stackheap_outer.o)
    0x0800061e   0x00000012   Code   RO         6348    .text               c_w.l(exit.o)
    0x08000630   0x0000007c   Code   RO         1517    i.App_TaskStart     app.o
    0x080006ac   0x00000004   Code   RO          219    i.BusFault_Handler  stm32f4xx_it.o
    0x080006b0   0x00000034   Code   RO          328    i.DMA1_Stream3_IRQHandler  spi.o
    0x080006e4   0x00000034   Code   RO         4971    i.DMA_ClearITPendingBit  stm32f4xx_dma.o
    0x08000718   0x00000016   Code   RO         4972    i.DMA_Cmd           stm32f4xx_dma.o
    0x0800072e   0x00000002   PAD
    0x08000730   0x00000158   Code   RO         4973    i.DMA_DeInit        stm32f4xx_dma.o
    0x08000888   0x00000008   Code   RO         4978    i.DMA_GetCurrDataCounter  stm32f4xx_dma.o
    0x08000890   0x00000014   Code   RO         4979    i.DMA_GetCurrentMemoryTarget  stm32f4xx_dma.o
    0x080008a4   0x00000064   Code   RO         4982    i.DMA_GetITStatus   stm32f4xx_dma.o
    0x08000908   0x00000058   Code   RO         4984    i.DMA_Init          stm32f4xx_dma.o
    0x08000960   0x00000004   Code   RO         4987    i.DMA_SetCurrDataCounter  stm32f4xx_dma.o
    0x08000964   0x00000002   Code   RO          220    i.DebugMon_Handler  stm32f4xx_it.o
    0x08000966   0x00000090   Code   RO         2381    i.GPIO_Init         stm32f4xx_gpio.o
    0x080009f6   0x00000046   Code   RO         2382    i.GPIO_PinAFConfig  stm32f4xx_gpio.o
    0x08000a3c   0x00000004   Code   RO         2388    i.GPIO_ResetBits    stm32f4xx_gpio.o
    0x08000a40   0x00000004   Code   RO         2389    i.GPIO_SetBits      stm32f4xx_gpio.o
    0x08000a44   0x00000448   Code   RO          483    i.Get_GPS_RMCMsg    uart2.o
    0x08000e8c   0x00000004   Code   RO          221    i.HardFault_Handler  stm32f4xx_it.o
    0x08000e90   0x00000058   Code   RO          404    i.LED_Init          led.o
    0x08000ee8   0x00000004   Code   RO          222    i.MemManage_Handler  stm32f4xx_it.o
    0x08000eec   0x00000002   Code   RO          223    i.NMI_Handler       stm32f4xx_it.o
    0x08000eee   0x00000002   PAD
    0x08000ef0   0x00000078   Code   RO         1569    i.NVIC_Init         misc.o
    0x08000f68   0x00000014   Code   RO         1570    i.NVIC_PriorityGroupConfig  misc.o
    0x08000f7c   0x00000064   Code   RO         5288    i.OSFlagCreate      os_flag.o
    0x08000fe0   0x00000254   Code   RO         5292    i.OSFlagPend        os_flag.o
    0x08001234   0x00000138   Code   RO         5294    i.OSFlagPost        os_flag.o
    0x0800136c   0x0000002c   Code   RO         5098    i.OSInit            os_core.o
    0x08001398   0x00000002   Code   RO         5815    i.OSInitHookBegin   os_cpu_c.o
    0x0800139a   0x00000002   Code   RO         5816    i.OSInitHookEnd     os_cpu_c.o
    0x0800139c   0x00000024   Code   RO         5099    i.OSIntEnter        os_core.o
    0x080013c0   0x00000090   Code   RO         5100    i.OSIntExit         os_core.o
    0x08001450   0x00000048   Code   RO         5103    i.OSStart           os_core.o
    0x08001498   0x00000002   Code   RO         5817    i.OSTCBInitHook     os_cpu_c.o
    0x0800149a   0x00000002   PAD
    0x0800149c   0x000000a0   Code   RO         5651    i.OSTaskCreate      os_task.o
    0x0800153c   0x000000b8   Code   RO         5652    i.OSTaskCreateExt   os_task.o
    0x080015f4   0x00000002   Code   RO         5818    i.OSTaskCreateHook  os_cpu_c.o
    0x080015f6   0x00000002   PAD
    0x080015f8   0x00000154   Code   RO         5653    i.OSTaskDel         os_task.o
    0x0800174c   0x00000002   Code   RO         5819    i.OSTaskDelHook     os_cpu_c.o
    0x0800174e   0x00000002   Code   RO         5820    i.OSTaskIdleHook    os_cpu_c.o
    0x08001750   0x00000070   Code   RO         5656    i.OSTaskNameSet     os_task.o
    0x080017c0   0x00000002   Code   RO         5821    i.OSTaskReturnHook  os_cpu_c.o
    0x080017c2   0x00000002   Code   RO         5822    i.OSTaskStatHook    os_cpu_c.o
    0x080017c4   0x0000008c   Code   RO         5661    i.OSTaskStkChk      os_task.o
    0x08001850   0x000001b0   Code   RO         5823    i.OSTaskStkInit     os_cpu_c.o
    0x08001a00   0x000000a8   Code   RO         5662    i.OSTaskSuspend     os_task.o
    0x08001aa8   0x00000002   Code   RO         5824    i.OSTaskSwHook      os_cpu_c.o
    0x08001aaa   0x00000002   PAD
    0x08001aac   0x00000078   Code   RO         5754    i.OSTimeDly         os_time.o
    0x08001b24   0x000000ec   Code   RO         5105    i.OSTimeTick        os_core.o
    0x08001c10   0x00000002   Code   RO         5825    i.OSTimeTickHook    os_cpu_c.o
    0x08001c12   0x00000002   Code   RO         5107    i.OS_Dummy          os_core.o
    0x08001c14   0x0000002a   Code   RO         5109    i.OS_EventTaskRemove  os_core.o
    0x08001c3e   0x00000002   PAD
    0x08001c40   0x000000a4   Code   RO         5296    i.OS_FlagBlock      os_flag.o
    0x08001ce4   0x00000058   Code   RO         5297    i.OS_FlagInit       os_flag.o
    0x08001d3c   0x0000005c   Code   RO         5298    i.OS_FlagTaskRdy    os_flag.o
    0x08001d98   0x00000024   Code   RO         5299    i.OS_FlagUnlink     os_flag.o
    0x08001dbc   0x00000054   Code   RO         5112    i.OS_InitEventList  os_core.o
    0x08001e10   0x00000054   Code   RO         5113    i.OS_InitMisc       os_core.o
    0x08001e64   0x00000044   Code   RO         5114    i.OS_InitRdyList    os_core.o
    0x08001ea8   0x00000080   Code   RO         5115    i.OS_InitTCBList    os_core.o
    0x08001f28   0x00000050   Code   RO         5116    i.OS_InitTaskIdle   os_core.o
    0x08001f78   0x00000050   Code   RO         5117    i.OS_InitTaskStat   os_core.o
    0x08001fc8   0x00000012   Code   RO         5118    i.OS_MemClr         os_core.o
    0x08001fda   0x00000002   PAD
    0x08001fdc   0x00000050   Code   RO         5518    i.OS_QInit          os_q.o
    0x0800202c   0x00000074   Code   RO         5120    i.OS_Sched          os_core.o
    0x080020a0   0x0000002c   Code   RO         5121    i.OS_SchedNew       os_core.o
    0x080020cc   0x00000134   Code   RO         5123    i.OS_TCBInit        os_core.o
    0x08002200   0x00000028   Code   RO         5124    i.OS_TaskIdle       os_core.o
    0x08002228   0x00000018   Code   RO         5663    i.OS_TaskReturn     os_task.o
    0x08002240   0x00000088   Code   RO         5125    i.OS_TaskStat       os_core.o
    0x080022c8   0x0000003c   Code   RO         5126    i.OS_TaskStatStkChk  os_core.o
    0x08002304   0x0000001a   Code   RO         5664    i.OS_TaskStkClr     os_task.o
    0x0800231e   0x00000002   PAD
    0x08002320   0x00000020   Code   RO          427    i.Putc_UART1        uart1.o
    0x08002340   0x00000020   Code   RO         3021    i.RCC_AHB1PeriphClockCmd  stm32f4xx_rcc.o
    0x08002360   0x00000020   Code   RO         3030    i.RCC_APB1PeriphClockCmd  stm32f4xx_rcc.o
    0x08002380   0x00000020   Code   RO         3033    i.RCC_APB2PeriphClockCmd  stm32f4xx_rcc.o
    0x080023a0   0x000000e8   Code   RO         3042    i.RCC_GetClocksFreq  stm32f4xx_rcc.o
    0x08002488   0x00000002   Code   RO          224    i.SVC_Handler       stm32f4xx_it.o
    0x0800248a   0x00000002   PAD
    0x0800248c   0x000000ec   Code   RO          284    i.SetSysClock       system_stm32f4xx.o
    0x08002578   0x00000028   Code   RO         1573    i.SysTick_CLKSourceConfig  misc.o
    0x080025a0   0x00000010   Code   RO          225    i.SysTick_Handler   stm32f4xx_it.o
    0x080025b0   0x00000068   Code   RO          286    i.SystemInit        system_stm32f4xx.o
    0x08002618   0x00000038   Code   RO            3    i.Systick_Init      main.o
    0x08002650   0x0000003a   Code   RO         4158    i.TI1_Config        stm32f4xx_tim.o
    0x0800268a   0x00000050   Code   RO         4159    i.TI2_Config        stm32f4xx_tim.o
    0x080026da   0x00000048   Code   RO         4160    i.TI3_Config        stm32f4xx_tim.o
    0x08002722   0x00000050   Code   RO         4161    i.TI4_Config        stm32f4xx_tim.o
    0x08002772   0x00000002   PAD
    0x08002774   0x0000004c   Code   RO          651    i.TIM2_IRQHandler   timer2.o
    0x080027c0   0x000000e0   Code   RO          652    i.TIM2_Int_Init     timer2.o
    0x080028a0   0x00000006   Code   RO         4169    i.TIM_ClearITPendingBit  stm32f4xx_tim.o
    0x080028a6   0x00000018   Code   RO         4174    i.TIM_Cmd           stm32f4xx_tim.o
    0x080028be   0x00000022   Code   RO         4195    i.TIM_GetITStatus   stm32f4xx_tim.o
    0x080028e0   0x0000006e   Code   RO         4197    i.TIM_ICInit        stm32f4xx_tim.o
    0x0800294e   0x00000012   Code   RO         4199    i.TIM_ITConfig      stm32f4xx_tim.o
    0x08002960   0x000000a4   Code   RO         4208    i.TIM_OC2Init       stm32f4xx_tim.o
    0x08002a04   0x00000012   Code   RO         4228    i.TIM_SelectInputTrigger  stm32f4xx_tim.o
    0x08002a16   0x00000012   Code   RO         4229    i.TIM_SelectMasterSlaveMode  stm32f4xx_tim.o
    0x08002a28   0x00000012   Code   RO         4233    i.TIM_SelectSlaveMode  stm32f4xx_tim.o
    0x08002a3a   0x00000012   Code   RO         4241    i.TIM_SetIC1Prescaler  stm32f4xx_tim.o
    0x08002a4c   0x0000001a   Code   RO         4242    i.TIM_SetIC2Prescaler  stm32f4xx_tim.o
    0x08002a66   0x00000012   Code   RO         4243    i.TIM_SetIC3Prescaler  stm32f4xx_tim.o
    0x08002a78   0x0000001a   Code   RO         4244    i.TIM_SetIC4Prescaler  stm32f4xx_tim.o
    0x08002a92   0x00000002   PAD
    0x08002a94   0x00000084   Code   RO         4246    i.TIM_TimeBaseInit  stm32f4xx_tim.o
    0x08002b18   0x00000118   Code   RO          428    i.UART1_Config      uart1.o
    0x08002c30   0x000000f0   Code   RO          485    i.UART2_Config      uart2.o
    0x08002d20   0x00000074   Code   RO          429    i.USART1_IRQHandler  uart1.o
    0x08002d94   0x00000040   Code   RO          486    i.USART2_IRQHandler  uart2.o
    0x08002dd4   0x00000074   Code   RO          560    i.USART3_IRQHandler  uart3.o
    0x08002e48   0x00000018   Code   RO         4724    i.USART_Cmd         stm32f4xx_usart.o
    0x08002e60   0x00000012   Code   RO         4725    i.USART_DMACmd      stm32f4xx_usart.o
    0x08002e72   0x00000054   Code   RO         4728    i.USART_GetITStatus  stm32f4xx_usart.o
    0x08002ec6   0x0000004a   Code   RO         4730    i.USART_ITConfig    stm32f4xx_usart.o
    0x08002f10   0x000000d4   Code   RO         4731    i.USART_Init        stm32f4xx_usart.o
    0x08002fe4   0x00000008   Code   RO         4741    i.USART_SendData    stm32f4xx_usart.o
    0x08002fec   0x00000004   Code   RO          226    i.UsageFault_Handler  stm32f4xx_it.o
    0x08002ff0   0x00000006   Code   RO          430    i._sys_exit         uart1.o
    0x08002ff6   0x00000002   PAD
    0x08002ff8   0x00000070   Code   RO         1518    i.ais_tran_task     app.o
    0x08003068   0x00000028   Code   RO         1519    i.float_task        app.o
    0x08003090   0x0000001c   Code   RO          431    i.fputc             uart1.o
    0x080030ac   0x000000b8   Code   RO          487    i.getGPSInfomation  uart2.o
    0x08003164   0x0000013c   Code   RO         1520    i.gps_tran_task     app.o
    0x080032a0   0x00000090   Code   RO         1521    i.led_task          app.o
    0x08003330   0x0000003c   Code   RO            4    i.main              main.o
    0x0800336c   0x00000062   Code   RO          490    i.updataGPSInfoStruct  uart2.o
    0x080033ce   0x0000000a   Code   RO         6324    x$fpl$fpinit        fz_wm.l(fpinit.o)
    0x080033d8   0x00000100   Data   RO         5128    .constdata          os_core.o
    0x080034d8   0x00000020   Data   RO         6422    Region$$Table       anon$$obj.o


    Execution Region RW_IRAM1 (Base: 0x20000000, Size: 0x00002470, Max: 0x00020000, ABSOLUTE)

    Base Addr    Size         Type   Attr      Idx    E Section Name        Object

    0x20000000   0x00000001   Data   RW          333    .data               spi.o
    0x20000001   0x00000003   PAD
    0x20000004   0x00000010   Data   RW          433    .data               uart1.o
    0x20000014   0x0000000c   Data   RW          492    .data               uart2.o
    0x20000020   0x0000000d   Data   RW          655    .data               timer2.o
    0x2000002d   0x00000003   PAD
    0x20000030   0x0000000c   Data   RW         1523    .data               app.o
    0x2000003c   0x00000010   Data   RW         3074    .data               stm32f4xx_rcc.o
    0x2000004c   0x00000048   Data   RW         5129    .data               os_core.o
    0x20000094   0x00000064   Zero   RW          332    .bss                spi.o
    0x200000f8   0x00000074   Zero   RW          432    .bss                uart1.o
    0x2000016c   0x000008a0   Zero   RW          491    .bss                uart2.o
    0x20000a0c   0x00000258   Zero   RW          570    .bss                uart3.o
    0x20000c64   0x0000002c   Zero   RW          654    .bss                timer2.o
    0x20000c90   0x00000700   Zero   RW         1522    .bss                app.o
    0x20001390   0x00000a80   Zero   RW         5127    .bss                os_core.o
    0x20001e10   0x00000060   Zero   RW         6232    .bss                c_w.l(libspace.o)
    0x20001e70   0x00000200   Zero   RW          320    HEAP                startup_stm32f40_41xxx.o
    0x20002070   0x00000400   Zero   RW          319    STACK               startup_stm32f40_41xxx.o


==============================================================================

Image component sizes


      Code (inc. data)   RO Data    RW Data    ZI Data      Debug   Object Name

       736        114          0         12       1792       4078   app.o
        88          6          0          0          0        543   led.o
       116          6          0          0          0     301771   main.o
       180         24          0          0          0       2053   misc.o
      1822        354        256         72       2688      19721   os_core.o
       200         32          0          0          0        332   os_cpu_a.o
       452          6          0          0          0      14182   os_cpu_c.o
      1388         62          0          0          0       6451   os_flag.o
        80          8          0          0          0        595   os_q.o
      1154        116          0          0          0       7012   os_task.o
       120         20          0          0          0        660   os_time.o
        52         16          0          1        100     230305   spi.o
        64         26        392          0       1536        840   startup_stm32f40_41xxx.o
       638         58          0          0          0       6231   stm32f4xx_dma.o
       222          0          0          0          0       2855   stm32f4xx_gpio.o
        38          0          0          0          0       3745   stm32f4xx_it.o
       328         36          0         16          0       4587   stm32f4xx_rcc.o
       920         38          0          0          0      12016   stm32f4xx_tim.o
       420          8          0          0          0       4834   stm32f4xx_usart.o
       340         32          0          0          0       1517   system_stm32f4xx.o
         0          0          0          0          0       1712   test.o
       300         50          0         13         44       1482   timer2.o
       462         70          0         16        116       4890   uart1.o
      1682         62          0         12       2208       7449   uart2.o
       116         24          0          0        600       2819   uart3.o

    ----------------------------------------------------------------------
     11942       1168        680        148       9084     642680   Object Totals
         0          0         32          0          0          0   (incl. Generated)
        24          0          0          6          0          0   (incl. Padding)

    ----------------------------------------------------------------------

      Code (inc. data)   RO Data    RW Data    ZI Data      Debug   Library Member Name

         8          0          0          0          0         68   __main.o
       104          0          0          0          0         84   __printf.o
         0          0          0          0          0          0   __rtentry.o
        12          0          0          0          0          0   __rtentry2.o
         6          0          0          0          0          0   __rtentry4.o
        52          8          0          0          0          0   __scatter.o
        26          0          0          0          0          0   __scatter_copy.o
        28          0          0          0          0          0   __scatter_zi.o
         6          0          0          0          0          0   _printf_c.o
        44          0          0          0          0        108   _printf_char.o
        48          6          0          0          0         96   _printf_char_common.o
        36          4          0          0          0         80   _printf_char_file.o
         6          0          0          0          0          0   _printf_d.o
       120         16          0          0          0         92   _printf_dec.o
       178          0          0          0          0         88   _printf_intcommon.o
         0          0          0          0          0          0   _printf_percent.o
         4          0          0          0          0          0   _printf_percent_end.o
        82          0          0          0          0         80   _printf_str.o
        18          0          0          0          0         80   exit.o
         8          0          0          0          0         68   ferror.o
         6          0          0          0          0        152   heapauxi.o
         2          0          0          0          0          0   libinit.o
         6          0          0          0          0          0   libinit2.o
         2          0          0          0          0          0   libshutdown.o
         2          0          0          0          0          0   libshutdown2.o
         8          4          0          0         96         68   libspace.o
        24          4          0          0          0         84   noretval__2printf.o
         2          0          0          0          0          0   rtexit.o
        10          0          0          0          0          0   rtexit2.o
        74          0          0          0          0         80   sys_stackheap_outer.o
        10          0          0          0          0        116   fpinit.o

    ----------------------------------------------------------------------
       938         42          0          0         96       1344   Library Totals
         6          0          0          0          0          0   (incl. Padding)

    ----------------------------------------------------------------------

      Code (inc. data)   RO Data    RW Data    ZI Data      Debug   Library Name

       922         42          0          0         96       1228   c_w.l
        10          0          0          0          0        116   fz_wm.l

    ----------------------------------------------------------------------
       938         42          0          0         96       1344   Library Totals

    ----------------------------------------------------------------------

==============================================================================


      Code (inc. data)   RO Data    RW Data    ZI Data      Debug   

     12880       1210        680        148       9180     631804   Grand Totals
     12880       1210        680        148       9180     631804   ELF Image Totals
     12880       1210        680        148          0          0   ROM Totals

==============================================================================

    Total RO  Size (Code + RO Data)                13560 (  13.24kB)
    Total RW  Size (RW Data + ZI Data)              9328 (   9.11kB)
    Total ROM Size (Code + RO Data + RW Data)      13708 (  13.39kB)

==============================================================================

