<html>
<body>
<pre>
<h1>µVision Build Log</h1>
<h2>Tool Versions:</h2>
IDE-Version: ¦ÌVision V5.16a
Copyright (C) 2015 ARM Ltd and ARM Germany GmbH. All rights reserved.
License Information: 1 Microsoft, Microsoft, LIC=TIVHL-0M8NH-73FM8-3M9X7-40UQ6-QJNQ9
 
Tool Versions:
Toolchain:       MDK-ARM Standard  Version: 5.16a
Toolchain Path:  D:\Keil_v5.16\ARM\ARMCC\Bin
C Compiler:      Armcc.exe V5.06 (build 20)
Assembler:       Armasm.exe V5.06 (build 20)
Linker/Locator:  ArmLink.exe V5.06 (build 20)
Library Manager: ArmAr.exe V5.06 (build 20)
Hex Converter:   FromElf.exe V5.06 (build 20)
CPU DLL:         SARMCM3.DLL V5.16a
Dialog DLL:      DCM.DLL V1.13.2.0
Target DLL:      Segger\JL2CM3.dll V2.99.15.2
Dialog DLL:      TCM.DLL V1.14.5.0
 
<h2>Project:</h2>
D:\ACM\workspace\407_uart\AIS_RX_BOARD-master_1\AIS_RX_BOARD-master\STM32F407VET6.uvprojx
Project File Date:  12/30/2015

<h2>Output:</h2>
*** Using Compiler 'V5.06 (build 20)', folder: 'D:\Keil_v5.16\ARM\ARMCC\Bin'
Build target 'AIX_RX'
compiling APP.c...
APPS\APP.c(49): warning:  #177-D: variable "cpu_sr" was declared but never referenced
  {    OS_CPU_SR cpu_sr=0;
APPS\APP.c(82): warning:  #177-D: variable "cpu_sr" was declared but never referenced
  {    OS_CPU_SR cpu_sr=0;
APPS\APP.c(177): warning:  #177-D: variable "cpu_sr" was declared but never referenced
     OS_CPU_SR cpu_sr=0;
APPS\APP.c: 3 warnings, 0 errors
linking...
Program Size: Code=12880 RO-data=680 RW-data=148 ZI-data=9180  
FromELF: creating hex file...
".\OUTPUT\STM32F407VET6.axf" - 0 Error(s), 3 Warning(s).

<h2>Collection of Component include folders:</h2>
  D:\ACM\workspace\407_uart\AIS_RX_BOARD-master_1\AIS_RX_BOARD-master\RTE
  D:\Keil_v5.16\ARM\PACK\Keil\STM32F4xx_DFP\2.4.0\Drivers\CMSIS\Device\ST\STM32F4xx\Include

<h2>Collection of Component Files used:</h2>
Build Time Elapsed:  00:00:02
</pre>
</body>
</html>
