Component: ARM Compiler 5.06 (build 20) Tool: armlink [4d35a3]

==============================================================================

Section Cross References

    main.o(i.Systick_Init) refers to misc.o(i.SysTick_CLKSourceConfig) for SysTick_CLKSourceConfig
    main.o(i.main) refers to misc.o(i.NVIC_PriorityGroupConfig) for NVIC_PriorityGroupConfig
    main.o(i.main) refers to main.o(i.Systick_Init) for Systick_Init
    main.o(i.main) refers to led.o(i.LED_Init) for LED_Init
    main.o(i.main) refers to stm32f4xx_gpio.o(i.GPIO_SetBits) for GPIO_SetBits
    main.o(i.main) refers to uart1.o(i.UART1_Config) for UART1_Config
    main.o(i.main) refers to uart2.o(i.UART2_Config) for UART2_Config
    main.o(i.main) refers to timer2.o(i.TIM2_Int_Init) for TIM2_Int_Init
    main.o(i.main) refers to uart3.o(i.UART3_Config) for UART3_Config
    main.o(i.main) refers to rng.o(i.RNG_Init) for RNG_Init
    main.o(i.main) refers to spi.o(i.SPI2_Init) for SPI2_Init
    main.o(i.main) refers to spi3.o(i.SPI3_Init) for SPI3_Init
    main.o(i.main) refers to mkdcontrol.o(i.MKDInit) for MKDInit
    main.o(i.main) refers to test_mkd.o(i.testVDMFunction) for testVDMFunction
    main.o(i.main) refers to app.o(i.App_TaskStart) for App_TaskStart
    main.o(i.main) refers to mkdcontrol.o(.bss) for mkd_dataStruct
    stm32f4xx_it.o(i.SysTick_Handler) refers to os_core.o(i.OSIntEnter) for OSIntEnter
    stm32f4xx_it.o(i.SysTick_Handler) refers to os_core.o(i.OSTimeTick) for OSTimeTick
    stm32f4xx_it.o(i.SysTick_Handler) refers to os_core.o(i.OSIntExit) for OSIntExit
    system_stm32f4xx.o(i.SystemCoreClockUpdate) refers to system_stm32f4xx.o(.data) for SystemCoreClock
    system_stm32f4xx.o(i.SystemInit) refers to system_stm32f4xx.o(i.SetSysClock) for SetSysClock
    startup_stm32f40_41xxx.o(STACK) refers (Special) to heapauxi.o(.text) for __use_two_region_memory
    startup_stm32f40_41xxx.o(HEAP) refers (Special) to heapauxi.o(.text) for __use_two_region_memory
    startup_stm32f40_41xxx.o(RESET) refers (Special) to heapauxi.o(.text) for __use_two_region_memory
    startup_stm32f40_41xxx.o(RESET) refers to startup_stm32f40_41xxx.o(STACK) for __initial_sp
    startup_stm32f40_41xxx.o(RESET) refers to startup_stm32f40_41xxx.o(.text) for Reset_Handler
    startup_stm32f40_41xxx.o(RESET) refers to stm32f4xx_it.o(i.NMI_Handler) for NMI_Handler
    startup_stm32f40_41xxx.o(RESET) refers to stm32f4xx_it.o(i.HardFault_Handler) for HardFault_Handler
    startup_stm32f40_41xxx.o(RESET) refers to stm32f4xx_it.o(i.MemManage_Handler) for MemManage_Handler
    startup_stm32f40_41xxx.o(RESET) refers to stm32f4xx_it.o(i.BusFault_Handler) for BusFault_Handler
    startup_stm32f40_41xxx.o(RESET) refers to stm32f4xx_it.o(i.UsageFault_Handler) for UsageFault_Handler
    startup_stm32f40_41xxx.o(RESET) refers to stm32f4xx_it.o(i.SVC_Handler) for SVC_Handler
    startup_stm32f40_41xxx.o(RESET) refers to stm32f4xx_it.o(i.DebugMon_Handler) for DebugMon_Handler
    startup_stm32f40_41xxx.o(RESET) refers to os_cpu_a.o(.text) for PendSV_Handler
    startup_stm32f40_41xxx.o(RESET) refers to stm32f4xx_it.o(i.SysTick_Handler) for SysTick_Handler
    startup_stm32f40_41xxx.o(RESET) refers to spi.o(i.DMA1_Stream3_IRQHandler) for DMA1_Stream3_IRQHandler
    startup_stm32f40_41xxx.o(RESET) refers to timer2.o(i.TIM2_IRQHandler) for TIM2_IRQHandler
    startup_stm32f40_41xxx.o(RESET) refers to uart1.o(i.USART1_IRQHandler) for USART1_IRQHandler
    startup_stm32f40_41xxx.o(RESET) refers to uart2.o(i.USART2_IRQHandler) for USART2_IRQHandler
    startup_stm32f40_41xxx.o(RESET) refers to uart3.o(i.USART3_IRQHandler) for USART3_IRQHandler
    startup_stm32f40_41xxx.o(RESET) refers to spi3.o(i.DMA1_Stream7_IRQHandler) for DMA1_Stream7_IRQHandler
    startup_stm32f40_41xxx.o(RESET) refers to uart1.o(i.DMA2_Stream7_IRQHandler) for DMA2_Stream7_IRQHandler
    startup_stm32f40_41xxx.o(.text) refers (Special) to heapauxi.o(.text) for __use_two_region_memory
    startup_stm32f40_41xxx.o(.text) refers to system_stm32f4xx.o(i.SystemInit) for SystemInit
    startup_stm32f40_41xxx.o(.text) refers to __main.o(!!!main) for __main
    startup_stm32f40_41xxx.o(.text) refers to startup_stm32f40_41xxx.o(HEAP) for Heap_Mem
    startup_stm32f40_41xxx.o(.text) refers to startup_stm32f40_41xxx.o(STACK) for Stack_Mem
    spi.o(i.DMA1_Stream3_IRQHandler) refers to stm32f4xx_dma.o(i.DMA_GetITStatus) for DMA_GetITStatus
    spi.o(i.DMA1_Stream3_IRQHandler) refers to os_core.o(i.OSIntEnter) for OSIntEnter
    spi.o(i.DMA1_Stream3_IRQHandler) refers to stm32f4xx_dma.o(i.DMA_ClearITPendingBit) for DMA_ClearITPendingBit
    spi.o(i.DMA1_Stream3_IRQHandler) refers to os_flag.o(i.OSFlagPost) for OSFlagPost
    spi.o(i.DMA1_Stream3_IRQHandler) refers to os_core.o(i.OSIntExit) for OSIntExit
    spi.o(i.DMA1_Stream3_IRQHandler) refers to spi.o(.data) for err
    spi.o(i.DMA1_Stream3_IRQHandler) refers to app.o(.data) for AIS_FLAG
[...]
    __user_initial_stackheap                 0x080002e9   Thumb Code     0  startup_stm32f40_41xxx.o(.text)
    OS_CPU_SR_Save                           0x0800030d   Thumb Code     0  os_cpu_a.o(.text)
    OS_CPU_SR_Restore                        0x08000315   Thumb Code     0  os_cpu_a.o(.text)
    OSStartHighRdy                           0x0800031b   Thumb Code     0  os_cpu_a.o(.text)
    OSCtxSw                                  0x0800033f   Thumb Code     0  os_cpu_a.o(.text)
    OSIntCtxSw                               0x0800034d   Thumb Code     0  os_cpu_a.o(.text)
    PendSV_Handler                           0x0800035d   Thumb Code     0  os_cpu_a.o(.text)
    time                                     0x080003d5   Thumb Code    18  sys_time.o(.text)
    __2printf                                0x080003e9   Thumb Code    20  noretval__2printf.o(.text)
    __printf                                 0x08000401   Thumb Code   104  __printf.o(.text)
    _printf_str                              0x08000469   Thumb Code    82  _printf_str.o(.text)
    _printf_int_dec                          0x080004bd   Thumb Code   104  _printf_dec.o(.text)
    _printf_int_hex                          0x08000535   Thumb Code    84  _printf_hex_int.o(.text)
    _printf_longlong_hex                     0x08000535   Thumb Code     0  _printf_hex_int.o(.text)
    srand                                    0x0800058d   Thumb Code    42  rand.o(.text)
    _rand_init                               0x080005b7   Thumb Code     4  rand.o(.text)
    strlen                                   0x080005c9   Thumb Code    62  strlen.o(.text)
    __aeabi_memcpy4                          0x08000607   Thumb Code     0  rt_memcpy_w.o(.text)
    __aeabi_memcpy8                          0x08000607   Thumb Code     0  rt_memcpy_w.o(.text)
    __rt_memcpy_w                            0x08000607   Thumb Code   100  rt_memcpy_w.o(.text)
    _memcpy_lastbytes_aligned                0x0800064f   Thumb Code     0  rt_memcpy_w.o(.text)
    __use_two_region_memory                  0x0800066b   Thumb Code     2  heapauxi.o(.text)
    __rt_heap_escrow                         0x0800066d   Thumb Code     2  heapauxi.o(.text)
    __rt_heap_expand                         0x0800066f   Thumb Code     2  heapauxi.o(.text)
    __I$use$semihosting                      0x08000671   Thumb Code     0  use_no_semi.o(.text)
    __use_no_semihosting_swi                 0x08000671   Thumb Code     2  use_no_semi.o(.text)
    __read_errno                             0x08000673   Thumb Code    10  _rserrno.o(.text)
    __semihosting_library_function           0x08000673   Thumb Code     0  indicate_semi.o(.text)
    __set_errno                              0x0800067d   Thumb Code    12  _rserrno.o(.text)
    _printf_int_common                       0x08000689   Thumb Code   178  _printf_intcommon.o(.text)
    __lib_sel_fp_printf                      0x0800073b   Thumb Code     2  _printf_fp_dec.o(.text)
    _printf_fp_dec_real                      0x080008e9   Thumb Code   620  _printf_fp_dec.o(.text)
    _printf_cs_common                        0x08000b55   Thumb Code    20  _printf_char.o(.text)
    _printf_char                             0x08000b69   Thumb Code    16  _printf_char.o(.text)
    _printf_string                           0x08000b79   Thumb Code     8  _printf_char.o(.text)
    _printf_char_file                        0x08000b81   Thumb Code    32  _printf_char_file.o(.text)
    __user_libspace                          0x08000ba5   Thumb Code     8  libspace.o(.text)
    __user_perproc_libspace                  0x08000ba5   Thumb Code     0  libspace.o(.text)
    __user_perthread_libspace                0x08000ba5   Thumb Code     0  libspace.o(.text)
    __rt_locale                              0x08000bad   Thumb Code     8  rt_locale_intlibspace.o(.text)
    __aeabi_errno_addr                       0x08000bb5   Thumb Code     8  rt_errno_addr_intlibspace.o(.text)
    __errno$intlibspace                      0x08000bb5   Thumb Code     0  rt_errno_addr_intlibspace.o(.text)
    __rt_errno_addr$intlibspace              0x08000bb5   Thumb Code     0  rt_errno_addr_intlibspace.o(.text)
    _ll_udiv10                               0x08000bbd   Thumb Code   138  lludiv10.o(.text)
    _printf_char_common                      0x08000c53   Thumb Code    32  _printf_char_common.o(.text)
    _printf_fp_infnan                        0x08000c79   Thumb Code   112  _printf_fp_infnan.o(.text)
    _btod_etento                             0x08000cf9   Thumb Code   216  bigflt0.o(.text)
    ferror                                   0x08000dd5   Thumb Code     8  ferror.o(.text)
    __user_setup_stackheap                   0x08000ddd   Thumb Code    74  sys_stackheap_outer.o(.text)
    exit                                     0x08000e27   Thumb Code    18  exit.o(.text)
    strcmp                                   0x08000e39   Thumb Code   128  strcmpv7m.o(.text)
    _btod_d2e                                0x08000eb9   Thumb Code    62  btod.o(CL$$btod_d2e)
    _d2e_denorm_low                          0x08000ef7   Thumb Code    70  btod.o(CL$$btod_d2e_denorm_low)
    _d2e_norm_op1                            0x08000f3d   Thumb Code    96  btod.o(CL$$btod_d2e_norm_op1)
    __btod_div_common                        0x08000f9d   Thumb Code   696  btod.o(CL$$btod_div_common)
    _e2e                                     0x080012d5   Thumb Code   198  btod.o(CL$$btod_e2e)
    _btod_ediv                               0x0800139b   Thumb Code    40  btod.o(CL$$btod_ediv)
    _btod_emul                               0x080013c3   Thumb Code    40  btod.o(CL$$btod_emul)
    __btod_mult_common                       0x080013eb   Thumb Code   580  btod.o(CL$$btod_mult_common)
    App_TaskStart                            0x08001631   Thumb Code   178  app.o(i.App_TaskStart)
    BusFault_Handler                         0x08001745   Thumb Code     4  stm32f4xx_it.o(i.BusFault_Handler)
    DMA1_Stream3_IRQHandler                  0x08001749   Thumb Code    44  spi.o(i.DMA1_Stream3_IRQHandler)
    DMA1_Stream7_IRQHandler                  0x08001785   Thumb Code    38  spi3.o(i.DMA1_Stream7_IRQHandler)
    DMA2_Stream7_IRQHandler                  0x080017b5   Thumb Code    46  uart1.o(i.DMA2_Stream7_IRQHandler)
    DMA_ClearITPendingBit                    0x080017f1   Thumb Code    38  stm32f4xx_dma.o(i.DMA_ClearITPendingBit)
    DMA_Cmd                                  0x08001825   Thumb Code    22  stm32f4xx_dma.o(i.DMA_Cmd)
    DMA_DeInit                               0x0800183d   Thumb Code   324  stm32f4xx_dma.o(i.DMA_DeInit)
    DMA_DoubleBufferModeCmd                  0x08001995   Thumb Code    22  stm32f4xx_dma.o(i.DMA_DoubleBufferModeCmd)
    DMA_DoubleBufferModeConfig               0x080019ab   Thumb Code    24  stm32f4xx_dma.o(i.DMA_DoubleBufferModeConfig)
    DMA_GetCurrDataCounter                   0x080019c3   Thumb Code     8  stm32f4xx_dma.o(i.DMA_GetCurrDataCounter)
    DMA_GetCurrentMemoryTarget               0x080019cb   Thumb Code    20  stm32f4xx_dma.o(i.DMA_GetCurrentMemoryTarget)
    DMA_GetITStatus                          0x080019e1   Thumb Code    82  stm32f4xx_dma.o(i.DMA_GetITStatus)
    DMA_ITConfig                             0x08001a45   Thumb Code    58  stm32f4xx_dma.o(i.DMA_ITConfig)
    DMA_Init                                 0x08001a81   Thumb Code    82  stm32f4xx_dma.o(i.DMA_Init)
    DMA_SetCurrDataCounter                   0x08001ad9   Thumb Code     4  stm32f4xx_dma.o(i.DMA_SetCurrDataCounter)
    DebugMon_Handler                         0x08001add   Thumb Code     2  stm32f4xx_it.o(i.DebugMon_Handler)
    GPIO_Init                                0x08001adf   Thumb Code   144  stm32f4xx_gpio.o(i.GPIO_Init)
    GPIO_PinAFConfig                         0x08001b6f   Thumb Code    70  stm32f4xx_gpio.o(i.GPIO_PinAFConfig)
    GPIO_ResetBits                           0x08001bb5   Thumb Code     4  stm32f4xx_gpio.o(i.GPIO_ResetBits)
    GPIO_SetBits                             0x08001bb9   Thumb Code     4  stm32f4xx_gpio.o(i.GPIO_SetBits)
    Get_GPS_RMCMsg                           0x08001bbd   Thumb Code  1096  gps.o(i.Get_GPS_RMCMsg)
    HardFault_Handler                        0x08002005   Thumb Code     4  stm32f4xx_it.o(i.HardFault_Handler)
    LED_Init                                 0x08002009   Thumb Code    82  led.o(i.LED_Init)
    MKDInit                                  0x08002061   Thumb Code    62  mkdcontrol.o(i.MKDInit)
    MemManage_Handler                        0x0800209f   Thumb Code     4  stm32f4xx_it.o(i.MemManage_Handler)
    NMI_Handler                              0x080020a3   Thumb Code     2  stm32f4xx_it.o(i.NMI_Handler)
    NVIC_Init                                0x080020a5   Thumb Code   106  misc.o(i.NVIC_Init)
    NVIC_PriorityGroupConfig                 0x0800211d   Thumb Code    10  misc.o(i.NVIC_PriorityGroupConfig)
    OSFlagCreate                             0x08002131   Thumb Code    86  os_flag.o(i.OSFlagCreate)
    OSFlagPend                               0x08002195   Thumb Code   584  os_flag.o(i.OSFlagPend)
    OSFlagPost                               0x080023e9   Thumb Code   312  os_flag.o(i.OSFlagPost)
    OSInit                                   0x08002521   Thumb Code    48  os_core.o(i.OSInit)
    OSInitHookBegin                          0x08002551   Thumb Code     2  os_cpu_c.o(i.OSInitHookBegin)
    OSInitHookEnd                            0x08002553   Thumb Code     2  os_cpu_c.o(i.OSInitHookEnd)
    OSIntEnter                               0x08002555   Thumb Code    28  os_core.o(i.OSIntEnter)
    OSIntExit                                0x08002579   Thumb Code   112  os_core.o(i.OSIntExit)
    OSMutexCreate                            0x08002609   Thumb Code   134  os_mutex.o(i.OSMutexCreate)
    OSMutexPend                              0x0800269d   Thumb Code   542  os_mutex.o(i.OSMutexPend)
    OSMutexPost                              0x080028d5   Thumb Code   186  os_mutex.o(i.OSMutexPost)
    OSQCreate                                0x08002a21   Thumb Code   140  os_q.o(i.OSQCreate)
    OSQPend                                  0x08002ab9   Thumb Code   272  os_q.o(i.OSQPend)
    OSQPost                                  0x08002bd5   Thumb Code   114  os_q.o(i.OSQPost)
    OSSemCreate                              0x08002c49   Thumb Code    68  os_sem.o(i.OSSemCreate)
    OSSemPend                                0x08002c95   Thumb Code   222  os_sem.o(i.OSSemPend)
    OSSemPost                                0x08002d81   Thumb Code    88  os_sem.o(i.OSSemPost)
    OSStart                                  0x08002dd9   Thumb Code    48  os_core.o(i.OSStart)
    OSTCBInitHook                            0x08002e21   Thumb Code     2  os_cpu_c.o(i.OSTCBInitHook)
    OSTaskCreate                             0x08002e25   Thumb Code   148  os_task.o(i.OSTaskCreate)
    OSTaskCreateExt                          0x08002ec5   Thumb Code   170  os_task.o(i.OSTaskCreateExt)
    OSTaskCreateHook                         0x08002f7d   Thumb Code     2  os_cpu_c.o(i.OSTaskCreateHook)
    OSTaskDel                                0x08002f81   Thumb Code   294  os_task.o(i.OSTaskDel)
    OSTaskDelHook                            0x080030d5   Thumb Code     2  os_cpu_c.o(i.OSTaskDelHook)
    OSTaskIdleHook                           0x080030d7   Thumb Code     2  os_cpu_c.o(i.OSTaskIdleHook)
    OSTaskNameSet                            0x080030d9   Thumb Code    98  os_task.o(i.OSTaskNameSet)
    OSTaskReturnHook                         0x08003149   Thumb Code     2  os_cpu_c.o(i.OSTaskReturnHook)
    OSTaskStatHook                           0x0800314b   Thumb Code     2  os_cpu_c.o(i.OSTaskStatHook)
    OSTaskStkChk                             0x0800314d   Thumb Code   132  os_task.o(i.OSTaskStkChk)
    OSTaskStkInit                            0x080031d9   Thumb Code   426  os_cpu_c.o(i.OSTaskStkInit)
    OSTaskSuspend                            0x08003389   Thumb Code   152  os_task.o(i.OSTaskSuspend)
    OSTaskSwHook                             0x08003431   Thumb Code     2  os_cpu_c.o(i.OSTaskSwHook)
    OSTimeDly                                0x08003435   Thumb Code   100  os_time.o(i.OSTimeDly)
    OSTimeTick                               0x080034ad   Thumb Code   210  os_core.o(i.OSTimeTick)
    OSTimeTickHook                           0x08003599   Thumb Code     2  os_cpu_c.o(i.OSTimeTickHook)
    OS_Dummy                                 0x0800359b   Thumb Code     2  os_core.o(i.OS_Dummy)
    OS_EventTaskRdy                          0x0800359d   Thumb Code   114  os_core.o(i.OS_EventTaskRdy)
    OS_EventTaskRemove                       0x08003621   Thumb Code    42  os_core.o(i.OS_EventTaskRemove)
    OS_EventTaskWait                         0x0800364d   Thumb Code   112  os_core.o(i.OS_EventTaskWait)
    OS_EventWaitListInit                     0x080036c9   Thumb Code    28  os_core.o(i.OS_EventWaitListInit)
    OS_FlagInit                              0x08003789   Thumb Code    74  os_flag.o(i.OS_FlagInit)
    OS_FlagUnlink                            0x0800383d   Thumb Code    36  os_flag.o(i.OS_FlagUnlink)
    OS_MemClr                                0x08003a6d   Thumb Code    18  os_core.o(i.OS_MemClr)
    OS_MemInit                               0x08003a81   Thumb Code    24  os_mem.o(i.OS_MemInit)
    OS_QInit                                 0x08003aa5   Thumb Code    72  os_q.o(i.OS_QInit)
    OS_Sched                                 0x08003af5   Thumb Code    88  os_core.o(i.OS_Sched)
    OS_TCBInit                               0x08003b95   Thumb Code   278  os_core.o(i.OS_TCBInit)
    OS_TaskIdle                              0x08003cc9   Thumb Code    34  os_core.o(i.OS_TaskIdle)
    OS_TaskReturn                            0x08003cf1   Thumb Code    18  os_task.o(i.OS_TaskReturn)
    OS_TaskStat                              0x08003d09   Thumb Code   116  os_core.o(i.OS_TaskStat)
    OS_TaskStatStkChk                        0x08003d91   Thumb Code    54  os_core.o(i.OS_TaskStatStkChk)
    OS_TaskStkClr                            0x08003dcd   Thumb Code    26  os_task.o(i.OS_TaskStkClr)
    Putc_UART3                               0x08003de9   Thumb Code    28  uart3.o(i.Putc_UART3)
    RCC_AHB1PeriphClockCmd                   0x08003e09   Thumb Code    26  stm32f4xx_rcc.o(i.RCC_AHB1PeriphClockCmd)
    RCC_AHB2PeriphClockCmd                   0x08003e29   Thumb Code    26  stm32f4xx_rcc.o(i.RCC_AHB2PeriphClockCmd)
    RCC_APB1PeriphClockCmd                   0x08003e49   Thumb Code    26  stm32f4xx_rcc.o(i.RCC_APB1PeriphClockCmd)
    RCC_APB2PeriphClockCmd                   0x08003e69   Thumb Code    26  stm32f4xx_rcc.o(i.RCC_APB2PeriphClockCmd)
    RCC_GetClocksFreq                        0x08003e89   Thumb Code   214  stm32f4xx_rcc.o(i.RCC_GetClocksFreq)
    RNG_Cmd                                  0x08003f71   Thumb Code    30  stm32f4xx_rng.o(i.RNG_Cmd)
    RNG_GetFlagStatus                        0x08003f95   Thumb Code    20  stm32f4xx_rng.o(i.RNG_GetFlagStatus)
    RNG_Init                                 0x08003fad   Thumb Code    60  rng.o(i.RNG_Init)
    SPI2_Init                                0x08003fe9   Thumb Code   336  spi.o(i.SPI2_Init)
    SPI2_SetSpeed                            0x0800414d   Thumb Code    36  spi.o(i.SPI2_SetSpeed)
    SPI3_Init                                0x08004175   Thumb Code   344  spi3.o(i.SPI3_Init)
    SPI3_SetSpeed                            0x080042e1   Thumb Code    36  spi3.o(i.SPI3_SetSpeed)
    SPI_Cmd                                  0x08004309   Thumb Code    24  stm32f4xx_spi.o(i.SPI_Cmd)
    SPI_I2S_DMACmd                           0x08004321   Thumb Code    18  stm32f4xx_spi.o(i.SPI_I2S_DMACmd)
    SPI_Init                                 0x08004333   Thumb Code    60  stm32f4xx_spi.o(i.SPI_Init)
    SVC_Handler                              0x0800436f   Thumb Code     2  stm32f4xx_it.o(i.SVC_Handler)
    SysTick_CLKSourceConfig                  0x0800445d   Thumb Code    40  misc.o(i.SysTick_CLKSourceConfig)
    SysTick_Handler                          0x08004485   Thumb Code    16  stm32f4xx_it.o(i.SysTick_Handler)
    SystemInit                               0x08004495   Thumb Code    88  system_stm32f4xx.o(i.SystemInit)
    Systick_Init                             0x080044fd   Thumb Code    56  main.o(i.Systick_Init)
    TIM2_IRQHandler                          0x08004659   Thumb Code    58  timer2.o(i.TIM2_IRQHandler)
    TIM2_Int_Init                            0x080046a9   Thumb Code   200  timer2.o(i.TIM2_Int_Init)
    TIM_ClearITPendingBit                    0x08004789   Thumb Code     6  stm32f4xx_tim.o(i.TIM_ClearITPendingBit)
    TIM_Cmd                                  0x0800478f   Thumb Code    24  stm32f4xx_tim.o(i.TIM_Cmd)
    TIM_GetITStatus                          0x080047a7   Thumb Code    34  stm32f4xx_tim.o(i.TIM_GetITStatus)
    TIM_ICInit                               0x080047c9   Thumb Code   110  stm32f4xx_tim.o(i.TIM_ICInit)
    TIM_ITConfig                             0x08004837   Thumb Code    18  stm32f4xx_tim.o(i.TIM_ITConfig)
    TIM_OC2Init                              0x08004849   Thumb Code   154  stm32f4xx_tim.o(i.TIM_OC2Init)
    TIM_SelectInputTrigger                   0x080048ed   Thumb Code    18  stm32f4xx_tim.o(i.TIM_SelectInputTrigger)
    TIM_SelectMasterSlaveMode                0x080048ff   Thumb Code    18  stm32f4xx_tim.o(i.TIM_SelectMasterSlaveMode)
    TIM_SelectSlaveMode                      0x08004911   Thumb Code    18  stm32f4xx_tim.o(i.TIM_SelectSlaveMode)
    TIM_SetIC1Prescaler                      0x08004923   Thumb Code    18  stm32f4xx_tim.o(i.TIM_SetIC1Prescaler)
    TIM_SetIC2Prescaler                      0x08004935   Thumb Code    26  stm32f4xx_tim.o(i.TIM_SetIC2Prescaler)
    TIM_SetIC3Prescaler                      0x0800494f   Thumb Code    18  stm32f4xx_tim.o(i.TIM_SetIC3Prescaler)
    TIM_SetIC4Prescaler                      0x08004961   Thumb Code    26  stm32f4xx_tim.o(i.TIM_SetIC4Prescaler)
    TIM_TimeBaseInit                         0x0800497d   Thumb Code   104  stm32f4xx_tim.o(i.TIM_TimeBaseInit)
    UART1_Config                             0x08004a01   Thumb Code   364  uart1.o(i.UART1_Config)
    UART2_Config                             0x08004b91   Thumb Code   210  uart2.o(i.UART2_Config)
    UART3_Config                             0x08004c81   Thumb Code   246  uart3.o(i.UART3_Config)
    USART1_IRQHandler                        0x08004d99   Thumb Code    98  uart1.o(i.USART1_IRQHandler)
    USART2_IRQHandler                        0x08004e2d   Thumb Code    46  uart2.o(i.USART2_IRQHandler)
    USART3_IRQHandler                        0x08004e6d   Thumb Code    92  uart3.o(i.USART3_IRQHandler)
    USART_Cmd                                0x08004ee1   Thumb Code    24  stm32f4xx_usart.o(i.USART_Cmd)
    USART_DMACmd                             0x08004ef9   Thumb Code    18  stm32f4xx_usart.o(i.USART_DMACmd)
    USART_GetITStatus                        0x08004f0b   Thumb Code    84  stm32f4xx_usart.o(i.USART_GetITStatus)
    USART_ITConfig                           0x08004f5f   Thumb Code    74  stm32f4xx_usart.o(i.USART_ITConfig)
    USART_Init                               0x08004fa9   Thumb Code   204  stm32f4xx_usart.o(i.USART_Init)
    USART_SendData                           0x0800507d   Thumb Code     8  stm32f4xx_usart.o(i.USART_SendData)
    UsageFault_Handler                       0x08005085   Thumb Code     4  stm32f4xx_it.o(i.UsageFault_Handler)
    __ARM_fpclassify                         0x08005089   Thumb Code    48  fpclassify.o(i.__ARM_fpclassify)
    __hardfp_acos                            0x080050b9   Thumb Code   738  acos.o(i.__hardfp_acos)
    __hardfp_cos                             0x08005411   Thumb Code   180  cos.o(i.__hardfp_cos)
    __ieee754_rem_pio2                       0x080054d9   Thumb Code   938  rred.o(i.__ieee754_rem_pio2)
    __kernel_cos                             0x08005911   Thumb Code   322  cos_i.o(i.__kernel_cos)
    __kernel_poly                            0x08005a81   Thumb Code   248  poly.o(i.__kernel_poly)
    __kernel_sin                             0x08005b79   Thumb Code   280  sin_i.o(i.__kernel_sin)
    __mathlib_dbl_infnan                     0x08005ca9   Thumb Code    20  dunder.o(i.__mathlib_dbl_infnan)
    __mathlib_dbl_invalid                    0x08005cc1   Thumb Code    24  dunder.o(i.__mathlib_dbl_invalid)
    __mathlib_dbl_underflow                  0x08005ce1   Thumb Code    24  dunder.o(i.__mathlib_dbl_underflow)
    _sys_exit                                0x08005d01   Thumb Code     6  uart3.o(i._sys_exit)
    ais_analysis_task                        0x08005d09   Thumb Code    48  app.o(i.ais_analysis_task)
    ais_mkd_trans_task                       0x08005d45   Thumb Code   108  app.o(i.ais_mkd_trans_task)
    ais_tran_task                            0x08005dc5   Thumb Code    94  app.o(i.ais_tran_task)
    calLongiDist                             0x08005e35   Thumb Code    80  fsmcontrol.o(i.calLongiDist)
    calSphereDist                            0x08005e95   Thumb Code   958  fsmcontrol.o(i.calSphereDist)
    changeMinuteToDegree                     0x08006295   Thumb Code   364  fsmcontrol.o(i.changeMinuteToDegree)
    changeOtherShipContentTo61162            0x08006419   Thumb Code   282  mkdcontrol.o(i.changeOtherShipContentTo61162)
    changeOwnShipContentTo61162              0x08006533   Thumb Code   268  mkdcontrol.o(i.changeOwnShipContentTo61162)
    checkAssignValid                         0x0800663f   Thumb Code    86  fsmcontrol.o(i.checkAssignValid)
    checkFSMMsg20Struct                      0x08006695   Thumb Code   330  fsmcontrol.o(i.checkFSMMsg20Struct)
    checkFSMMsg22Struct                      0x080067e1   Thumb Code   612  fsmcontrol.o(i.checkFSMMsg22Struct)
    checkFSMMsg23Struct                      0x08006a4d   Thumb Code   262  fsmcontrol.o(i.checkFSMMsg23Struct)
    chnage611626bitASCIIto8bitASCII          0x08006b5d   Thumb Code    40  mkdcontrol.o(i.chnage611626bitASCIIto8bitASCII)
    collectNewMsg                            0x08006b85   Thumb Code   232  fsmcontrol.o(i.collectNewMsg)
    fabs                                     0x08006c97   Thumb Code    24  fabs.o(i.fabs)
    float_task                               0x08006cb1   Thumb Code    32  app.o(i.float_task)
    fputc                                    0x08006cd9   Thumb Code    24  uart3.o(i.fputc)
    generate8bitRandNum                      0x08006cf5   Thumb Code    40  fsmcontrol.o(i.generate8bitRandNum)
    generateCycleContent                     0x08006d1d   Thumb Code   280  fsmcontrol.o(i.generateCycleContent)
    generateMsg14Content                     0x08006e35   Thumb Code   208  fsmcontrol.o(i.generateMsg14Content)
    generateMsg14encapData                   0x08006f09   Thumb Code   376  fsmcontrol.o(i.generateMsg14encapData)
    generateMsg18Content                     0x08007085   Thumb Code   446  fsmcontrol.o(i.generateMsg18Content)
    generateMsg18encapData                   0x08007245   Thumb Code   350  fsmcontrol.o(i.generateMsg18encapData)
    generateMsg19Content                     0x080073a9   Thumb Code   256  fsmcontrol.o(i.generateMsg19Content)
    generateMsg19encapData                   0x080074ad   Thumb Code   468  fsmcontrol.o(i.generateMsg19encapData)
    generateMsg24AencapData                  0x08007685   Thumb Code   368  fsmcontrol.o(i.generateMsg24AencapData)
    generateMsg24BencapData                  0x080077f9   Thumb Code   356  fsmcontrol.o(i.generateMsg24BencapData)
    generateMsg24Content                     0x08007961   Thumb Code   764  fsmcontrol.o(i.generateMsg24Content)
    generateSafeAndInquiryContent            0x08007c61   Thumb Code   190  fsmcontrol.o(i.generateSafeAndInquiryContent)
    getAlterChannel                          0x08007d25   Thumb Code    28  fsmcontrol.o(i.getAlterChannel)
    getAreaValid                             0x08007d41   Thumb Code   362  fsmcontrol.o(i.getAreaValid)
    getAssignAlterChannel                    0x08007eab   Thumb Code   194  fsmcontrol.o(i.getAssignAlterChannel)
    getGPSInfomation                         0x08007f6d   Thumb Code   182  gps.o(i.getGPSInfomation)
    getHandoverAreaValid                     0x08008025   Thumb Code   900  fsmcontrol.o(i.getHandoverAreaValid)
    getMsg22ChannelManagerInfo               0x080083b1   Thumb Code   924  fsmcontrol.o(i.getMsg22ChannelManagerInfo)
    getOwn61162ToBeFramedInfo                0x0800874d   Thumb Code   310  mkdcontrol.o(i.getOwn61162ToBeFramedInfo)
    gps_mkd_trans_task                       0x08008885   Thumb Code   106  app.o(i.gps_mkd_trans_task)
    gps_tran_task                            0x08008905   Thumb Code   218  app.o(i.gps_tran_task)
    initMsg20Struct                          0x08008a15   Thumb Code    32  fsmcontrol.o(i.initMsg20Struct)
    initOtherDataFixedStruct                 0x08008a35   Thumb Code    50  testmkdcontrol.o(i.initOtherDataFixedStruct)
    initOtherDataStruct                      0x08008a6d   Thumb Code    32  testmkdcontrol.o(i.initOtherDataStruct)
    initVDLMsg20Struct                       0x08008a8d   Thumb Code   100  ais_ps_struct.o(i.initVDLMsg20Struct)
    initVDLMsg20StructPara                   0x08008af5   Thumb Code   154  ais_ps_struct.o(i.initVDLMsg20StructPara)
    initVDLMsg23Struct                       0x08008b9d   Thumb Code    56  ais_ps_struct.o(i.initVDLMsg23Struct)
    led_task                                 0x08008bdd   Thumb Code   140  app.o(i.led_task)
    main                                     0x08008c6d   Thumb Code    88  main.o(i.main)
    mkd_collecVDLShipMsg                     0x08008cd1   Thumb Code    72  mkdcontrol.o(i.mkd_collecVDLShipMsg)
    mkd_collectNewMsg                        0x08008d19   Thumb Code   100  mkdcontrol.o(i.mkd_collectNewMsg)
    mkd_control_task                         0x08008d7d   Thumb Code   156  app.o(i.mkd_control_task)
    prinfBinary                              0x08008e29   Thumb Code    44  testfsmcontrol.o(i.prinfBinary)
    rstFSMFrame19Struct                      0x08008e5d   Thumb Code    46  fsmcontrol.o(i.rstFSMFrame19Struct)
    rstFSMFrameStruct                        0x08008e8b   Thumb Code    48  fsmcontrol.o(i.rstFSMFrameStruct)
    rstMKDContentToBeFramedStruct            0x08008ebb   Thumb Code    66  mkdcontrol.o(i.rstMKDContentToBeFramedStruct)
    rstMKDFramedStruct                       0x08008efd   Thumb Code    32  mkdcontrol.o(i.rstMKDFramedStruct)
    setCycleCountNum                         0x08008f1d   Thumb Code   138  fsmcontrol.o(i.setCycleCountNum)
    setSupplierInfo                          0x08008fa9   Thumb Code   100  mkddata.o(i.setSupplierInfo)
    sqrt                                     0x08009011   Thumb Code   110  sqrt.o(i.sqrt)
    testAIS_StaticStruct                     0x0800907f   Thumb Code    72  mkddata.o(i.testAIS_StaticStruct)
    testChangeOtherShipContentTo61162        0x080090c9   Thumb Code   196  testmkdcontrol.o(i.testChangeOtherShipContentTo61162)
    testCheckFSMMsg20Struct                  0x08009229   Thumb Code   410  testfsmcontrol.o(i.testCheckFSMMsg20Struct)
    testCheckFSMMsg22Struct                  0x08009541   Thumb Code  1740  testfsmcontrol.o(i.testCheckFSMMsg22Struct)
    testCheckFSMMsg23Struct                  0x08009d11   Thumb Code   474  testfsmcontrol.o(i.testCheckFSMMsg23Struct)
    testCollectNewMsg                        0x0800a1a1   Thumb Code   224  testfsmcontrol.o(i.testCollectNewMsg)
    testGPS_InfoStruct                       0x0800a399   Thumb Code    92  gps.o(i.testGPS_InfoStruct)
    testGPS_InfoStructPara                   0x0800a3f5   Thumb Code    84  gps.o(i.testGPS_InfoStructPara)
    testGenerateMsg14Content                 0x0800a449   Thumb Code   312  testfsmcontrol.o(i.testGenerateMsg14Content)
    testGenerateMsg18Content                 0x0800a76d   Thumb Code  1660  testfsmcontrol.o(i.testGenerateMsg18Content)
    testGenerateMsg19Content                 0x0800af11   Thumb Code   452  testfsmcontrol.o(i.testGenerateMsg19Content)
    testMsg14                                0x0800b401   Thumb Code    34  test.o(i.testMsg14)
    testMsg18                                0x0800b439   Thumb Code   134  test.o(i.testMsg18)
    testMsg18Info                            0x0800b4e9   Thumb Code   514  test.o(i.testMsg18Info)
    testMsg19                                0x0800b70d   Thumb Code   112  test.o(i.testMsg19)
    testMsg20Info                            0x0800b79d   Thumb Code   274  test.o(i.testMsg20Info)
    testMsg22                                0x0800b8b5   Thumb Code  1254  test.o(i.testMsg22)
    testMsg22Handover                        0x0800bda9   Thumb Code   138  test.o(i.testMsg22Handover)
    testMsg23Info                            0x0800be65   Thumb Code   148  test.o(i.testMsg23Info)
    testMsg24                                0x0800bf21   Thumb Code   118  test.o(i.testMsg24)
    testMsg24Info                            0x0800bfbd   Thumb Code   418  test.o(i.testMsg24Info)
    testUpdataMsg20Struct                    0x0800c181   Thumb Code   536  testfsmcontrol.o(i.testUpdataMsg20Struct)
    testUpdataMsg22Struct                    0x0800c625   Thumb Code   440  testfsmcontrol.o(i.testUpdataMsg22Struct)
    testUpdataMsg23Struct                    0x0800ca75   Thumb Code   512  testfsmcontrol.o(i.testUpdataMsg23Struct)
    testUpdataVDMorVDOFrame                  0x0800cf61   Thumb Code   302  testmkdcontrol.o(i.testUpdataVDMorVDOFrame)
    testVDL_Msg15                            0x0800d215   Thumb Code    52  testfsmcontrol.o(i.testVDL_Msg15)
    testVDMFunction                          0x0800d251   Thumb Code   198  test_mkd.o(i.testVDMFunction)
    testgenerateMsg24Content                 0x0800d351   Thumb Code  1956  testfsmcontrol.o(i.testgenerateMsg24Content)
    updataAssignContent                      0x0800db5d   Thumb Code   134  fsmcontrol.o(i.updataAssignContent)
    updataGPSInfoStruct                      0x0800dbe3   Thumb Code    98  gps.o(i.updataGPSInfoStruct)
    updataMsg20Struct                        0x0800dc45   Thumb Code   776  fsmcontrol.o(i.updataMsg20Struct)
    updataMsg22Struct                        0x0800df4d   Thumb Code   628  fsmcontrol.o(i.updataMsg22Struct)
    updataMsg23Struct                        0x0800e1dd   Thumb Code   522  fsmcontrol.o(i.updataMsg23Struct)
    updataToBeFrameInfo                      0x0800e3f1   Thumb Code   156  mkdcontrol.o(i.updataToBeFrameInfo)
    updataVDMorVDOFrame                      0x0800e48d   Thumb Code  1438  mkdcontrol.o(i.updataVDMorVDOFrame)
    _get_lc_numeric                          0x0800ea2d   Thumb Code    44  lc_numeric_c.o(locale$$code)
    __aeabi_dneg                             0x0800ea59   Thumb Code     0  basic.o(x$fpl$basic)
    _dneg                                    0x0800ea59   Thumb Code     6  basic.o(x$fpl$basic)
    __aeabi_fneg                             0x0800ea5f   Thumb Code     0  basic.o(x$fpl$basic)
    _fneg                                    0x0800ea5f   Thumb Code     6  basic.o(x$fpl$basic)
    _dabs                                    0x0800ea65   Thumb Code     6  basic.o(x$fpl$basic)
    _fabs                                    0x0800ea6b   Thumb Code     6  basic.o(x$fpl$basic)
    __aeabi_dadd                             0x0800ea71   Thumb Code     0  daddsub_clz.o(x$fpl$dadd)
    _dadd                                    0x0800ea71   Thumb Code   332  daddsub_clz.o(x$fpl$dadd)
    __fpl_dcmp_Inf                           0x0800ebc1   Thumb Code    24  dcmpi.o(x$fpl$dcmpinf)
    __aeabi_ddiv                             0x0800ebd9   Thumb Code     0  ddiv.o(x$fpl$ddiv)
    _ddiv                                    0x0800ebd9   Thumb Code   552  ddiv.o(x$fpl$ddiv)
    __aeabi_cdcmpeq                          0x0800ee89   Thumb Code     0  deqf.o(x$fpl$deqf)
    _dcmpeq                                  0x0800ee89   Thumb Code   120  deqf.o(x$fpl$deqf)
    __aeabi_d2iz                             0x0800ef01   Thumb Code     0  dfix.o(x$fpl$dfix)
    _dfix                                    0x0800ef01   Thumb Code    94  dfix.o(x$fpl$dfix)
    __aeabi_i2d                              0x0800ef5f   Thumb Code     0  dflt_clz.o(x$fpl$dflt)
    _dflt                                    0x0800ef5f   Thumb Code    46  dflt_clz.o(x$fpl$dflt)
    __aeabi_ui2d                             0x0800ef8d   Thumb Code     0  dflt_clz.o(x$fpl$dfltu)
    _dfltu                                   0x0800ef8d   Thumb Code    38  dflt_clz.o(x$fpl$dfltu)
    __aeabi_cdcmple                          0x0800efb5   Thumb Code     0  dleqf.o(x$fpl$dleqf)
    _dcmple                                  0x0800efb5   Thumb Code   120  dleqf.o(x$fpl$dleqf)
    __fpl_dcmple_InfNaN                      0x0800f017   Thumb Code     0  dleqf.o(x$fpl$dleqf)
    __aeabi_dmul                             0x0800f02d   Thumb Code     0  dmul.o(x$fpl$dmul)
    _dmul                                    0x0800f02d   Thumb Code   332  dmul.o(x$fpl$dmul)
    __fpl_dnaninf                            0x0800f181   Thumb Code   156  dnaninf.o(x$fpl$dnaninf)
    __fpl_dretinf                            0x0800f21d   Thumb Code    12  dretinf.o(x$fpl$dretinf)
    __aeabi_cdrcmple                         0x0800f229   Thumb Code     0  drleqf.o(x$fpl$drleqf)
    _drcmple                                 0x0800f229   Thumb Code   108  drleqf.o(x$fpl$drleqf)
    __aeabi_drsub                            0x0800f295   Thumb Code     0  daddsub_clz.o(x$fpl$drsb)
    _drsb                                    0x0800f295   Thumb Code    22  daddsub_clz.o(x$fpl$drsb)
    _dsqrt                                   0x0800f2ad   Thumb Code   404  dsqrt_umaal.o(x$fpl$dsqrt)
    __aeabi_dsub                             0x0800f445   Thumb Code     0  daddsub_clz.o(x$fpl$dsub)
    _dsub                                    0x0800f445   Thumb Code   464  daddsub_clz.o(x$fpl$dsub)
    _fp_init                                 0x0800f619   Thumb Code    10  fpinit.o(x$fpl$fpinit)
    __fplib_config_fpu_vfp                   0x0800f621   Thumb Code     0  fpinit.o(x$fpl$fpinit)
    __fplib_config_pureend_doubles           0x0800f621   Thumb Code     0  fpinit.o(x$fpl$fpinit)
    _printf_fp_dec                           0x0800f623   Thumb Code     4  printf1.o(x$fpl$printf1)
    OSUnMapTbl                               0x0800f626   Data         256  os_core.o(.constdata)
    __I$use$fp                               0x0800f626   Number         0  usenofp.o(x$fpl$usenofp)
    Region$$Table$$Base                      0x0800facc   Number         0  anon$$obj.o(Region$$Table)
    Region$$Table$$Limit                     0x0800faec   Number         0  anon$$obj.o(Region$$Table)
    __stdout                                 0x20000028   Data           4  uart3.o(.data)
    isFPGAVDLDataNewIn                       0x20000039   Data           1  ps_fpga_interface.o(.data)
    isVDLMsg15NewIn                          0x2000003a   Data           1  ps_fpga_interface.o(.data)
    isVDLMsg20NewIn                          0x2000003b   Data           1  ps_fpga_interface.o(.data)
    isVDLMsg22NewIn                          0x2000003c   Data           1  ps_fpga_interface.o(.data)
    isVDLMsg23NewIn                          0x2000003d   Data           1  ps_fpga_interface.o(.data)
    isOtherShipMsgNewIn                      0x2000003e   Data           1  ps_fpga_interface.o(.data)
    str                                      0x2000003f   Data          28  testmkdcontrol.o(.data)
    fillBias                                 0x2000005b   Data           1  testmkdcontrol.o(.data)
    ais_rcvMsgIDStruct                       0x2000005c   Data           2  mkddata.o(.data)
    ais_msgIDStruct                          0x2000005e   Data           2  mkddata.o(.data)
    mkd_data1                                0x20000060   Data          54  mkddata.o(.data)
    mkd_data2                                0x20000096   Data          64  mkddata.o(.data)
    mkd_data3                                0x200000d6   Data          36  mkddata.o(.data)
    QSem                                     0x200000fc   Data           4  app.o(.data)
    Q_mkd_ais                                0x20000100   Data           4  app.o(.data)
    Q_mkd_GPS                                0x20000104   Data           4  app.o(.data)
    AIS_FLAG                                 0x20000108   Data           4  app.o(.data)
    GPS_FLAG                                 0x2000010c   Data           4  app.o(.data)
    UART1_Tx_FLAG                            0x20000110   Data           4  app.o(.data)
    Tx_Mkd_Mutex                             0x20000114   Data           4  app.o(.data)
    OSCtxSwCtr                               0x20000130   Data           4  os_core.o(.data)
    OSEventFreeList                          0x20000134   Data           4  os_core.o(.data)
    OSFlagFreeList                           0x20000138   Data           4  os_core.o(.data)
    OSCPUUsage                               0x2000013c   Data           1  os_core.o(.data)
    OSIdleCtrMax                             0x20000140   Data           4  os_core.o(.data)
    OSIdleCtrRun                             0x20000144   Data           4  os_core.o(.data)
    OSStatRdy                                0x20000148   Data           1  os_core.o(.data)
    OSIntNesting                             0x20000149   Data           1  os_core.o(.data)
    OSLockNesting                            0x2000014a   Data           1  os_core.o(.data)
    OSPrioCur                                0x2000014b   Data           1  os_core.o(.data)
    OSPrioHighRdy                            0x2000014c   Data           1  os_core.o(.data)
    OSRdyGrp                                 0x2000014d   Data           1  os_core.o(.data)
    OSRdyTbl                                 0x2000014e   Data           8  os_core.o(.data)
    OSRunning                                0x20000156   Data           1  os_core.o(.data)
    OSTaskCtr                                0x20000157   Data           1  os_core.o(.data)
    OSIdleCtr                                0x20000158   Data           4  os_core.o(.data)
    OSTCBCur                                 0x2000015c   Data           4  os_core.o(.data)
    OSTCBFreeList                            0x20000160   Data           4  os_core.o(.data)
    OSTCBHighRdy                             0x20000164   Data           4  os_core.o(.data)
    OSTCBList                                0x20000168   Data           4  os_core.o(.data)
    OSTickStepState                          0x2000016c   Data           1  os_core.o(.data)
    OSMemFreeList                            0x20000170   Data           4  os_core.o(.data)
    OSQFreeList                              0x20000174   Data           4  os_core.o(.data)
    OSTime                                   0x20000178   Data           4  os_core.o(.data)
    SPI2_RX0                                 0x2000017c   Data          76  spi.o(.bss)
    SPI2_RX1                                 0x200001c8   Data          76  spi.o(.bss)
    Uart1_Rx1                                0x20000214   Data         100  uart1.o(.bss)
    Uart1_Tx1                                0x20000278   Data         800  uart1.o(.bss)
    Uart2_GPS1                               0x200005e4   Data        1024  uart2.o(.bss)
    Uart2_GPS2                               0x200009e4   Data        1024  uart2.o(.bss)
    Uart3_Rx1                                0x20000e30   Data          20  uart3.o(.bss)
    Uart3_Rx2                                0x20000e44   Data          20  uart3.o(.bss)
    SPI3_TX0                                 0x20000ed0   Data          76  spi3.o(.bss)
    fsm_dataStruct                           0x20000f20   Data         734  fsmcontrol.o(.bss)
    fsm_controlStruct                        0x20001200   Data         832  fsmcontrol.o(.bss)
    mkd_controlStruct                        0x20001540   Data         262  mkdcontrol.o(.bss)
    mkd_dataStruct                           0x20001646   Data         860  mkdcontrol.o(.bss)
    recVDLMsg15                              0x200019a4   Data          28  ps_fpga_interface.o(.bss)
    recVDLMsg20                              0x200019c0   Data          44  ps_fpga_interface.o(.bss)
    recVDLMsg22                              0x200019ec   Data          32  ps_fpga_interface.o(.bss)
    recVDLMsg23                              0x20001a0c   Data          28  ps_fpga_interface.o(.bss)
    otherShipMsg                             0x20001a28   Data         135  ps_fpga_interface.o(.bss)
    gps_infoStruct                           0x20001ab0   Data          44  gps.o(.bss)
    gps_RMCMsgStruct                         0x20001adc   Data          40  gps.o(.bss)
    ais_staticDataStruct                     0x20001b04   Data         216  mkddata.o(.bss)
    ais_bbmMsgStruct                         0x20001bdc   Data         266  mkddata.o(.bss)
    LED_TASK_STK                             0x20001ce8   Data         256  app.o(.bss)
    FLOAT_TASK_STK                           0x20001de8   Data         512  app.o(.bss)
    AIS_TASK_STK                             0x20001fe8   Data         512  app.o(.bss)
    GPS_TASK_STK                             0x200021e8   Data         512  app.o(.bss)
    AIS_Analysis_TASK_STK                    0x200023e8   Data         512  app.o(.bss)
    AIS_MKD_TASK_STK                         0x200025e8   Data        1024  app.o(.bss)
    AIS_MKD_TRANS_TASK_STK                   0x200029e8   Data         512  app.o(.bss)
    GPS_MKD_TRANS_TASK_STK                   0x20002be8   Data         512  app.o(.bss)
    MsgQeueTb                                0x20002de8   Data          80  app.o(.bss)
    Partition                                0x20002e38   Data        8000  app.o(.bss)
    MsgQ_Mkd                                 0x20004d78   Data          80  app.o(.bss)
    MsgQ_Mkd_Buf                             0x20004dc8   Data        4000  app.o(.bss)
    MsgQ_GPS                                 0x20005d68   Data          80  app.o(.bss)
    MsgQ_GPS_Buf                             0x20005db8   Data       16000  app.o(.bss)
    OSEventTbl                               0x20009c38   Data         200  os_core.o(.bss)
    OSFlagTbl                                0x20009d00   Data          80  os_core.o(.bss)
    OSTaskStatStk                            0x20009d50   Data         512  os_core.o(.bss)
    OSTaskIdleStk                            0x20009f50   Data         512  os_core.o(.bss)
    OSTCBPrioTbl                             0x2000a150   Data         256  os_core.o(.bss)
    OSTCBTbl                                 0x2000a250   Data        1008  os_core.o(.bss)
    OSMemTbl                                 0x2000a640   Data          24  os_core.o(.bss)
    OSQTbl                                   0x2000a658   Data         120  os_core.o(.bss)
    _random_number_data                      0x2000a6d0   Data         228  rand.o(.bss)
    __libspace_start                         0x2000a7b4   Data          96  libspace.o(.bss)
    __temporary_stack_top$libspace           0x2000a814   Data           0  libspace.o(.bss)



==============================================================================

Memory Map of the image

  Image Entry point : 0x08000189

  Load Region LR_IROM1 (Base: 0x08000000, Size: 0x0000fc84, Max: 0x00080000, ABSOLUTE, COMPRESSED[0x0000fbbc])

    Execution Region ER_IROM1 (Base: 0x08000000, Size: 0x0000fb08, Max: 0x00080000, ABSOLUTE)

    Base Addr    Size         Type   Attr      Idx    E Section Name        Object

    0x08000000   0x00000188   Data   RO          347    RESET               startup_stm32f40_41xxx.o
    0x08000188   0x00000008   Code   RO         6367  * !!!main             c_w.l(__main.o)
    0x08000190   0x00000034   Code   RO         6758    !!!scatter          c_w.l(__scatter.o)
    0x080001c4   0x0000005a   Code   RO         6756    !!dczerorl2         c_w.l(__dczerorl2.o)
    0x0800021e   0x00000002   PAD
    0x08000220   0x0000001c   Code   RO         6760    !!handler_zi        c_w.l(__scatter_zi.o)
    0x0800023c   0x00000000   Code   RO         6353    .ARM.Collect$$_printf_percent$$00000000  c_w.l(_printf_percent.o)
    0x0800023c   0x00000006   Code   RO         6352    .ARM.Collect$$_printf_percent$$00000003  c_w.l(_printf_f.o)
    0x08000242   0x00000006   Code   RO         6351    .ARM.Collect$$_printf_percent$$00000009  c_w.l(_printf_d.o)
    0x08000248   0x00000006   Code   RO         6350    .ARM.Collect$$_printf_percent$$0000000C  c_w.l(_printf_x.o)
    0x0800024e   0x00000006   Code   RO         6349    .ARM.Collect$$_printf_percent$$00000013  c_w.l(_printf_c.o)
    0x08000254   0x00000004   Code   RO         6464    .ARM.Collect$$_printf_percent$$00000017  c_w.l(_printf_percent_end.o)
    0x08000258   0x00000002   Code   RO         6697    .ARM.Collect$$libinit$$00000000  c_w.l(libinit.o)
    0x0800025a   0x00000004   Code   RO         6467    .ARM.Collect$$libinit$$00000001  c_w.l(libinit2.o)
    0x0800025e   0x00000000   Code   RO         6470    .ARM.Collect$$libinit$$00000004  c_w.l(libinit2.o)
    0x0800025e   0x00000000   Code   RO         6473    .ARM.Collect$$libinit$$0000000A  c_w.l(libinit2.o)
    0x0800025e   0x00000000   Code   RO         6475    .ARM.Collect$$libinit$$0000000C  c_w.l(libinit2.o)
    0x0800025e   0x00000004   Code   RO         6476    .ARM.Collect$$libinit$$0000000D  c_w.l(libinit2.o)
    0x08000262   0x00000000   Code   RO         6477    .ARM.Collect$$libinit$$0000000E  c_w.l(libinit2.o)
    0x08000262   0x00000006   Code   RO         6478    .ARM.Collect$$libinit$$0000000F  c_w.l(libinit2.o)
    0x08000268   0x00000000   Code   RO         6480    .ARM.Collect$$libinit$$00000011  c_w.l(libinit2.o)
    0x08000268   0x00000000   Code   RO         6482    .ARM.Collect$$libinit$$00000013  c_w.l(libinit2.o)
    0x08000268   0x00000000   Code   RO         6484    .ARM.Collect$$libinit$$00000015  c_w.l(libinit2.o)
    0x08000268   0x0000000a   Code   RO         6485    .ARM.Collect$$libinit$$00000016  c_w.l(libinit2.o)
    0x08000272   0x00000000   Code   RO         6486    .ARM.Collect$$libinit$$00000017  c_w.l(libinit2.o)
    0x08000272   0x00000000   Code   RO         6488    .ARM.Collect$$libinit$$00000019  c_w.l(libinit2.o)
    0x08000272   0x00000000   Code   RO         6490    .ARM.Collect$$libinit$$0000001B  c_w.l(libinit2.o)
    0x08000272   0x00000000   Code   RO         6492    .ARM.Collect$$libinit$$0000001D  c_w.l(libinit2.o)
    0x08000272   0x00000000   Code   RO         6494    .ARM.Collect$$libinit$$0000001F  c_w.l(libinit2.o)
    0x08000272   0x00000000   Code   RO         6496    .ARM.Collect$$libinit$$00000021  c_w.l(libinit2.o)
    0x08000272   0x00000000   Code   RO         6498    .ARM.Collect$$libinit$$00000023  c_w.l(libinit2.o)
    0x08000272   0x00000000   Code   RO         6500    .ARM.Collect$$libinit$$00000025  c_w.l(libinit2.o)
    0x08000272   0x00000000   Code   RO         6504    .ARM.Collect$$libinit$$0000002C  c_w.l(libinit2.o)
    0x08000272   0x00000000   Code   RO         6506    .ARM.Collect$$libinit$$0000002E  c_w.l(libinit2.o)
    0x08000272   0x00000000   Code   RO         6508    .ARM.Collect$$libinit$$00000030  c_w.l(libinit2.o)
    0x08000272   0x00000000   Code   RO         6510    .ARM.Collect$$libinit$$00000032  c_w.l(libinit2.o)
    0x08000272   0x00000002   Code   RO         6511    .ARM.Collect$$libinit$$00000033  c_w.l(libinit2.o)
    0x08000274   0x00000002   Code   RO         6753    .ARM.Collect$$libshutdown$$00000000  c_w.l(libshutdown.o)
    0x08000276   0x00000000   Code   RO         6709    .ARM.Collect$$libshutdown$$00000002  c_w.l(libshutdown2.o)
    0x08000276   0x00000000   Code   RO         6711    .ARM.Collect$$libshutdown$$00000004  c_w.l(libshutdown2.o)
    0x08000276   0x00000000   Code   RO         6714    .ARM.Collect$$libshutdown$$00000007  c_w.l(libshutdown2.o)
    0x08000276   0x00000000   Code   RO         6717    .ARM.Collect$$libshutdown$$0000000A  c_w.l(libshutdown2.o)
    0x08000276   0x00000000   Code   RO         6719    .ARM.Collect$$libshutdown$$0000000C  c_w.l(libshutdown2.o)
    0x08000276   0x00000000   Code   RO         6722    .ARM.Collect$$libshutdown$$0000000F  c_w.l(libshutdown2.o)
    0x08000276   0x00000002   Code   RO         6723    .ARM.Collect$$libshutdown$$00000010  c_w.l(libshutdown2.o)
    0x08000278   0x00000000   Code   RO         6426    .ARM.Collect$$rtentry$$00000000  c_w.l(__rtentry.o)
    0x08000278   0x00000000   Code   RO         6567    .ARM.Collect$$rtentry$$00000002  c_w.l(__rtentry2.o)
    0x08000278   0x00000006   Code   RO         6579    .ARM.Collect$$rtentry$$00000004  c_w.l(__rtentry4.o)
    0x0800027e   0x00000000   Code   RO         6569    .ARM.Collect$$rtentry$$00000009  c_w.l(__rtentry2.o)
    0x0800027e   0x00000004   Code   RO         6570    .ARM.Collect$$rtentry$$0000000A  c_w.l(__rtentry2.o)
    0x08000282   0x00000000   Code   RO         6572    .ARM.Collect$$rtentry$$0000000C  c_w.l(__rtentry2.o)
    0x08000282   0x00000008   Code   RO         6573    .ARM.Collect$$rtentry$$0000000D  c_w.l(__rtentry2.o)
    0x0800028a   0x00000002   Code   RO         6698    .ARM.Collect$$rtexit$$00000000  c_w.l(rtexit.o)
    0x0800028c   0x00000000   Code   RO         6727    .ARM.Collect$$rtexit$$00000002  c_w.l(rtexit2.o)
    0x0800028c   0x00000004   Code   RO         6728    .ARM.Collect$$rtexit$$00000003  c_w.l(rtexit2.o)
    0x08000290   0x00000006   Code   RO         6729    .ARM.Collect$$rtexit$$00000004  c_w.l(rtexit2.o)
    0x08000296   0x00000002   PAD
    0x08000298   0x00000034   Code   RO         6354    .emb_text           c_w.l(rand.o)
    0x080002cc   0x00000040   Code   RO          348    .text               startup_stm32f40_41xxx.o
    0x0800030c   0x000000c8   Code   RO         6143    .text               os_cpu_a.o
    0x080003d4   0x00000012   Code   RO         6238    .text               c_w.l(sys_time.o)
    0x080003e6   0x00000002   PAD
    0x080003e8   0x00000018   Code   RO         6300    .text               c_w.l(noretval__2printf.o)
    0x08000400   0x00000068   Code   RO         6302    .text               c_w.l(__printf.o)
    0x08000468   0x00000052   Code   RO         6304    .text               c_w.l(_printf_str.o)
    0x080004ba   0x00000002   PAD
    0x080004bc   0x00000078   Code   RO         6306    .text               c_w.l(_printf_dec.o)
    0x08000534   0x00000058   Code   RO         6311    .text               c_w.l(_printf_hex_int.o)
    0x0800058c   0x0000003c   Code   RO         6355    .text               c_w.l(rand.o)
    0x080005c8   0x0000003e   Code   RO         6359    .text               c_w.l(strlen.o)
    0x08000606   0x00000064   Code   RO         6361    .text               c_w.l(rt_memcpy_w.o)
    0x0800066a   0x00000006   Code   RO         6365    .text               c_w.l(heapauxi.o)
    0x08000670   0x00000002   Code   RO         6421    .text               c_w.l(use_no_semi.o)
    0x08000672   0x00000000   Code   RO         6425    .text               c_w.l(indicate_semi.o)
    0x08000672   0x00000016   Code   RO         6454    .text               c_w.l(_rserrno.o)
    0x08000688   0x000000b2   Code   RO         6456    .text               c_w.l(_printf_intcommon.o)
    0x0800073a   0x0000041a   Code   RO         6458    .text               c_w.l(_printf_fp_dec.o)
    0x08000b54   0x0000002c   Code   RO         6460    .text               c_w.l(_printf_char.o)
    0x08000b80   0x00000024   Code   RO         6462    .text               c_w.l(_printf_char_file.o)
    0x08000ba4   0x00000008   Code   RO         6563    .text               c_w.l(libspace.o)
    0x08000bac   0x00000008   Code   RO         6584    .text               c_w.l(rt_locale_intlibspace.o)
    0x08000bb4   0x00000008   Code   RO         6589    .text               c_w.l(rt_errno_addr_intlibspace.o)
    0x08000bbc   0x0000008a   Code   RO         6601    .text               c_w.l(lludiv10.o)
    0x08000c46   0x00000002   PAD
    0x08000c48   0x00000030   Code   RO         6603    .text               c_w.l(_printf_char_common.o)
    0x08000c78   0x00000080   Code   RO         6605    .text               c_w.l(_printf_fp_infnan.o)
    0x08000cf8   0x000000dc   Code   RO         6607    .text               c_w.l(bigflt0.o)
    0x08000dd4   0x00000008   Code   RO         6632    .text               c_w.l(ferror.o)
    0x08000ddc   0x0000004a   Code   RO         6670    .text               c_w.l(sys_stackheap_outer.o)
    0x08000e26   0x00000012   Code   RO         6680    .text               c_w.l(exit.o)
    0x08000e38   0x00000080   Code   RO         6686    .text               c_w.l(strcmpv7m.o)
    0x08000eb8   0x0000003e   Code   RO         6610    CL$$btod_d2e        c_w.l(btod.o)
    0x08000ef6   0x00000046   Code   RO         6612    CL$$btod_d2e_denorm_low  c_w.l(btod.o)
    0x08000f3c   0x00000060   Code   RO         6611    CL$$btod_d2e_norm_op1  c_w.l(btod.o)
    0x08000f9c   0x00000338   Code   RO         6620    CL$$btod_div_common  c_w.l(btod.o)
    0x080012d4   0x000000c6   Code   RO         6617    CL$$btod_e2e        c_w.l(btod.o)
    0x0800139a   0x00000028   Code   RO         6614    CL$$btod_ediv       c_w.l(btod.o)
    0x080013c2   0x00000028   Code   RO         6613    CL$$btod_emul       c_w.l(btod.o)
    0x080013ea   0x00000244   Code   RO         6619    CL$$btod_mult_common  c_w.l(btod.o)
    0x0800162e   0x00000002   PAD
    0x08001630   0x00000114   Code   RO         1759    i.App_TaskStart     app.o
    0x08001744   0x00000004   Code   RO          245    i.BusFault_Handler  stm32f4xx_it.o
    0x08001748   0x0000003c   Code   RO          354    i.DMA1_Stream3_IRQHandler  spi.o
    0x08001784   0x00000030   Code   RO          685    i.DMA1_Stream7_IRQHandler  spi3.o
    0x080017b4   0x0000003c   Code   RO          456    i.DMA2_Stream7_IRQHandler  uart1.o
    0x080017f0   0x00000034   Code   RO         5262    i.DMA_ClearITPendingBit  stm32f4xx_dma.o
    0x08001824   0x00000016   Code   RO         5263    i.DMA_Cmd           stm32f4xx_dma.o
    0x0800183a   0x00000002   PAD
    0x0800183c   0x00000158   Code   RO         5264    i.DMA_DeInit        stm32f4xx_dma.o
    0x08001994   0x00000016   Code   RO         5265    i.DMA_DoubleBufferModeCmd  stm32f4xx_dma.o
    0x080019aa   0x00000018   Code   RO         5266    i.DMA_DoubleBufferModeConfig  stm32f4xx_dma.o
    0x080019c2   0x00000008   Code   RO         5269    i.DMA_GetCurrDataCounter  stm32f4xx_dma.o
    0x080019ca   0x00000014   Code   RO         5270    i.DMA_GetCurrentMemoryTarget  stm32f4xx_dma.o
    0x080019de   0x00000002   PAD
    0x080019e0   0x00000064   Code   RO         5273    i.DMA_GetITStatus   stm32f4xx_dma.o
    0x08001a44   0x0000003a   Code   RO         5274    i.DMA_ITConfig      stm32f4xx_dma.o
    0x08001a7e   0x00000002   PAD
    0x08001a80   0x00000058   Code   RO         5275    i.DMA_Init          stm32f4xx_dma.o
    0x08001ad8   0x00000004   Code   RO         5278    i.DMA_SetCurrDataCounter  stm32f4xx_dma.o
    0x08001adc   0x00000002   Code   RO          246    i.DebugMon_Handler  stm32f4xx_it.o
    0x08001ade   0x00000090   Code   RO         2672    i.GPIO_Init         stm32f4xx_gpio.o
    0x08001b6e   0x00000046   Code   RO         2673    i.GPIO_PinAFConfig  stm32f4xx_gpio.o
    0x08001bb4   0x00000004   Code   RO         2679    i.GPIO_ResetBits    stm32f4xx_gpio.o
    0x08001bb8   0x00000004   Code   RO         2680    i.GPIO_SetBits      stm32f4xx_gpio.o
    0x08001bbc   0x00000448   Code   RO         1553    i.Get_GPS_RMCMsg    gps.o
    0x08002004   0x00000004   Code   RO          247    i.HardFault_Handler  stm32f4xx_it.o
    0x08002008   0x00000058   Code   RO          433    i.LED_Init          led.o
    0x08002060   0x0000003e   Code   RO         1048    i.MKDInit           mkdcontrol.o
    0x0800209e   0x00000004   Code   RO          248    i.MemManage_Handler  stm32f4xx_it.o
    0x080020a2   0x00000002   Code   RO          249    i.NMI_Handler       stm32f4xx_it.o
    0x080020a4   0x00000078   Code   RO         1860    i.NVIC_Init         misc.o
    0x0800211c   0x00000014   Code   RO         1861    i.NVIC_PriorityGroupConfig  misc.o
    0x08002130   0x00000064   Code   RO         5579    i.OSFlagCreate      os_flag.o
    0x08002194   0x00000254   Code   RO         5583    i.OSFlagPend        os_flag.o
    0x080023e8   0x00000138   Code   RO         5585    i.OSFlagPost        os_flag.o
    0x08002520   0x00000030   Code   RO         5389    i.OSInit            os_core.o
    0x08002550   0x00000002   Code   RO         6148    i.OSInitHookBegin   os_cpu_c.o
    0x08002552   0x00000002   Code   RO         6149    i.OSInitHookEnd     os_cpu_c.o
    0x08002554   0x00000024   Code   RO         5390    i.OSIntEnter        os_core.o
    0x08002578   0x00000090   Code   RO         5391    i.OSIntExit         os_core.o
    0x08002608   0x00000094   Code   RO         5787    i.OSMutexCreate     os_mutex.o
    0x0800269c   0x00000238   Code   RO         5789    i.OSMutexPend       os_mutex.o
    0x080028d4   0x000000c8   Code   RO         5790    i.OSMutexPost       os_mutex.o
    0x0800299c   0x00000084   Code   RO         5792    i.OSMutex_RdyAtPrio  os_mutex.o
    0x08002a20   0x00000098   Code   RO         5842    i.OSQCreate         os_q.o
    0x08002ab8   0x0000011c   Code   RO         5845    i.OSQPend           os_q.o
    0x08002bd4   0x00000072   Code   RO         5847    i.OSQPost           os_q.o
    0x08002c46   0x00000002   PAD
    0x08002c48   0x0000004c   Code   RO         5922    i.OSSemCreate       os_sem.o
    0x08002c94   0x000000ec   Code   RO         5924    i.OSSemPend         os_sem.o
    0x08002d80   0x00000058   Code   RO         5926    i.OSSemPost         os_sem.o
    0x08002dd8   0x00000048   Code   RO         5394    i.OSStart           os_core.o
    0x08002e20   0x00000002   Code   RO         6150    i.OSTCBInitHook     os_cpu_c.o
    0x08002e22   0x00000002   PAD
    0x08002e24   0x000000a0   Code   RO         5984    i.OSTaskCreate      os_task.o
    0x08002ec4   0x000000b8   Code   RO         5985    i.OSTaskCreateExt   os_task.o
    0x08002f7c   0x00000002   Code   RO         6151    i.OSTaskCreateHook  os_cpu_c.o
    0x08002f7e   0x00000002   PAD
    0x08002f80   0x00000154   Code   RO         5986    i.OSTaskDel         os_task.o
    0x080030d4   0x00000002   Code   RO         6152    i.OSTaskDelHook     os_cpu_c.o
    0x080030d6   0x00000002   Code   RO         6153    i.OSTaskIdleHook    os_cpu_c.o
    0x080030d8   0x00000070   Code   RO         5989    i.OSTaskNameSet     os_task.o
    0x08003148   0x00000002   Code   RO         6154    i.OSTaskReturnHook  os_cpu_c.o
    0x0800314a   0x00000002   Code   RO         6155    i.OSTaskStatHook    os_cpu_c.o
    0x0800314c   0x0000008c   Code   RO         5994    i.OSTaskStkChk      os_task.o
    0x080031d8   0x000001b0   Code   RO         6156    i.OSTaskStkInit     os_cpu_c.o
    0x08003388   0x000000a8   Code   RO         5995    i.OSTaskSuspend     os_task.o
    0x08003430   0x00000002   Code   RO         6157    i.OSTaskSwHook      os_cpu_c.o
    0x08003432   0x00000002   PAD
    0x08003434   0x00000078   Code   RO         6087    i.OSTimeDly         os_time.o
    0x080034ac   0x000000ec   Code   RO         5396    i.OSTimeTick        os_core.o
    0x08003598   0x00000002   Code   RO         6158    i.OSTimeTickHook    os_cpu_c.o
    0x0800359a   0x00000002   Code   RO         5398    i.OS_Dummy          os_core.o
    0x0800359c   0x00000084   Code   RO         5399    i.OS_EventTaskRdy   os_core.o
    0x08003620   0x0000002a   Code   RO         5400    i.OS_EventTaskRemove  os_core.o
    0x0800364a   0x00000002   PAD
    0x0800364c   0x0000007c   Code   RO         5401    i.OS_EventTaskWait  os_core.o
    0x080036c8   0x0000001c   Code   RO         5402    i.OS_EventWaitListInit  os_core.o
    0x080036e4   0x000000a4   Code   RO         5587    i.OS_FlagBlock      os_flag.o
    0x08003788   0x00000058   Code   RO         5588    i.OS_FlagInit       os_flag.o
    0x080037e0   0x0000005c   Code   RO         5589    i.OS_FlagTaskRdy    os_flag.o
    0x0800383c   0x00000024   Code   RO         5590    i.OS_FlagUnlink     os_flag.o
    0x08003860   0x00000054   Code   RO         5403    i.OS_InitEventList  os_core.o
    0x080038b4   0x00000054   Code   RO         5404    i.OS_InitMisc       os_core.o
    0x08003908   0x00000044   Code   RO         5405    i.OS_InitRdyList    os_core.o
    0x0800394c   0x00000080   Code   RO         5406    i.OS_InitTCBList    os_core.o
    0x080039cc   0x00000050   Code   RO         5407    i.OS_InitTaskIdle   os_core.o
    0x08003a1c   0x00000050   Code   RO         5408    i.OS_InitTaskStat   os_core.o
    0x08003a6c   0x00000012   Code   RO         5409    i.OS_MemClr         os_core.o
    0x08003a7e   0x00000002   PAD
    0x08003a80   0x00000024   Code   RO         5736    i.OS_MemInit        os_mem.o
    0x08003aa4   0x00000050   Code   RO         5851    i.OS_QInit          os_q.o
    0x08003af4   0x00000074   Code   RO         5411    i.OS_Sched          os_core.o
    0x08003b68   0x0000002c   Code   RO         5412    i.OS_SchedNew       os_core.o
    0x08003b94   0x00000134   Code   RO         5414    i.OS_TCBInit        os_core.o
    0x08003cc8   0x00000028   Code   RO         5415    i.OS_TaskIdle       os_core.o
    0x08003cf0   0x00000018   Code   RO         5996    i.OS_TaskReturn     os_task.o
    0x08003d08   0x00000088   Code   RO         5416    i.OS_TaskStat       os_core.o
    0x08003d90   0x0000003c   Code   RO         5417    i.OS_TaskStatStkChk  os_core.o
    0x08003dcc   0x0000001a   Code   RO         5997    i.OS_TaskStkClr     os_task.o
    0x08003de6   0x00000002   PAD
    0x08003de8   0x00000020   Code   RO          554    i.Putc_UART3        uart3.o
    0x08003e08   0x00000020   Code   RO         3312    i.RCC_AHB1PeriphClockCmd  stm32f4xx_rcc.o
    0x08003e28   0x00000020   Code   RO         3315    i.RCC_AHB2PeriphClockCmd  stm32f4xx_rcc.o
    0x08003e48   0x00000020   Code   RO         3321    i.RCC_APB1PeriphClockCmd  stm32f4xx_rcc.o
    0x08003e68   0x00000020   Code   RO         3324    i.RCC_APB2PeriphClockCmd  stm32f4xx_rcc.o
    0x08003e88   0x000000e8   Code   RO         3333    i.RCC_GetClocksFreq  stm32f4xx_rcc.o
    0x08003f70   0x00000024   Code   RO         3648    i.RNG_Cmd           stm32f4xx_rng.o
    0x08003f94   0x00000018   Code   RO         3650    i.RNG_GetFlagStatus  stm32f4xx_rng.o
    0x08003fac   0x0000003c   Code   RO          647    i.RNG_Init          rng.o
    0x08003fe8   0x00000164   Code   RO          355    i.SPI2_Init         spi.o
    0x0800414c   0x00000028   Code   RO          357    i.SPI2_SetSpeed     spi.o
    0x08004174   0x0000016c   Code   RO          686    i.SPI3_Init         spi3.o
    0x080042e0   0x00000028   Code   RO          688    i.SPI3_SetSpeed     spi3.o
    0x08004308   0x00000018   Code   RO         4235    i.SPI_Cmd           stm32f4xx_spi.o
    0x08004320   0x00000012   Code   RO         4241    i.SPI_I2S_DMACmd    stm32f4xx_spi.o
    0x08004332   0x0000003c   Code   RO         4248    i.SPI_Init          stm32f4xx_spi.o
    0x0800436e   0x00000002   Code   RO          250    i.SVC_Handler       stm32f4xx_it.o
    0x08004370   0x000000ec   Code   RO          310    i.SetSysClock       system_stm32f4xx.o
    0x0800445c   0x00000028   Code   RO         1864    i.SysTick_CLKSourceConfig  misc.o
    0x08004484   0x00000010   Code   RO          251    i.SysTick_Handler   stm32f4xx_it.o
    0x08004494   0x00000068   Code   RO          312    i.SystemInit        system_stm32f4xx.o
    0x080044fc   0x00000038   Code   RO            3    i.Systick_Init      main.o
    0x08004534   0x0000003a   Code   RO         4449    i.TI1_Config        stm32f4xx_tim.o
    0x0800456e   0x00000050   Code   RO         4450    i.TI2_Config        stm32f4xx_tim.o
    0x080045be   0x00000048   Code   RO         4451    i.TI3_Config        stm32f4xx_tim.o
    0x08004606   0x00000050   Code   RO         4452    i.TI4_Config        stm32f4xx_tim.o
    0x08004656   0x00000002   PAD
    0x08004658   0x00000050   Code   RO          609    i.TIM2_IRQHandler   timer2.o
    0x080046a8   0x000000e0   Code   RO          610    i.TIM2_Int_Init     timer2.o
    0x08004788   0x00000006   Code   RO         4460    i.TIM_ClearITPendingBit  stm32f4xx_tim.o
    0x0800478e   0x00000018   Code   RO         4465    i.TIM_Cmd           stm32f4xx_tim.o
    0x080047a6   0x00000022   Code   RO         4486    i.TIM_GetITStatus   stm32f4xx_tim.o
    0x080047c8   0x0000006e   Code   RO         4488    i.TIM_ICInit        stm32f4xx_tim.o
    0x08004836   0x00000012   Code   RO         4490    i.TIM_ITConfig      stm32f4xx_tim.o
    0x08004848   0x000000a4   Code   RO         4499    i.TIM_OC2Init       stm32f4xx_tim.o
    0x080048ec   0x00000012   Code   RO         4519    i.TIM_SelectInputTrigger  stm32f4xx_tim.o
    0x080048fe   0x00000012   Code   RO         4520    i.TIM_SelectMasterSlaveMode  stm32f4xx_tim.o
    0x08004910   0x00000012   Code   RO         4524    i.TIM_SelectSlaveMode  stm32f4xx_tim.o
    0x08004922   0x00000012   Code   RO         4532    i.TIM_SetIC1Prescaler  stm32f4xx_tim.o
    0x08004934   0x0000001a   Code   RO         4533    i.TIM_SetIC2Prescaler  stm32f4xx_tim.o
    0x0800494e   0x00000012   Code   RO         4534    i.TIM_SetIC3Prescaler  stm32f4xx_tim.o
    0x08004960   0x0000001a   Code   RO         4535    i.TIM_SetIC4Prescaler  stm32f4xx_tim.o
    0x0800497a   0x00000002   PAD
    0x0800497c   0x00000084   Code   RO         4537    i.TIM_TimeBaseInit  stm32f4xx_tim.o
    0x08004a00   0x00000190   Code   RO          458    i.UART1_Config      uart1.o
    0x08004b90   0x000000f0   Code   RO          506    i.UART2_Config      uart2.o
    0x08004c80   0x00000118   Code   RO          555    i.UART3_Config      uart3.o
    0x08004d98   0x00000094   Code   RO          459    i.USART1_IRQHandler  uart1.o
    0x08004e2c   0x00000040   Code   RO          507    i.USART2_IRQHandler  uart2.o
    0x08004e6c   0x00000074   Code   RO          556    i.USART3_IRQHandler  uart3.o
    0x08004ee0   0x00000018   Code   RO         5015    i.USART_Cmd         stm32f4xx_usart.o
    0x08004ef8   0x00000012   Code   RO         5016    i.USART_DMACmd      stm32f4xx_usart.o
    0x08004f0a   0x00000054   Code   RO         5019    i.USART_GetITStatus  stm32f4xx_usart.o
    0x08004f5e   0x0000004a   Code   RO         5021    i.USART_ITConfig    stm32f4xx_usart.o
    0x08004fa8   0x000000d4   Code   RO         5022    i.USART_Init        stm32f4xx_usart.o
    0x0800507c   0x00000008   Code   RO         5032    i.USART_SendData    stm32f4xx_usart.o
    0x08005084   0x00000004   Code   RO          252    i.UsageFault_Handler  stm32f4xx_it.o
    0x08005088   0x00000030   Code   RO         6666    i.__ARM_fpclassify  m_wm.l(fpclassify.o)
    0x080050b8   0x00000358   Code   RO         6395    i.__hardfp_acos     m_wm.l(acos.o)
    0x08005410   0x000000c8   Code   RO         6409    i.__hardfp_cos      m_wm.l(cos.o)
    0x080054d8   0x00000438   Code   RO         6540    i.__ieee754_rem_pio2  m_wm.l(rred.o)
    0x08005910   0x00000170   Code   RO         6521    i.__kernel_cos      m_wm.l(cos_i.o)
    0x08005a80   0x000000f8   Code   RO         6538    i.__kernel_poly     m_wm.l(poly.o)
    0x08005b78   0x00000130   Code   RO         6545    i.__kernel_sin      m_wm.l(sin_i.o)
    0x08005ca8   0x00000014   Code   RO         6525    i.__mathlib_dbl_infnan  m_wm.l(dunder.o)
    0x08005cbc   0x00000004   PAD
    0x08005cc0   0x00000020   Code   RO         6527    i.__mathlib_dbl_invalid  m_wm.l(dunder.o)
    0x08005ce0   0x00000020   Code   RO         6530    i.__mathlib_dbl_underflow  m_wm.l(dunder.o)
    0x08005d00   0x00000006   Code   RO          557    i._sys_exit         uart3.o
    0x08005d06   0x00000002   PAD
    0x08005d08   0x0000003c   Code   RO         1760    i.ais_analysis_task  app.o
    0x08005d44   0x00000080   Code   RO         1761    i.ais_mkd_trans_task  app.o
    0x08005dc4   0x00000070   Code   RO         1762    i.ais_tran_task     app.o
    0x08005e34   0x00000060   Code   RO          788    i.calLongiDist      fsmcontrol.o
    0x08005e94   0x00000400   Code   RO          789    i.calSphereDist     fsmcontrol.o
    0x08006294   0x00000184   Code   RO          790    i.changeMinuteToDegree  fsmcontrol.o
    0x08006418   0x0000011a   Code   RO         1050    i.changeOtherShipContentTo61162  mkdcontrol.o
    0x08006532   0x0000010c   Code   RO         1051    i.changeOwnShipContentTo61162  mkdcontrol.o
    0x0800663e   0x00000056   Code   RO          791    i.checkAssignValid  fsmcontrol.o
    0x08006694   0x0000014a   Code   RO          792    i.checkFSMMsg20Struct  fsmcontrol.o
    0x080067de   0x00000002   PAD
    0x080067e0   0x0000026c   Code   RO          793    i.checkFSMMsg22Struct  fsmcontrol.o
    0x08006a4c   0x00000110   Code   RO          794    i.checkFSMMsg23Struct  fsmcontrol.o
    0x08006b5c   0x00000028   Code   RO         1052    i.chnage611626bitASCIIto8bitASCII  mkdcontrol.o
    0x08006b84   0x000000fc   Code   RO          795    i.collectNewMsg     fsmcontrol.o
    0x08006c80   0x00000016   Code   RO          648    i.delay_100us       rng.o
    0x08006c96   0x00000018   Code   RO         6662    i.fabs              m_wm.l(fabs.o)
    0x08006cae   0x00000002   PAD
    0x08006cb0   0x00000028   Code   RO         1763    i.float_task        app.o
    0x08006cd8   0x0000001c   Code   RO          558    i.fputc             uart3.o
    0x08006cf4   0x00000028   Code   RO          796    i.generate8bitRandNum  fsmcontrol.o
    0x08006d1c   0x00000118   Code   RO          797    i.generateCycleContent  fsmcontrol.o
    0x08006e34   0x000000d4   Code   RO          798    i.generateMsg14Content  fsmcontrol.o
    0x08006f08   0x0000017c   Code   RO          799    i.generateMsg14encapData  fsmcontrol.o
    0x08007084   0x000001be   Code   RO          800    i.generateMsg18Content  fsmcontrol.o
    0x08007242   0x00000002   PAD
    0x08007244   0x00000164   Code   RO          801    i.generateMsg18encapData  fsmcontrol.o
    0x080073a8   0x00000104   Code   RO          802    i.generateMsg19Content  fsmcontrol.o
    0x080074ac   0x000001d8   Code   RO          803    i.generateMsg19encapData  fsmcontrol.o
    0x08007684   0x00000174   Code   RO          804    i.generateMsg24AencapData  fsmcontrol.o
    0x080077f8   0x00000168   Code   RO          805    i.generateMsg24BencapData  fsmcontrol.o
    0x08007960   0x00000300   Code   RO          806    i.generateMsg24Content  fsmcontrol.o
    0x08007c60   0x000000c4   Code   RO          807    i.generateSafeAndInquiryContent  fsmcontrol.o
    0x08007d24   0x0000001c   Code   RO          808    i.getAlterChannel   fsmcontrol.o
    0x08007d40   0x0000016a   Code   RO          809    i.getAreaValid      fsmcontrol.o
    0x08007eaa   0x000000c2   Code   RO          810    i.getAssignAlterChannel  fsmcontrol.o
    0x08007f6c   0x000000b6   Code   RO         1554    i.getGPSInfomation  gps.o
    0x08008022   0x00000002   PAD
    0x08008024   0x0000038c   Code   RO          811    i.getHandoverAreaValid  fsmcontrol.o
    0x080083b0   0x0000039c   Code   RO          813    i.getMsg22ChannelManagerInfo  fsmcontrol.o
    0x0800874c   0x00000136   Code   RO         1053    i.getOwn61162ToBeFramedInfo  mkdcontrol.o
    0x08008882   0x00000002   PAD
    0x08008884   0x00000080   Code   RO         1764    i.gps_mkd_trans_task  app.o
    0x08008904   0x00000110   Code   RO         1765    i.gps_tran_task     app.o
    0x08008a14   0x00000020   Code   RO          814    i.initMsg20Struct   fsmcontrol.o
    0x08008a34   0x00000038   Code   RO         1496    i.initOtherDataFixedStruct  testmkdcontrol.o
    0x08008a6c   0x00000020   Code   RO         1497    i.initOtherDataStruct  testmkdcontrol.o
    0x08008a8c   0x00000068   Code   RO          730    i.initVDLMsg20Struct  ais_ps_struct.o
    0x08008af4   0x000000a8   Code   RO          731    i.initVDLMsg20StructPara  ais_ps_struct.o
    0x08008b9c   0x00000040   Code   RO          732    i.initVDLMsg23Struct  ais_ps_struct.o
    0x08008bdc   0x00000090   Code   RO         1766    i.led_task          app.o
    0x08008c6c   0x00000064   Code   RO            4    i.main              main.o
    0x08008cd0   0x00000048   Code   RO         1054    i.mkd_collecVDLShipMsg  mkdcontrol.o
    0x08008d18   0x00000064   Code   RO         1055    i.mkd_collectNewMsg  mkdcontrol.o
    0x08008d7c   0x000000ac   Code   RO         1767    i.mkd_control_task  app.o
    0x08008e28   0x00000034   Code   RO         1370    i.prinfBinary       testfsmcontrol.o
    0x08008e5c   0x0000002e   Code   RO          817    i.rstFSMFrame19Struct  fsmcontrol.o
    0x08008e8a   0x00000030   Code   RO          818    i.rstFSMFrameStruct  fsmcontrol.o
    0x08008eba   0x00000042   Code   RO         1056    i.rstMKDContentToBeFramedStruct  mkdcontrol.o
    0x08008efc   0x00000020   Code   RO         1057    i.rstMKDFramedStruct  mkdcontrol.o
    0x08008f1c   0x0000008a   Code   RO          819    i.setCycleCountNum  fsmcontrol.o
    0x08008fa6   0x00000002   PAD
    0x08008fa8   0x00000068   Code   RO         1609    i.setSupplierInfo   mkddata.o
    0x08009010   0x0000006e   Code   RO         6553    i.sqrt              m_wm.l(sqrt.o)
    0x0800907e   0x00000048   Code   RO         1611    i.testAIS_StaticStruct  mkddata.o
    0x080090c6   0x00000002   PAD
    0x080090c8   0x00000160   Code   RO         1498    i.testChangeOtherShipContentTo61162  testmkdcontrol.o
    0x08009228   0x00000318   Code   RO         1371    i.testCheckFSMMsg20Struct  testfsmcontrol.o
    0x08009540   0x000007d0   Code   RO         1372    i.testCheckFSMMsg22Struct  testfsmcontrol.o
    0x08009d10   0x00000490   Code   RO         1373    i.testCheckFSMMsg23Struct  testfsmcontrol.o
    0x0800a1a0   0x000001f8   Code   RO         1374    i.testCollectNewMsg  testfsmcontrol.o
    0x0800a398   0x0000005c   Code   RO         1555    i.testGPS_InfoStruct  gps.o
    0x0800a3f4   0x00000054   Code   RO         1556    i.testGPS_InfoStructPara  gps.o
    0x0800a448   0x00000324   Code   RO         1376    i.testGenerateMsg14Content  testfsmcontrol.o
    0x0800a76c   0x000007a4   Code   RO         1377    i.testGenerateMsg18Content  testfsmcontrol.o
    0x0800af10   0x000004f0   Code   RO         1378    i.testGenerateMsg19Content  testfsmcontrol.o
    0x0800b400   0x00000038   Code   RO         1262    i.testMsg14         test.o
    0x0800b438   0x000000b0   Code   RO         1263    i.testMsg18         test.o
    0x0800b4e8   0x00000224   Code   RO         1264    i.testMsg18Info     test.o
    0x0800b70c   0x00000090   Code   RO         1265    i.testMsg19         test.o
    0x0800b79c   0x00000118   Code   RO         1267    i.testMsg20Info     test.o
    0x0800b8b4   0x000004f4   Code   RO         1268    i.testMsg22         test.o
    0x0800bda8   0x000000bc   Code   RO         1270    i.testMsg22Handover  test.o
    0x0800be64   0x000000bc   Code   RO         1272    i.testMsg23Info     test.o
    0x0800bf20   0x0000009c   Code   RO         1273    i.testMsg24         test.o
    0x0800bfbc   0x000001c4   Code   RO         1274    i.testMsg24Info     test.o
    0x0800c180   0x000004a4   Code   RO         1379    i.testUpdataMsg20Struct  testfsmcontrol.o
    0x0800c624   0x00000450   Code   RO         1380    i.testUpdataMsg22Struct  testfsmcontrol.o
    0x0800ca74   0x000004ec   Code   RO         1381    i.testUpdataMsg23Struct  testfsmcontrol.o
    0x0800cf60   0x000002b4   Code   RO         1501    i.testUpdataVDMorVDOFrame  testmkdcontrol.o
    0x0800d214   0x0000003c   Code   RO         1382    i.testVDL_Msg15     testfsmcontrol.o
    0x0800d250   0x00000100   Code   RO         1469    i.testVDMFunction   test_mkd.o
    0x0800d350   0x0000080c   Code   RO         1383    i.testgenerateMsg24Content  testfsmcontrol.o
    0x0800db5c   0x00000086   Code   RO          820    i.updataAssignContent  fsmcontrol.o
    0x0800dbe2   0x00000062   Code   RO         1557    i.updataGPSInfoStruct  gps.o
    0x0800dc44   0x00000308   Code   RO          821    i.updataMsg20Struct  fsmcontrol.o
    0x0800df4c   0x00000290   Code   RO          822    i.updataMsg22Struct  fsmcontrol.o
    0x0800e1dc   0x00000214   Code   RO          823    i.updataMsg23Struct  fsmcontrol.o
    0x0800e3f0   0x0000009c   Code   RO         1058    i.updataToBeFrameInfo  mkdcontrol.o
    0x0800e48c   0x0000059e   Code   RO         1059    i.updataVDMorVDOFrame  mkdcontrol.o
    0x0800ea2a   0x00000002   PAD
    0x0800ea2c   0x0000002c   Code   RO         6637    locale$$code        c_w.l(lc_numeric_c.o)
    0x0800ea58   0x00000018   Code   RO         6512    x$fpl$basic         fz_wm.l(basic.o)
    0x0800ea70   0x00000150   Code   RO         6369    x$fpl$dadd          fz_wm.l(daddsub_clz.o)
    0x0800ebc0   0x00000018   Code   RO         6514    x$fpl$dcmpinf       fz_wm.l(dcmpi.o)
    0x0800ebd8   0x000002b0   Code   RO         6376    x$fpl$ddiv          fz_wm.l(ddiv.o)
    0x0800ee88   0x00000078   Code   RO         6379    x$fpl$deqf          fz_wm.l(deqf.o)
    0x0800ef00   0x0000005e   Code   RO         6650    x$fpl$dfix          fz_wm.l(dfix.o)
    0x0800ef5e   0x0000002e   Code   RO         6382    x$fpl$dflt          fz_wm.l(dflt_clz.o)
    0x0800ef8c   0x00000026   Code   RO         6381    x$fpl$dfltu         fz_wm.l(dflt_clz.o)
    0x0800efb2   0x00000002   PAD
    0x0800efb4   0x00000078   Code   RO         6387    x$fpl$dleqf         fz_wm.l(dleqf.o)
    0x0800f02c   0x00000154   Code   RO         6389    x$fpl$dmul          fz_wm.l(dmul.o)
    0x0800f180   0x0000009c   Code   RO         6516    x$fpl$dnaninf       fz_wm.l(dnaninf.o)
    0x0800f21c   0x0000000c   Code   RO         6518    x$fpl$dretinf       fz_wm.l(dretinf.o)
    0x0800f228   0x0000006c   Code   RO         6391    x$fpl$drleqf        fz_wm.l(drleqf.o)
    0x0800f294   0x00000016   Code   RO         6370    x$fpl$drsb          fz_wm.l(daddsub_clz.o)
    0x0800f2aa   0x00000002   PAD
    0x0800f2ac   0x00000198   Code   RO         6654    x$fpl$dsqrt         fz_wm.l(dsqrt_umaal.o)
    0x0800f444   0x000001d4   Code   RO         6371    x$fpl$dsub          fz_wm.l(daddsub_clz.o)
    0x0800f618   0x0000000a   Code   RO         6656    x$fpl$fpinit        fz_wm.l(fpinit.o)
    0x0800f622   0x00000004   Code   RO         6393    x$fpl$printf1       fz_wm.l(printf1.o)
    0x0800f626   0x00000000   Code   RO         6520    x$fpl$usenofp       fz_wm.l(usenofp.o)
    0x0800f626   0x00000100   Data   RO         5419    .constdata          os_core.o
    0x0800f726   0x00000028   Data   RO         6312    .constdata          c_w.l(_printf_hex_int.o)
    0x0800f74e   0x00000002   PAD
    0x0800f750   0x00000050   Data   RO         6398    .constdata          m_wm.l(acos.o)
    0x0800f7a0   0x00000030   Data   RO         6522    .constdata          m_wm.l(cos_i.o)
    0x0800f7d0   0x000000c8   Data   RO         6542    .constdata          m_wm.l(rred.o)
    0x0800f898   0x00000028   Data   RO         6546    .constdata          m_wm.l(sin_i.o)
    0x0800f8c0   0x00000094   Data   RO         6608    .constdata          c_w.l(bigflt0.o)
    0x0800f954   0x00000085   Data   RO         1384    .conststring        testfsmcontrol.o
    0x0800f9d9   0x00000003   PAD
    0x0800f9dc   0x00000091   Data   RO         1502    .conststring        testmkdcontrol.o
    0x0800fa6d   0x00000003   PAD
    0x0800fa70   0x0000005c   Data   RO         1769    .conststring        app.o
    0x0800facc   0x00000020   Data   RO         6754    Region$$Table       anon$$obj.o
    0x0800faec   0x0000001c   Data   RO         6636    locale$$data        c_w.l(lc_numeric_c.o)


    Execution Region RW_IRAM1 (Base: 0x20000000, Size: 0x0000ae18, Max: 0x00020000, ABSOLUTE, COMPRESSED[0x000000b4])

    Base Addr    Size         Type   Attr      Idx    E Section Name        Object

    0x20000000   0x00000001   Data   RW          359    .data               spi.o
    0x20000001   0x00000003   PAD
    0x20000004   0x0000000c   Data   RW          461    .data               uart1.o
    0x20000010   0x0000000c   Data   RW          509    .data               uart2.o
    0x2000001c   0x00000010   Data   RW          560    .data               uart3.o
    0x2000002c   0x0000000d   Data   RW          612    .data               timer2.o
    0x20000039   0x00000006   Data   RW         1162    .data               ps_fpga_interface.o
    0x2000003f   0x0000001d   Data   RW         1503    .data               testmkdcontrol.o
    0x2000005c   0x0000009e   Data   RW         1613    .data               mkddata.o
    0x200000fa   0x00000002   PAD
    0x200000fc   0x00000024   Data   RW         1770    .data               app.o
    0x20000120   0x00000010   Data   RW         3365    .data               stm32f4xx_rcc.o
    0x20000130   0x0000004c   Data   RW         5420    .data               os_core.o
    0x2000017c   0x00000098   Zero   RW          358    .bss                spi.o
    0x20000214   0x000003d0   Zero   RW          460    .bss                uart1.o
    0x200005e4   0x0000084c   Zero   RW          508    .bss                uart2.o
    0x20000e30   0x00000074   Zero   RW          559    .bss                uart3.o
    0x20000ea4   0x0000002c   Zero   RW          611    .bss                timer2.o
    0x20000ed0   0x0000004c   Zero   RW          689    .bss                spi3.o
    0x20000f1c   0x00000004   PAD
    0x20000f20   0x00000620   Zero   RW          824    .bss                fsmcontrol.o
    0x20001540   0x00000462   Zero   RW         1060    .bss                mkdcontrol.o
    0x200019a2   0x00000002   PAD
    0x200019a4   0x0000010b   Zero   RW         1161    .bss                ps_fpga_interface.o
    0x20001aaf   0x00000001   PAD
    0x20001ab0   0x00000054   Zero   RW         1558    .bss                gps.o
    0x20001b04   0x000001e2   Zero   RW         1612    .bss                mkddata.o
    0x20001ce6   0x00000002   PAD
    0x20001ce8   0x00007f50   Zero   RW         1768    .bss                app.o
    0x20009c38   0x00000a98   Zero   RW         5418    .bss                os_core.o
    0x2000a6d0   0x000000e4   Zero   RW         6356    .bss                c_w.l(rand.o)
    0x2000a7b4   0x00000060   Zero   RW         6564    .bss                c_w.l(libspace.o)
    0x2000a814   0x00000004   PAD
    0x2000a818   0x00000200   Zero   RW          346    HEAP                startup_stm32f40_41xxx.o
    0x2000aa18   0x00000400   Zero   RW          345    STACK               startup_stm32f40_41xxx.o


==============================================================================

Image component sizes


      Code (inc. data)   RO Data    RW Data    ZI Data      Debug   Object Name

       336         26          0          0          0     232899   ais_ps_struct.o
      1332        252         92         36      32592       8642   app.o
     11988        340          0          0       1568      35243   fsmcontrol.o
      1552         14          0          0         84       5414   gps.o
        88          6          0          0          0        527   led.o
       156         12          0          0          0     310694   main.o
       180         24          0          0          0       1997   misc.o
      2826         22          0          0       1122      12896   mkdcontrol.o
       176          4          0        158        482       2930   mkddata.o
      2110        384        256         76       2712      21704   os_core.o
       200         32          0          0          0        316   os_cpu_a.o
       452          6          0          0          0      14345   os_cpu_c.o
      1388         62          0          0          0       6327   os_flag.o
        36         12          0          0          0        477   os_mem.o
      1048         72          0          0          0       3884   os_mutex.o
       630         32          0          0          0       3455   os_q.o
       400         22          0          0          0       2454   os_sem.o
      1154        116          0          0          0       6876   os_task.o
       120         20          0          0          0        644   os_time.o
         0          0          0          6        267        690   ps_fpga_interface.o
        82          0          0          0          0       1031   rng.o
       456         40          0          1        152     231570   spi.o
       452         34          0          0         76       2373   spi3.o
        64         26        392          0       1536        824   startup_stm32f40_41xxx.o
       742         58          0          0          0       7933   stm32f4xx_dma.o
       222          0          0          0          0       2775   stm32f4xx_gpio.o
        38          0          0          0          0       3621   stm32f4xx_it.o
       360         42          0         16          0       5064   stm32f4xx_rcc.o
        60         10          0          0          0       1070   stm32f4xx_rng.o
       102          0          0          0          0       2258   stm32f4xx_spi.o
       920         38          0          0          0      11732   stm32f4xx_tim.o
       420          8          0          0          0       4726   stm32f4xx_usart.o
       340         32          0          0          0       1469   system_stm32f4xx.o
      3456        468          0          0          0       8520   test.o
       256         68          0          0          0       1949   test_mkd.o
     14212       7902        133          0          0      13516   testfsmcontrol.o
      1132        552        145         29          0       3510   testmkdcontrol.o
       304         46          0         13         44       1446   timer2.o
       608        100          0         12        976       2643   uart1.o
       304         48          0         12       2124       1975   uart2.o
       462         66          0         16        116       4822   uart3.o

    ----------------------------------------------------------------------
     51204      10996       1056        380      43860     987241   Object Totals
         0          0         32          0          0          0   (incl. Generated)
        40          0          6          5          9          0   (incl. Padding)

    ----------------------------------------------------------------------

      Code (inc. data)   RO Data    RW Data    ZI Data      Debug   Library Member Name

        90          0          0          0          0          0   __dczerorl2.o
         8          0          0          0          0         68   __main.o
       104          0          0          0          0         84   __printf.o
         0          0          0          0          0          0   __rtentry.o
        12          0          0          0          0          0   __rtentry2.o
         6          0          0          0          0          0   __rtentry4.o
        52          8          0          0          0          0   __scatter.o
        28          0          0          0          0          0   __scatter_zi.o
         6          0          0          0          0          0   _printf_c.o
        44          0          0          0          0        108   _printf_char.o
        48          6          0          0          0         96   _printf_char_common.o
        36          4          0          0          0         80   _printf_char_file.o
         6          0          0          0          0          0   _printf_d.o
       120         16          0          0          0         92   _printf_dec.o
         6          0          0          0          0          0   _printf_f.o
      1050          0          0          0          0        216   _printf_fp_dec.o
       128         16          0          0          0         84   _printf_fp_infnan.o
        88          4         40          0          0         88   _printf_hex_int.o
       178          0          0          0          0         88   _printf_intcommon.o
         0          0          0          0          0          0   _printf_percent.o
         4          0          0          0          0          0   _printf_percent_end.o
        82          0          0          0          0         80   _printf_str.o
         6          0          0          0          0          0   _printf_x.o
        22          0          0          0          0        100   _rserrno.o
       220          4        148          0          0         96   bigflt0.o
      1910        128          0          0          0        672   btod.o
        18          0          0          0          0         80   exit.o
         8          0          0          0          0         68   ferror.o
         6          0          0          0          0        152   heapauxi.o
         0          0          0          0          0          0   indicate_semi.o
        44         10         28          0          0         76   lc_numeric_c.o
         2          0          0          0          0          0   libinit.o
        26          0          0          0          0          0   libinit2.o
         2          0          0          0          0          0   libshutdown.o
         2          0          0          0          0          0   libshutdown2.o
         8          4          0          0         96         68   libspace.o
       138          0          0          0          0         80   lludiv10.o
        24          4          0          0          0         84   noretval__2printf.o
       112         18          0          0        228        160   rand.o
         8          4          0          0          0         68   rt_errno_addr_intlibspace.o
         8          4          0          0          0         68   rt_locale_intlibspace.o
       100          0          0          0          0         80   rt_memcpy_w.o
         2          0          0          0          0          0   rtexit.o
        10          0          0          0          0          0   rtexit2.o
       128          0          0          0          0         68   strcmpv7m.o
        62          0          0          0          0         76   strlen.o
        74          0          0          0          0         80   sys_stackheap_outer.o
        18          0          0          0          0         76   sys_time.o
         2          0          0          0          0         68   use_no_semi.o
        24          0          0          0          0        164   basic.o
       826         16          0          0          0        492   daddsub_clz.o
        24          0          0          0          0        116   dcmpi.o
       688        140          0          0          0        256   ddiv.o
       120          4          0          0          0        140   deqf.o
        94          4          0          0          0        140   dfix.o
        84          0          0          0          0        232   dflt_clz.o
       120          4          0          0          0        140   dleqf.o
       340         12          0          0          0        152   dmul.o
       156          4          0          0          0        140   dnaninf.o
        12          0          0          0          0        116   dretinf.o
       108          0          0          0          0        128   drleqf.o
       408         56          0          0          0        168   dsqrt_umaal.o
        10          0          0          0          0        116   fpinit.o
         4          0          0          0          0        116   printf1.o
         0          0          0          0          0          0   usenofp.o
       856        118         80          0          0        288   acos.o
       200         20          0          0          0        164   cos.o
       368         46         48          0          0        200   cos_i.o
        84         16          0          0          0        372   dunder.o
        24          0          0          0          0        124   fabs.o
        48          0          0          0          0        124   fpclassify.o
       248          0          0          0          0        152   poly.o
      1080        142        200          0          0        188   rred.o
       304         24         40          0          0        208   sin_i.o
       110          0          0          0          0        148   sqrt.o

    ----------------------------------------------------------------------
     11418        836        586          0        328       7888   Library Totals
        22          0          2          0          4          0   (incl. Padding)

    ----------------------------------------------------------------------

      Code (inc. data)   RO Data    RW Data    ZI Data      Debug   Library Name

      5056        230        216          0        324       3304   c_w.l
      3018        240          0          0          0       2616   fz_wm.l
      3322        366        368          0          0       1968   m_wm.l

    ----------------------------------------------------------------------
     11418        836        586          0        328       7888   Library Totals

    ----------------------------------------------------------------------

==============================================================================


      Code (inc. data)   RO Data    RW Data    ZI Data      Debug   

     62622      11832       1642        380      44188     967209   Grand Totals
     62622      11832       1642        180      44188     967209   ELF Image Totals (compressed)
     62622      11832       1642        180          0          0   ROM Totals

==============================================================================

    Total RO  Size (Code + RO Data)                64264 (  62.76kB)
    Total RW  Size (RW Data + ZI Data)             44568 (  43.52kB)
    Total ROM Size (Code + RO Data + RW Data)      64444 (  62.93kB)

==============================================================================

