Component: ARM Compiler 5.06 (build 20) Tool: armlink [4d35a3]

==============================================================================

Section Cross References

    main.o(i.Systick_Init) refers to misc.o(i.SysTick_CLKSourceConfig) for SysTick_CLKSourceConfig
    main.o(i.main) refers to misc.o(i.NVIC_PriorityGroupConfig) for NVIC_PriorityGroupConfig
    main.o(i.main) refers to main.o(i.Systick_Init) for Systick_Init
    main.o(i.main) refers to led.o(i.LED_Init) for LED_Init
    main.o(i.main) refers to stm32f4xx_gpio.o(i.GPIO_SetBits) for GPIO_SetBits
    main.o(i.main) refers to uart1.o(i.UART1_Config) for UART1_Config
    main.o(i.main) refers to uart2.o(i.UART2_Config) for UART2_Config
    main.o(i.main) refers to timer2.o(i.TIM2_Int_Init) for TIM2_Int_Init
    main.o(i.main) refers to uart3.o(i.UART3_Config) for UART3_Config
    main.o(i.main) refers to mkdcontrol.o(i.MKDInit) for MKDInit
    main.o(i.main) refers to test_mkd.o(i.testVDMFunction) for testVDMFunction
    main.o(i.main) refers to app.o(i.App_TaskStart) for App_TaskStart
    main.o(i.main) refers to mkdcontrol.o(.bss) for mkd_dataStruct
    stm32f4xx_it.o(i.SysTick_Handler) refers to os_core.o(i.OSIntEnter) for OSIntEnter
    stm32f4xx_it.o(i.SysTick_Handler) refers to os_core.o(i.OSTimeTick) for OSTimeTick
    stm32f4xx_it.o(i.SysTick_Handler) refers to os_core.o(i.OSIntExit) for OSIntExit
    system_stm32f4xx.o(i.SystemCoreClockUpdate) refers to system_stm32f4xx.o(.data) for SystemCoreClock
    system_stm32f4xx.o(i.SystemInit) refers to system_stm32f4xx.o(i.SetSysClock) for SetSysClock
    startup_stm32f40_41xxx.o(STACK) refers (Special) to heapauxi.o(.text) for __use_two_region_memory
    startup_stm32f40_41xxx.o(HEAP) refers (Special) to heapauxi.o(.text) for __use_two_region_memory
    startup_stm32f40_41xxx.o(RESET) refers (Special) to heapauxi.o(.text) for __use_two_region_memory
    startup_stm32f40_41xxx.o(RESET) refers to startup_stm32f40_41xxx.o(STACK) for __initial_sp
    startup_stm32f40_41xxx.o(RESET) refers to startup_stm32f40_41xxx.o(.text) for Reset_Handler
    startup_stm32f40_41xxx.o(RESET) refers to stm32f4xx_it.o(i.NMI_Handler) for NMI_Handler
    startup_stm32f40_41xxx.o(RESET) refers to stm32f4xx_it.o(i.HardFault_Handler) for HardFault_Handler
    startup_stm32f40_41xxx.o(RESET) refers to stm32f4xx_it.o(i.MemManage_Handler) for MemManage_Handler
    startup_stm32f40_41xxx.o(RESET) refers to stm32f4xx_it.o(i.BusFault_Handler) for BusFault_Handler
    startup_stm32f40_41xxx.o(RESET) refers to stm32f4xx_it.o(i.UsageFault_Handler) for UsageFault_Handler
    startup_stm32f40_41xxx.o(RESET) refers to stm32f4xx_it.o(i.SVC_Handler) for SVC_Handler
    startup_stm32f40_41xxx.o(RESET) refers to stm32f4xx_it.o(i.DebugMon_Handler) for DebugMon_Handler
    startup_stm32f40_41xxx.o(RESET) refers to os_cpu_a.o(.text) for PendSV_Handler
    startup_stm32f40_41xxx.o(RESET) refers to stm32f4xx_it.o(i.SysTick_Handler) for SysTick_Handler
    startup_stm32f40_41xxx.o(RESET) refers to spi.o(i.DMA1_Stream3_IRQHandler) for DMA1_Stream3_IRQHandler
    startup_stm32f40_41xxx.o(RESET) refers to timer2.o(i.TIM2_IRQHandler) for TIM2_IRQHandler
    startup_stm32f40_41xxx.o(RESET) refers to uart1.o(i.USART1_IRQHandler) for USART1_IRQHandler
    startup_stm32f40_41xxx.o(RESET) refers to uart2.o(i.USART2_IRQHandler) for USART2_IRQHandler
    startup_stm32f40_41xxx.o(RESET) refers to uart3.o(i.USART3_IRQHandler) for USART3_IRQHandler
    startup_stm32f40_41xxx.o(.text) refers (Special) to heapauxi.o(.text) for __use_two_region_memory
    startup_stm32f40_41xxx.o(.text) refers to system_stm32f4xx.o(i.SystemInit) for SystemInit
    startup_stm32f40_41xxx.o(.text) refers to __main.o(!!!main) for __main
    startup_stm32f40_41xxx.o(.text) refers to startup_stm32f40_41xxx.o(HEAP) for Heap_Mem
    startup_stm32f40_41xxx.o(.text) refers to startup_stm32f40_41xxx.o(STACK) for Stack_Mem
    spi.o(i.DMA1_Stream3_IRQHandler) refers to stm32f4xx_dma.o(i.DMA_GetITStatus) for DMA_GetITStatus
    spi.o(i.DMA1_Stream3_IRQHandler) refers to stm32f4xx_dma.o(i.DMA_ClearITPendingBit) for DMA_ClearITPendingBit
    spi.o(i.DMA1_Stream3_IRQHandler) refers to os_flag.o(i.OSFlagPost) for OSFlagPost
    spi.o(i.DMA1_Stream3_IRQHandler) refers to spi.o(.data) for err
    spi.o(i.DMA1_Stream3_IRQHandler) refers to app.o(.data) for AIS_FLAG
    spi.o(i.SPI2_Init) refers to stm32f4xx_rcc.o(i.RCC_AHB1PeriphClockCmd) for RCC_AHB1PeriphClockCmd
    spi.o(i.SPI2_Init) refers to stm32f4xx_rcc.o(i.RCC_APB1PeriphClockCmd) for RCC_APB1PeriphClockCmd
    spi.o(i.SPI2_Init) refers to stm32f4xx_gpio.o(i.GPIO_PinAFConfig) for GPIO_PinAFConfig
    spi.o(i.SPI2_Init) refers to stm32f4xx_gpio.o(i.GPIO_Init) for GPIO_Init
    spi.o(i.SPI2_Init) refers to stm32f4xx_spi.o(i.SPI_Init) for SPI_Init
    spi.o(i.SPI2_Init) refers to stm32f4xx_spi.o(i.SPI_Cmd) for SPI_Cmd
    spi.o(i.SPI2_Init) refers to spi.o(i.SPI2_SetSpeed) for SPI2_SetSpeed
[...]
    CAN1_SCE_IRQHandler                      0x080002ab   Thumb Code     0  startup_stm32f40_41xxx.o(.text)
    CAN1_TX_IRQHandler                       0x080002ab   Thumb Code     0  startup_stm32f40_41xxx.o(.text)
    CAN2_RX0_IRQHandler                      0x080002ab   Thumb Code     0  startup_stm32f40_41xxx.o(.text)
    CAN2_RX1_IRQHandler                      0x080002ab   Thumb Code     0  startup_stm32f40_41xxx.o(.text)
    CAN2_SCE_IRQHandler                      0x080002ab   Thumb Code     0  startup_stm32f40_41xxx.o(.text)
    CAN2_TX_IRQHandler                       0x080002ab   Thumb Code     0  startup_stm32f40_41xxx.o(.text)
    CRYP_IRQHandler                          0x080002ab   Thumb Code     0  startup_stm32f40_41xxx.o(.text)
    DCMI_IRQHandler                          0x080002ab   Thumb Code     0  startup_stm32f40_41xxx.o(.text)
    DMA1_Stream0_IRQHandler                  0x080002ab   Thumb Code     0  startup_stm32f40_41xxx.o(.text)
    DMA1_Stream1_IRQHandler                  0x080002ab   Thumb Code     0  startup_stm32f40_41xxx.o(.text)
    DMA1_Stream2_IRQHandler                  0x080002ab   Thumb Code     0  startup_stm32f40_41xxx.o(.text)
    DMA1_Stream4_IRQHandler                  0x080002ab   Thumb Code     0  startup_stm32f40_41xxx.o(.text)
    DMA1_Stream5_IRQHandler                  0x080002ab   Thumb Code     0  startup_stm32f40_41xxx.o(.text)
    DMA1_Stream6_IRQHandler                  0x080002ab   Thumb Code     0  startup_stm32f40_41xxx.o(.text)
    DMA1_Stream7_IRQHandler                  0x080002ab   Thumb Code     0  startup_stm32f40_41xxx.o(.text)
    DMA2_Stream0_IRQHandler                  0x080002ab   Thumb Code     0  startup_stm32f40_41xxx.o(.text)
    DMA2_Stream1_IRQHandler                  0x080002ab   Thumb Code     0  startup_stm32f40_41xxx.o(.text)
    DMA2_Stream2_IRQHandler                  0x080002ab   Thumb Code     0  startup_stm32f40_41xxx.o(.text)
    DMA2_Stream3_IRQHandler                  0x080002ab   Thumb Code     0  startup_stm32f40_41xxx.o(.text)
    DMA2_Stream4_IRQHandler                  0x080002ab   Thumb Code     0  startup_stm32f40_41xxx.o(.text)
    DMA2_Stream5_IRQHandler                  0x080002ab   Thumb Code     0  startup_stm32f40_41xxx.o(.text)
    DMA2_Stream6_IRQHandler                  0x080002ab   Thumb Code     0  startup_stm32f40_41xxx.o(.text)
    DMA2_Stream7_IRQHandler                  0x080002ab   Thumb Code     0  startup_stm32f40_41xxx.o(.text)
    ETH_IRQHandler                           0x080002ab   Thumb Code     0  startup_stm32f40_41xxx.o(.text)
    ETH_WKUP_IRQHandler                      0x080002ab   Thumb Code     0  startup_stm32f40_41xxx.o(.text)
    EXTI0_IRQHandler                         0x080002ab   Thumb Code     0  startup_stm32f40_41xxx.o(.text)
    EXTI15_10_IRQHandler                     0x080002ab   Thumb Code     0  startup_stm32f40_41xxx.o(.text)
    EXTI1_IRQHandler                         0x080002ab   Thumb Code     0  startup_stm32f40_41xxx.o(.text)
    EXTI2_IRQHandler                         0x080002ab   Thumb Code     0  startup_stm32f40_41xxx.o(.text)
    EXTI3_IRQHandler                         0x080002ab   Thumb Code     0  startup_stm32f40_41xxx.o(.text)
    EXTI4_IRQHandler                         0x080002ab   Thumb Code     0  startup_stm32f40_41xxx.o(.text)
    EXTI9_5_IRQHandler                       0x080002ab   Thumb Code     0  startup_stm32f40_41xxx.o(.text)
    FLASH_IRQHandler                         0x080002ab   Thumb Code     0  startup_stm32f40_41xxx.o(.text)
    FPU_IRQHandler                           0x080002ab   Thumb Code     0  startup_stm32f40_41xxx.o(.text)
    FSMC_IRQHandler                          0x080002ab   Thumb Code     0  startup_stm32f40_41xxx.o(.text)
    HASH_RNG_IRQHandler                      0x080002ab   Thumb Code     0  startup_stm32f40_41xxx.o(.text)
    I2C1_ER_IRQHandler                       0x080002ab   Thumb Code     0  startup_stm32f40_41xxx.o(.text)
    I2C1_EV_IRQHandler                       0x080002ab   Thumb Code     0  startup_stm32f40_41xxx.o(.text)
    I2C2_ER_IRQHandler                       0x080002ab   Thumb Code     0  startup_stm32f40_41xxx.o(.text)
    I2C2_EV_IRQHandler                       0x080002ab   Thumb Code     0  startup_stm32f40_41xxx.o(.text)
    I2C3_ER_IRQHandler                       0x080002ab   Thumb Code     0  startup_stm32f40_41xxx.o(.text)
    I2C3_EV_IRQHandler                       0x080002ab   Thumb Code     0  startup_stm32f40_41xxx.o(.text)
    OTG_FS_IRQHandler                        0x080002ab   Thumb Code     0  startup_stm32f40_41xxx.o(.text)
    OTG_FS_WKUP_IRQHandler                   0x080002ab   Thumb Code     0  startup_stm32f40_41xxx.o(.text)
    OTG_HS_EP1_IN_IRQHandler                 0x080002ab   Thumb Code     0  startup_stm32f40_41xxx.o(.text)
    OTG_HS_EP1_OUT_IRQHandler                0x080002ab   Thumb Code     0  startup_stm32f40_41xxx.o(.text)
    OTG_HS_IRQHandler                        0x080002ab   Thumb Code     0  startup_stm32f40_41xxx.o(.text)
    OTG_HS_WKUP_IRQHandler                   0x080002ab   Thumb Code     0  startup_stm32f40_41xxx.o(.text)
    PVD_IRQHandler                           0x080002ab   Thumb Code     0  startup_stm32f40_41xxx.o(.text)
    RCC_IRQHandler                           0x080002ab   Thumb Code     0  startup_stm32f40_41xxx.o(.text)
    RTC_Alarm_IRQHandler                     0x080002ab   Thumb Code     0  startup_stm32f40_41xxx.o(.text)
    RTC_WKUP_IRQHandler                      0x080002ab   Thumb Code     0  startup_stm32f40_41xxx.o(.text)
    SDIO_IRQHandler                          0x080002ab   Thumb Code     0  startup_stm32f40_41xxx.o(.text)
    SPI1_IRQHandler                          0x080002ab   Thumb Code     0  startup_stm32f40_41xxx.o(.text)
    SPI2_IRQHandler                          0x080002ab   Thumb Code     0  startup_stm32f40_41xxx.o(.text)
    SPI3_IRQHandler                          0x080002ab   Thumb Code     0  startup_stm32f40_41xxx.o(.text)
    TAMP_STAMP_IRQHandler                    0x080002ab   Thumb Code     0  startup_stm32f40_41xxx.o(.text)
    TIM1_BRK_TIM9_IRQHandler                 0x080002ab   Thumb Code     0  startup_stm32f40_41xxx.o(.text)
    TIM1_CC_IRQHandler                       0x080002ab   Thumb Code     0  startup_stm32f40_41xxx.o(.text)
    TIM1_TRG_COM_TIM11_IRQHandler            0x080002ab   Thumb Code     0  startup_stm32f40_41xxx.o(.text)
    TIM1_UP_TIM10_IRQHandler                 0x080002ab   Thumb Code     0  startup_stm32f40_41xxx.o(.text)
    TIM3_IRQHandler                          0x080002ab   Thumb Code     0  startup_stm32f40_41xxx.o(.text)
    TIM4_IRQHandler                          0x080002ab   Thumb Code     0  startup_stm32f40_41xxx.o(.text)
    TIM5_IRQHandler                          0x080002ab   Thumb Code     0  startup_stm32f40_41xxx.o(.text)
    TIM6_DAC_IRQHandler                      0x080002ab   Thumb Code     0  startup_stm32f40_41xxx.o(.text)
    TIM7_IRQHandler                          0x080002ab   Thumb Code     0  startup_stm32f40_41xxx.o(.text)
    TIM8_BRK_TIM12_IRQHandler                0x080002ab   Thumb Code     0  startup_stm32f40_41xxx.o(.text)
    TIM8_CC_IRQHandler                       0x080002ab   Thumb Code     0  startup_stm32f40_41xxx.o(.text)
    TIM8_TRG_COM_TIM14_IRQHandler            0x080002ab   Thumb Code     0  startup_stm32f40_41xxx.o(.text)
    TIM8_UP_TIM13_IRQHandler                 0x080002ab   Thumb Code     0  startup_stm32f40_41xxx.o(.text)
    UART4_IRQHandler                         0x080002ab   Thumb Code     0  startup_stm32f40_41xxx.o(.text)
    UART5_IRQHandler                         0x080002ab   Thumb Code     0  startup_stm32f40_41xxx.o(.text)
    USART6_IRQHandler                        0x080002ab   Thumb Code     0  startup_stm32f40_41xxx.o(.text)
    WWDG_IRQHandler                          0x080002ab   Thumb Code     0  startup_stm32f40_41xxx.o(.text)
    __user_initial_stackheap                 0x080002ad   Thumb Code     0  startup_stm32f40_41xxx.o(.text)
    OS_CPU_SR_Save                           0x080002d1   Thumb Code     0  os_cpu_a.o(.text)
    OS_CPU_SR_Restore                        0x080002d9   Thumb Code     0  os_cpu_a.o(.text)
    OSStartHighRdy                           0x080002df   Thumb Code     0  os_cpu_a.o(.text)
    OSCtxSw                                  0x08000303   Thumb Code     0  os_cpu_a.o(.text)
    OSIntCtxSw                               0x08000311   Thumb Code     0  os_cpu_a.o(.text)
    PendSV_Handler                           0x08000321   Thumb Code     0  os_cpu_a.o(.text)
    time                                     0x08000399   Thumb Code    18  sys_time.o(.text)
    __2printf                                0x080003ad   Thumb Code    20  noretval__2printf.o(.text)
    __printf                                 0x080003c5   Thumb Code   104  __printf.o(.text)
    _printf_str                              0x0800042d   Thumb Code    82  _printf_str.o(.text)
    _printf_int_dec                          0x08000481   Thumb Code   104  _printf_dec.o(.text)
    _printf_int_hex                          0x080004f9   Thumb Code    84  _printf_hex_int.o(.text)
    _printf_longlong_hex                     0x080004f9   Thumb Code     0  _printf_hex_int.o(.text)
    srand                                    0x08000551   Thumb Code    42  rand.o(.text)
    _rand_init                               0x0800057b   Thumb Code     4  rand.o(.text)
    strlen                                   0x0800058d   Thumb Code    62  strlen.o(.text)
    __use_two_region_memory                  0x080005cb   Thumb Code     2  heapauxi.o(.text)
    __rt_heap_escrow                         0x080005cd   Thumb Code     2  heapauxi.o(.text)
    __rt_heap_expand                         0x080005cf   Thumb Code     2  heapauxi.o(.text)
    __I$use$semihosting                      0x080005d1   Thumb Code     0  use_no_semi.o(.text)
    __use_no_semihosting_swi                 0x080005d1   Thumb Code     2  use_no_semi.o(.text)
    __read_errno                             0x080005d3   Thumb Code    10  _rserrno.o(.text)
    __semihosting_library_function           0x080005d3   Thumb Code     0  indicate_semi.o(.text)
    __set_errno                              0x080005dd   Thumb Code    12  _rserrno.o(.text)
    _printf_int_common                       0x080005e9   Thumb Code   178  _printf_intcommon.o(.text)
    __lib_sel_fp_printf                      0x0800069b   Thumb Code     2  _printf_fp_dec.o(.text)
    _printf_fp_dec_real                      0x08000849   Thumb Code   620  _printf_fp_dec.o(.text)
    _printf_cs_common                        0x08000ab5   Thumb Code    20  _printf_char.o(.text)
    _printf_char                             0x08000ac9   Thumb Code    16  _printf_char.o(.text)
    _printf_string                           0x08000ad9   Thumb Code     8  _printf_char.o(.text)
    _printf_char_file                        0x08000ae1   Thumb Code    32  _printf_char_file.o(.text)
    __user_libspace                          0x08000b05   Thumb Code     8  libspace.o(.text)
    __user_perproc_libspace                  0x08000b05   Thumb Code     0  libspace.o(.text)
    __user_perthread_libspace                0x08000b05   Thumb Code     0  libspace.o(.text)
    __rt_locale                              0x08000b0d   Thumb Code     8  rt_locale_intlibspace.o(.text)
    __aeabi_errno_addr                       0x08000b15   Thumb Code     8  rt_errno_addr_intlibspace.o(.text)
    __errno$intlibspace                      0x08000b15   Thumb Code     0  rt_errno_addr_intlibspace.o(.text)
    __rt_errno_addr$intlibspace              0x08000b15   Thumb Code     0  rt_errno_addr_intlibspace.o(.text)
    _ll_udiv10                               0x08000b1d   Thumb Code   138  lludiv10.o(.text)
    _printf_char_common                      0x08000bb3   Thumb Code    32  _printf_char_common.o(.text)
    _printf_fp_infnan                        0x08000bd9   Thumb Code   112  _printf_fp_infnan.o(.text)
    _btod_etento                             0x08000c59   Thumb Code   216  bigflt0.o(.text)
    ferror                                   0x08000d35   Thumb Code     8  ferror.o(.text)
    __user_setup_stackheap                   0x08000d3d   Thumb Code    74  sys_stackheap_outer.o(.text)
    exit                                     0x08000d87   Thumb Code    18  exit.o(.text)
    strcmp                                   0x08000d99   Thumb Code   128  strcmpv7m.o(.text)
    _btod_d2e                                0x08000e19   Thumb Code    62  btod.o(CL$$btod_d2e)
    _d2e_denorm_low                          0x08000e57   Thumb Code    70  btod.o(CL$$btod_d2e_denorm_low)
    _d2e_norm_op1                            0x08000e9d   Thumb Code    96  btod.o(CL$$btod_d2e_norm_op1)
    __btod_div_common                        0x08000efd   Thumb Code   696  btod.o(CL$$btod_div_common)
    _e2e                                     0x08001235   Thumb Code   198  btod.o(CL$$btod_e2e)
    _btod_ediv                               0x080012fb   Thumb Code    40  btod.o(CL$$btod_ediv)
    _btod_emul                               0x08001323   Thumb Code    40  btod.o(CL$$btod_emul)
    __btod_mult_common                       0x0800134b   Thumb Code   580  btod.o(CL$$btod_mult_common)
    App_TaskStart                            0x08001591   Thumb Code   120  app.o(i.App_TaskStart)
    BusFault_Handler                         0x08001649   Thumb Code     4  stm32f4xx_it.o(i.BusFault_Handler)
    DMA1_Stream3_IRQHandler                  0x0800164d   Thumb Code    36  spi.o(i.DMA1_Stream3_IRQHandler)
    DMA_ClearITPendingBit                    0x08001681   Thumb Code    38  stm32f4xx_dma.o(i.DMA_ClearITPendingBit)
    DMA_Cmd                                  0x080016b5   Thumb Code    22  stm32f4xx_dma.o(i.DMA_Cmd)
    DMA_DeInit                               0x080016cd   Thumb Code   324  stm32f4xx_dma.o(i.DMA_DeInit)
    DMA_GetCurrDataCounter                   0x08001825   Thumb Code     8  stm32f4xx_dma.o(i.DMA_GetCurrDataCounter)
    DMA_GetCurrentMemoryTarget               0x0800182d   Thumb Code    20  stm32f4xx_dma.o(i.DMA_GetCurrentMemoryTarget)
    DMA_GetITStatus                          0x08001841   Thumb Code    82  stm32f4xx_dma.o(i.DMA_GetITStatus)
    DMA_Init                                 0x080018a5   Thumb Code    82  stm32f4xx_dma.o(i.DMA_Init)
    DMA_SetCurrDataCounter                   0x080018fd   Thumb Code     4  stm32f4xx_dma.o(i.DMA_SetCurrDataCounter)
    DebugMon_Handler                         0x08001901   Thumb Code     2  stm32f4xx_it.o(i.DebugMon_Handler)
    GPIO_Init                                0x08001903   Thumb Code   144  stm32f4xx_gpio.o(i.GPIO_Init)
    GPIO_PinAFConfig                         0x08001993   Thumb Code    70  stm32f4xx_gpio.o(i.GPIO_PinAFConfig)
    GPIO_ResetBits                           0x080019d9   Thumb Code     4  stm32f4xx_gpio.o(i.GPIO_ResetBits)
    GPIO_SetBits                             0x080019dd   Thumb Code     4  stm32f4xx_gpio.o(i.GPIO_SetBits)
    Get_GPS_RMCMsg                           0x080019e1   Thumb Code  1096  uart2.o(i.Get_GPS_RMCMsg)
    HardFault_Handler                        0x08001e29   Thumb Code     4  stm32f4xx_it.o(i.HardFault_Handler)
    LED_Init                                 0x08001e2d   Thumb Code    82  led.o(i.LED_Init)
    MKDInit                                  0x08001e85   Thumb Code    62  mkdcontrol.o(i.MKDInit)
    MemManage_Handler                        0x08001ec3   Thumb Code     4  stm32f4xx_it.o(i.MemManage_Handler)
    NMI_Handler                              0x08001ec7   Thumb Code     2  stm32f4xx_it.o(i.NMI_Handler)
    NVIC_Init                                0x08001ec9   Thumb Code   106  misc.o(i.NVIC_Init)
    NVIC_PriorityGroupConfig                 0x08001f41   Thumb Code    10  misc.o(i.NVIC_PriorityGroupConfig)
    OSFlagCreate                             0x08001f55   Thumb Code    86  os_flag.o(i.OSFlagCreate)
    OSFlagPend                               0x08001fb9   Thumb Code   584  os_flag.o(i.OSFlagPend)
    OSFlagPost                               0x0800220d   Thumb Code   312  os_flag.o(i.OSFlagPost)
    OSInit                                   0x08002345   Thumb Code    44  os_core.o(i.OSInit)
    OSInitHookBegin                          0x08002371   Thumb Code     2  os_cpu_c.o(i.OSInitHookBegin)
    OSInitHookEnd                            0x08002373   Thumb Code     2  os_cpu_c.o(i.OSInitHookEnd)
    OSIntEnter                               0x08002375   Thumb Code    28  os_core.o(i.OSIntEnter)
    OSIntExit                                0x08002399   Thumb Code   112  os_core.o(i.OSIntExit)
    OSQCreate                                0x08002429   Thumb Code   140  os_q.o(i.OSQCreate)
    OSQPend                                  0x080024c1   Thumb Code   272  os_q.o(i.OSQPend)
    OSQPost                                  0x080025dd   Thumb Code   114  os_q.o(i.OSQPost)
    OSStart                                  0x08002651   Thumb Code    48  os_core.o(i.OSStart)
    OSTCBInitHook                            0x08002699   Thumb Code     2  os_cpu_c.o(i.OSTCBInitHook)
    OSTaskCreate                             0x0800269d   Thumb Code   148  os_task.o(i.OSTaskCreate)
    OSTaskCreateExt                          0x0800273d   Thumb Code   170  os_task.o(i.OSTaskCreateExt)
    OSTaskCreateHook                         0x080027f5   Thumb Code     2  os_cpu_c.o(i.OSTaskCreateHook)
    OSTaskDel                                0x080027f9   Thumb Code   294  os_task.o(i.OSTaskDel)
    OSTaskDelHook                            0x0800294d   Thumb Code     2  os_cpu_c.o(i.OSTaskDelHook)
    OSTaskIdleHook                           0x0800294f   Thumb Code     2  os_cpu_c.o(i.OSTaskIdleHook)
    OSTaskNameSet                            0x08002951   Thumb Code    98  os_task.o(i.OSTaskNameSet)
    OSTaskReturnHook                         0x080029c1   Thumb Code     2  os_cpu_c.o(i.OSTaskReturnHook)
    OSTaskStatHook                           0x080029c3   Thumb Code     2  os_cpu_c.o(i.OSTaskStatHook)
    OSTaskStkChk                             0x080029c5   Thumb Code   132  os_task.o(i.OSTaskStkChk)
    OSTaskStkInit                            0x08002a51   Thumb Code   426  os_cpu_c.o(i.OSTaskStkInit)
    OSTaskSuspend                            0x08002c01   Thumb Code   152  os_task.o(i.OSTaskSuspend)
    OSTaskSwHook                             0x08002ca9   Thumb Code     2  os_cpu_c.o(i.OSTaskSwHook)
    OSTimeDly                                0x08002cad   Thumb Code   100  os_time.o(i.OSTimeDly)
    OSTimeTick                               0x08002d25   Thumb Code   210  os_core.o(i.OSTimeTick)
    OSTimeTickHook                           0x08002e11   Thumb Code     2  os_cpu_c.o(i.OSTimeTickHook)
    OS_Dummy                                 0x08002e13   Thumb Code     2  os_core.o(i.OS_Dummy)
    OS_EventTaskRdy                          0x08002e15   Thumb Code   114  os_core.o(i.OS_EventTaskRdy)
    OS_EventTaskRemove                       0x08002e99   Thumb Code    42  os_core.o(i.OS_EventTaskRemove)
    OS_EventTaskWait                         0x08002ec5   Thumb Code   112  os_core.o(i.OS_EventTaskWait)
    OS_EventWaitListInit                     0x08002f41   Thumb Code    28  os_core.o(i.OS_EventWaitListInit)
    OS_FlagInit                              0x08003001   Thumb Code    74  os_flag.o(i.OS_FlagInit)
    OS_FlagUnlink                            0x080030b5   Thumb Code    36  os_flag.o(i.OS_FlagUnlink)
    OS_MemClr                                0x080032e5   Thumb Code    18  os_core.o(i.OS_MemClr)
    OS_QInit                                 0x080032f9   Thumb Code    72  os_q.o(i.OS_QInit)
    OS_Sched                                 0x08003349   Thumb Code    88  os_core.o(i.OS_Sched)
    OS_TCBInit                               0x080033e9   Thumb Code   278  os_core.o(i.OS_TCBInit)
    OS_TaskIdle                              0x0800351d   Thumb Code    34  os_core.o(i.OS_TaskIdle)
    OS_TaskReturn                            0x08003545   Thumb Code    18  os_task.o(i.OS_TaskReturn)
    OS_TaskStat                              0x0800355d   Thumb Code   116  os_core.o(i.OS_TaskStat)
    OS_TaskStatStkChk                        0x080035e5   Thumb Code    54  os_core.o(i.OS_TaskStatStkChk)
    OS_TaskStkClr                            0x08003621   Thumb Code    26  os_task.o(i.OS_TaskStkClr)
    Putc_UART1                               0x0800363d   Thumb Code    28  uart1.o(i.Putc_UART1)
    Putc_UART3                               0x0800365d   Thumb Code    28  uart3.o(i.Putc_UART3)
    RCC_AHB1PeriphClockCmd                   0x0800367d   Thumb Code    26  stm32f4xx_rcc.o(i.RCC_AHB1PeriphClockCmd)
    RCC_APB1PeriphClockCmd                   0x0800369d   Thumb Code    26  stm32f4xx_rcc.o(i.RCC_APB1PeriphClockCmd)
    RCC_APB2PeriphClockCmd                   0x080036bd   Thumb Code    26  stm32f4xx_rcc.o(i.RCC_APB2PeriphClockCmd)
    RCC_GetClocksFreq                        0x080036dd   Thumb Code   214  stm32f4xx_rcc.o(i.RCC_GetClocksFreq)
    SVC_Handler                              0x080037c5   Thumb Code     2  stm32f4xx_it.o(i.SVC_Handler)
    SysTick_CLKSourceConfig                  0x080038b5   Thumb Code    40  misc.o(i.SysTick_CLKSourceConfig)
    SysTick_Handler                          0x080038dd   Thumb Code    16  stm32f4xx_it.o(i.SysTick_Handler)
    SystemInit                               0x080038ed   Thumb Code    88  system_stm32f4xx.o(i.SystemInit)
    Systick_Init                             0x08003955   Thumb Code    56  main.o(i.Systick_Init)
    TIM2_IRQHandler                          0x08003ab1   Thumb Code    50  timer2.o(i.TIM2_IRQHandler)
    TIM2_Int_Init                            0x08003afd   Thumb Code   200  timer2.o(i.TIM2_Int_Init)
    TIM_ClearITPendingBit                    0x08003bdd   Thumb Code     6  stm32f4xx_tim.o(i.TIM_ClearITPendingBit)
    TIM_Cmd                                  0x08003be3   Thumb Code    24  stm32f4xx_tim.o(i.TIM_Cmd)
    TIM_GetITStatus                          0x08003bfb   Thumb Code    34  stm32f4xx_tim.o(i.TIM_GetITStatus)
    TIM_ICInit                               0x08003c1d   Thumb Code   110  stm32f4xx_tim.o(i.TIM_ICInit)
    TIM_ITConfig                             0x08003c8b   Thumb Code    18  stm32f4xx_tim.o(i.TIM_ITConfig)
    TIM_OC2Init                              0x08003c9d   Thumb Code   154  stm32f4xx_tim.o(i.TIM_OC2Init)
    TIM_SelectInputTrigger                   0x08003d41   Thumb Code    18  stm32f4xx_tim.o(i.TIM_SelectInputTrigger)
    TIM_SelectMasterSlaveMode                0x08003d53   Thumb Code    18  stm32f4xx_tim.o(i.TIM_SelectMasterSlaveMode)
    TIM_SelectSlaveMode                      0x08003d65   Thumb Code    18  stm32f4xx_tim.o(i.TIM_SelectSlaveMode)
    TIM_SetIC1Prescaler                      0x08003d77   Thumb Code    18  stm32f4xx_tim.o(i.TIM_SetIC1Prescaler)
    TIM_SetIC2Prescaler                      0x08003d89   Thumb Code    26  stm32f4xx_tim.o(i.TIM_SetIC2Prescaler)
    TIM_SetIC3Prescaler                      0x08003da3   Thumb Code    18  stm32f4xx_tim.o(i.TIM_SetIC3Prescaler)
    TIM_SetIC4Prescaler                      0x08003db5   Thumb Code    26  stm32f4xx_tim.o(i.TIM_SetIC4Prescaler)
    TIM_TimeBaseInit                         0x08003dd1   Thumb Code   104  stm32f4xx_tim.o(i.TIM_TimeBaseInit)
    UART1_Config                             0x08003e55   Thumb Code   246  uart1.o(i.UART1_Config)
    UART2_Config                             0x08003f6d   Thumb Code   210  uart2.o(i.UART2_Config)
    UART3_Config                             0x0800405d   Thumb Code   246  uart3.o(i.UART3_Config)
    USART1_IRQHandler                        0x08004175   Thumb Code    90  uart1.o(i.USART1_IRQHandler)
    USART2_IRQHandler                        0x080041e9   Thumb Code    46  uart2.o(i.USART2_IRQHandler)
    USART3_IRQHandler                        0x08004229   Thumb Code    92  uart3.o(i.USART3_IRQHandler)
    USART_Cmd                                0x0800429d   Thumb Code    24  stm32f4xx_usart.o(i.USART_Cmd)
    USART_DMACmd                             0x080042b5   Thumb Code    18  stm32f4xx_usart.o(i.USART_DMACmd)
    USART_GetITStatus                        0x080042c7   Thumb Code    84  stm32f4xx_usart.o(i.USART_GetITStatus)
    USART_ITConfig                           0x0800431b   Thumb Code    74  stm32f4xx_usart.o(i.USART_ITConfig)
    USART_Init                               0x08004365   Thumb Code   204  stm32f4xx_usart.o(i.USART_Init)
    USART_SendData                           0x08004439   Thumb Code     8  stm32f4xx_usart.o(i.USART_SendData)
    UsageFault_Handler                       0x08004441   Thumb Code     4  stm32f4xx_it.o(i.UsageFault_Handler)
    __ARM_fpclassify                         0x08004445   Thumb Code    48  fpclassify.o(i.__ARM_fpclassify)
    __hardfp_acos                            0x08004479   Thumb Code   738  acos.o(i.__hardfp_acos)
    __hardfp_cos                             0x080047d1   Thumb Code   180  cos.o(i.__hardfp_cos)
    __ieee754_rem_pio2                       0x08004899   Thumb Code   938  rred.o(i.__ieee754_rem_pio2)
    __kernel_cos                             0x08004cd1   Thumb Code   322  cos_i.o(i.__kernel_cos)
    __kernel_poly                            0x08004e41   Thumb Code   248  poly.o(i.__kernel_poly)
    __kernel_sin                             0x08004f39   Thumb Code   280  sin_i.o(i.__kernel_sin)
    __mathlib_dbl_infnan                     0x08005069   Thumb Code    20  dunder.o(i.__mathlib_dbl_infnan)
    __mathlib_dbl_invalid                    0x08005081   Thumb Code    24  dunder.o(i.__mathlib_dbl_invalid)
    __mathlib_dbl_underflow                  0x080050a1   Thumb Code    24  dunder.o(i.__mathlib_dbl_underflow)
    _sys_exit                                0x080050c1   Thumb Code     6  uart1.o(i._sys_exit)
    ais_tran_task                            0x080050c9   Thumb Code   104  app.o(i.ais_tran_task)
    calLongiDist                             0x08005145   Thumb Code    80  fsmcontrol.o(i.calLongiDist)
    calSphereDist                            0x080051a5   Thumb Code   958  fsmcontrol.o(i.calSphereDist)
    changeMinuteToDegree                     0x080055a5   Thumb Code   364  fsmcontrol.o(i.changeMinuteToDegree)
    changeOtherShipContentTo61162            0x08005729   Thumb Code   274  mkdcontrol.o(i.changeOtherShipContentTo61162)
    changeOwnShipContentTo61162              0x0800583b   Thumb Code   268  mkdcontrol.o(i.changeOwnShipContentTo61162)
    checkAssignValid                         0x08005947   Thumb Code    86  fsmcontrol.o(i.checkAssignValid)
    checkFSMMsg20Struct                      0x0800599d   Thumb Code   330  fsmcontrol.o(i.checkFSMMsg20Struct)
    checkFSMMsg22Struct                      0x08005ae9   Thumb Code   618  fsmcontrol.o(i.checkFSMMsg22Struct)
    checkFSMMsg23Struct                      0x08005d5d   Thumb Code   262  fsmcontrol.o(i.checkFSMMsg23Struct)
    chnage611626bitASCIIto8bitASCII          0x08005e6d   Thumb Code    40  mkdcontrol.o(i.chnage611626bitASCIIto8bitASCII)
    collectNewMsg                            0x08005e95   Thumb Code   232  fsmcontrol.o(i.collectNewMsg)
    fabs                                     0x08005f91   Thumb Code    24  fabs.o(i.fabs)
    float_task                               0x08005fa9   Thumb Code    32  app.o(i.float_task)
    fputc                                    0x08005fd1   Thumb Code    22  uart1.o(i.fputc)
    generate8bitRandNum                      0x08005fed   Thumb Code    40  fsmcontrol.o(i.generate8bitRandNum)
    generateCycleContent                     0x08006015   Thumb Code   280  fsmcontrol.o(i.generateCycleContent)
    generateMsg14Content                     0x0800612d   Thumb Code   208  fsmcontrol.o(i.generateMsg14Content)
    generateMsg14encapData                   0x08006201   Thumb Code   300  fsmcontrol.o(i.generateMsg14encapData)
    generateMsg18Content                     0x08006331   Thumb Code   446  fsmcontrol.o(i.generateMsg18Content)
    generateMsg18encapData                   0x080064f1   Thumb Code   350  fsmcontrol.o(i.generateMsg18encapData)
    generateMsg19Content                     0x08006655   Thumb Code   256  fsmcontrol.o(i.generateMsg19Content)
    generateMsg19encapData                   0x08006759   Thumb Code   468  fsmcontrol.o(i.generateMsg19encapData)
    generateMsg24AencapData                  0x08006931   Thumb Code   298  fsmcontrol.o(i.generateMsg24AencapData)
    generateMsg24BencapData                  0x08006a61   Thumb Code   334  fsmcontrol.o(i.generateMsg24BencapData)
    generateMsg24Content                     0x08006bb5   Thumb Code   764  fsmcontrol.o(i.generateMsg24Content)
    generateSafeAndInquiryContent            0x08006eb5   Thumb Code   190  fsmcontrol.o(i.generateSafeAndInquiryContent)
    getAlterChannel                          0x08006f79   Thumb Code    28  fsmcontrol.o(i.getAlterChannel)
    getAreaValid                             0x08006f95   Thumb Code   362  fsmcontrol.o(i.getAreaValid)
    getAssignAlterChannel                    0x080070ff   Thumb Code   194  fsmcontrol.o(i.getAssignAlterChannel)
    getGPSInfomation                         0x080071c1   Thumb Code   184  uart2.o(i.getGPSInfomation)
    getHandoverAreaValid                     0x08007279   Thumb Code   900  fsmcontrol.o(i.getHandoverAreaValid)
    getMsg22ChannelManagerInfo               0x08007605   Thumb Code   928  fsmcontrol.o(i.getMsg22ChannelManagerInfo)
    getOwn61162ToBeFramedInfo                0x080079a5   Thumb Code   310  mkdcontrol.o(i.getOwn61162ToBeFramedInfo)
    gps_tran_task                            0x08007add   Thumb Code   208  app.o(i.gps_tran_task)
    initMsg20Struct                          0x08007bf9   Thumb Code    32  fsmcontrol.o(i.initMsg20Struct)
    initOtherDataFixedStruct                 0x08007c19   Thumb Code    50  testmkdcontrol.o(i.initOtherDataFixedStruct)
    initOtherDataStruct                      0x08007c51   Thumb Code    32  testmkdcontrol.o(i.initOtherDataStruct)
    initVDLMsg20Struct                       0x08007c71   Thumb Code   100  ais_ps_struct.o(i.initVDLMsg20Struct)
    initVDLMsg20StructPara                   0x08007cd9   Thumb Code   154  ais_ps_struct.o(i.initVDLMsg20StructPara)
    initVDLMsg23Struct                       0x08007d81   Thumb Code    56  ais_ps_struct.o(i.initVDLMsg23Struct)
    led_task                                 0x08007dc1   Thumb Code   140  app.o(i.led_task)
    main                                     0x08007e51   Thumb Code    76  main.o(i.main)
    mkd_collecVDLShipMsg                     0x08007ea9   Thumb Code    72  mkdcontrol.o(i.mkd_collecVDLShipMsg)
    mkd_collectNewMsg                        0x08007ef1   Thumb Code   100  mkdcontrol.o(i.mkd_collectNewMsg)
    mkd_control_task                         0x08007f55   Thumb Code   154  app.o(i.mkd_control_task)
    mkd_trans_task                           0x08008001   Thumb Code    70  app.o(i.mkd_trans_task)
    prinfBinary                              0x08008061   Thumb Code    16  testfsmcontrol.o(i.prinfBinary)
    rstFSMFrame19Struct                      0x08008075   Thumb Code    46  fsmcontrol.o(i.rstFSMFrame19Struct)
    rstFSMFrameStruct                        0x080080a3   Thumb Code    48  fsmcontrol.o(i.rstFSMFrameStruct)
    rstMKDContentToBeFramedStruct            0x080080d3   Thumb Code    66  mkdcontrol.o(i.rstMKDContentToBeFramedStruct)
    rstMKDFramedStruct                       0x08008115   Thumb Code    32  mkdcontrol.o(i.rstMKDFramedStruct)
    setCycleCountNum                         0x08008135   Thumb Code   138  fsmcontrol.o(i.setCycleCountNum)
    setSupplierInfo                          0x080081c1   Thumb Code   100  uart3.o(i.setSupplierInfo)
    sqrt                                     0x08008229   Thumb Code   110  sqrt.o(i.sqrt)
    testAIS_BBMMsgStruct                     0x08008297   Thumb Code    82  uart3.o(i.testAIS_BBMMsgStruct)
    testAIS_StaticStruct                     0x080082e9   Thumb Code    72  uart3.o(i.testAIS_StaticStruct)
    testCheckFSMMsg20Struct                  0x08008331   Thumb Code   410  testfsmcontrol.o(i.testCheckFSMMsg20Struct)
    testCheckFSMMsg22Struct                  0x08008649   Thumb Code  1740  testfsmcontrol.o(i.testCheckFSMMsg22Struct)
    testCheckFSMMsg23Struct                  0x08008e19   Thumb Code   474  testfsmcontrol.o(i.testCheckFSMMsg23Struct)
    testCollectNewMsg                        0x080092a9   Thumb Code   224  testfsmcontrol.o(i.testCollectNewMsg)
    testGPS_InfoStruct                       0x080094a1   Thumb Code    92  uart2.o(i.testGPS_InfoStruct)
    testGPS_InfoStructPara                   0x080094fd   Thumb Code    84  uart2.o(i.testGPS_InfoStructPara)
    testGenerateMsg14Content                 0x08009551   Thumb Code   312  testfsmcontrol.o(i.testGenerateMsg14Content)
    testGenerateMsg18Content                 0x08009875   Thumb Code  1660  testfsmcontrol.o(i.testGenerateMsg18Content)
    testGenerateMsg19Content                 0x0800a019   Thumb Code   452  testfsmcontrol.o(i.testGenerateMsg19Content)
    testMsg14                                0x0800a509   Thumb Code    44  test.o(i.testMsg14)
    testMsg18                                0x0800a549   Thumb Code   134  test.o(i.testMsg18)
    testMsg18Info                            0x0800a5f9   Thumb Code   514  test.o(i.testMsg18Info)
    testMsg19                                0x0800a81d   Thumb Code   112  test.o(i.testMsg19)
    testMsg20Info                            0x0800a8ad   Thumb Code   274  test.o(i.testMsg20Info)
    testMsg22                                0x0800a9c5   Thumb Code  1252  test.o(i.testMsg22)
    testMsg22Handover                        0x0800aeb5   Thumb Code   138  test.o(i.testMsg22Handover)
    testMsg23Info                            0x0800af71   Thumb Code   148  test.o(i.testMsg23Info)
    testMsg24                                0x0800b02d   Thumb Code   118  test.o(i.testMsg24)
    testMsg24Info                            0x0800b0c9   Thumb Code   424  test.o(i.testMsg24Info)
    testUpdataMsg20Struct                    0x0800b291   Thumb Code   536  testfsmcontrol.o(i.testUpdataMsg20Struct)
    testUpdataMsg22Struct                    0x0800b735   Thumb Code   440  testfsmcontrol.o(i.testUpdataMsg22Struct)
    testUpdataMsg23Struct                    0x0800bb85   Thumb Code   512  testfsmcontrol.o(i.testUpdataMsg23Struct)
    testVDL_Msg15                            0x0800c071   Thumb Code    52  testfsmcontrol.o(i.testVDL_Msg15)
    testVDMFunction                          0x0800c0ad   Thumb Code   198  test_mkd.o(i.testVDMFunction)
    testgenerateMsg24Content                 0x0800c1ad   Thumb Code  1956  testfsmcontrol.o(i.testgenerateMsg24Content)
    updataAssignContent                      0x0800c9b9   Thumb Code   134  fsmcontrol.o(i.updataAssignContent)
    updataGPSInfoStruct                      0x0800ca3f   Thumb Code    98  uart2.o(i.updataGPSInfoStruct)
    updataMsg20Struct                        0x0800caa1   Thumb Code   776  fsmcontrol.o(i.updataMsg20Struct)
    updataMsg22Struct                        0x0800cda9   Thumb Code   628  fsmcontrol.o(i.updataMsg22Struct)
    updataMsg23Struct                        0x0800d039   Thumb Code   522  fsmcontrol.o(i.updataMsg23Struct)
    updataToBeFrameInfo                      0x0800d24d   Thumb Code   156  mkdcontrol.o(i.updataToBeFrameInfo)
    updataVDMorVDOFrame                      0x0800d2e9   Thumb Code  1592  mkdcontrol.o(i.updataVDMorVDOFrame)
    _get_lc_numeric                          0x0800d92d   Thumb Code    44  lc_numeric_c.o(locale$$code)
    __aeabi_dneg                             0x0800d959   Thumb Code     0  basic.o(x$fpl$basic)
    _dneg                                    0x0800d959   Thumb Code     6  basic.o(x$fpl$basic)
    __aeabi_fneg                             0x0800d95f   Thumb Code     0  basic.o(x$fpl$basic)
    _fneg                                    0x0800d95f   Thumb Code     6  basic.o(x$fpl$basic)
    _dabs                                    0x0800d965   Thumb Code     6  basic.o(x$fpl$basic)
    _fabs                                    0x0800d96b   Thumb Code     6  basic.o(x$fpl$basic)
    __aeabi_dadd                             0x0800d971   Thumb Code     0  daddsub_clz.o(x$fpl$dadd)
    _dadd                                    0x0800d971   Thumb Code   332  daddsub_clz.o(x$fpl$dadd)
    __fpl_dcmp_Inf                           0x0800dac1   Thumb Code    24  dcmpi.o(x$fpl$dcmpinf)
    __aeabi_ddiv                             0x0800dad9   Thumb Code     0  ddiv.o(x$fpl$ddiv)
    _ddiv                                    0x0800dad9   Thumb Code   552  ddiv.o(x$fpl$ddiv)
    __aeabi_cdcmpeq                          0x0800dd89   Thumb Code     0  deqf.o(x$fpl$deqf)
    _dcmpeq                                  0x0800dd89   Thumb Code   120  deqf.o(x$fpl$deqf)
    __aeabi_d2iz                             0x0800de01   Thumb Code     0  dfix.o(x$fpl$dfix)
    _dfix                                    0x0800de01   Thumb Code    94  dfix.o(x$fpl$dfix)
    __aeabi_i2d                              0x0800de5f   Thumb Code     0  dflt_clz.o(x$fpl$dflt)
    _dflt                                    0x0800de5f   Thumb Code    46  dflt_clz.o(x$fpl$dflt)
    __aeabi_ui2d                             0x0800de8d   Thumb Code     0  dflt_clz.o(x$fpl$dfltu)
    _dfltu                                   0x0800de8d   Thumb Code    38  dflt_clz.o(x$fpl$dfltu)
    __aeabi_cdcmple                          0x0800deb5   Thumb Code     0  dleqf.o(x$fpl$dleqf)
    _dcmple                                  0x0800deb5   Thumb Code   120  dleqf.o(x$fpl$dleqf)
    __fpl_dcmple_InfNaN                      0x0800df17   Thumb Code     0  dleqf.o(x$fpl$dleqf)
    __aeabi_dmul                             0x0800df2d   Thumb Code     0  dmul.o(x$fpl$dmul)
    _dmul                                    0x0800df2d   Thumb Code   332  dmul.o(x$fpl$dmul)
    __fpl_dnaninf                            0x0800e081   Thumb Code   156  dnaninf.o(x$fpl$dnaninf)
    __fpl_dretinf                            0x0800e11d   Thumb Code    12  dretinf.o(x$fpl$dretinf)
    __aeabi_cdrcmple                         0x0800e129   Thumb Code     0  drleqf.o(x$fpl$drleqf)
    _drcmple                                 0x0800e129   Thumb Code   108  drleqf.o(x$fpl$drleqf)
    __aeabi_drsub                            0x0800e195   Thumb Code     0  daddsub_clz.o(x$fpl$drsb)
    _drsb                                    0x0800e195   Thumb Code    22  daddsub_clz.o(x$fpl$drsb)
    _dsqrt                                   0x0800e1ad   Thumb Code   404  dsqrt_umaal.o(x$fpl$dsqrt)
    __aeabi_dsub                             0x0800e345   Thumb Code     0  daddsub_clz.o(x$fpl$dsub)
    _dsub                                    0x0800e345   Thumb Code   464  daddsub_clz.o(x$fpl$dsub)
    _fp_init                                 0x0800e519   Thumb Code    10  fpinit.o(x$fpl$fpinit)
    __fplib_config_fpu_vfp                   0x0800e521   Thumb Code     0  fpinit.o(x$fpl$fpinit)
    __fplib_config_pureend_doubles           0x0800e521   Thumb Code     0  fpinit.o(x$fpl$fpinit)
    _printf_fp_dec                           0x0800e523   Thumb Code     4  printf1.o(x$fpl$printf1)
    OSUnMapTbl                               0x0800e526   Data         256  os_core.o(.constdata)
    __I$use$fp                               0x0800e526   Number         0  usenofp.o(x$fpl$usenofp)
    Region$$Table$$Base                      0x0800e8dc   Number         0  anon$$obj.o(Region$$Table)
    Region$$Table$$Limit                     0x0800e8fc   Number         0  anon$$obj.o(Region$$Table)
    __stdout                                 0x20000010   Data           4  uart1.o(.data)
    ais_rcvMsgIDStruct                       0x20000020   Data           2  uart3.o(.data)
    ais_msgIDStruct                          0x20000022   Data           2  uart3.o(.data)
    isFPGAVDLDataNewIn                       0x2000003d   Data           1  ps_fpga_interface.o(.data)
    isVDLMsg15NewIn                          0x2000003e   Data           1  ps_fpga_interface.o(.data)
    isVDLMsg20NewIn                          0x2000003f   Data           1  ps_fpga_interface.o(.data)
    isVDLMsg22NewIn                          0x20000040   Data           1  ps_fpga_interface.o(.data)
    isVDLMsg23NewIn                          0x20000041   Data           1  ps_fpga_interface.o(.data)
    isOtherShipMsgNewIn                      0x20000042   Data           1  ps_fpga_interface.o(.data)
    str                                      0x20000043   Data          28  testmkdcontrol.o(.data)
    fillBias                                 0x2000005f   Data           1  testmkdcontrol.o(.data)
    QSem                                     0x20000060   Data           4  app.o(.data)
    Q_mkd                                    0x20000064   Data           4  app.o(.data)
    MsgQueueBias                             0x20000068   Data           1  app.o(.data)
    AIS_FLAG                                 0x2000006c   Data           4  app.o(.data)
    GPS_FLAG                                 0x20000070   Data           4  app.o(.data)
    OSCtxSwCtr                               0x20000088   Data           4  os_core.o(.data)
    OSEventFreeList                          0x2000008c   Data           4  os_core.o(.data)
    OSFlagFreeList                           0x20000090   Data           4  os_core.o(.data)
    OSCPUUsage                               0x20000094   Data           1  os_core.o(.data)
    OSIdleCtrMax                             0x20000098   Data           4  os_core.o(.data)
    OSIdleCtrRun                             0x2000009c   Data           4  os_core.o(.data)
    OSStatRdy                                0x200000a0   Data           1  os_core.o(.data)
    OSIntNesting                             0x200000a1   Data           1  os_core.o(.data)
    OSLockNesting                            0x200000a2   Data           1  os_core.o(.data)
    OSPrioCur                                0x200000a3   Data           1  os_core.o(.data)
    OSPrioHighRdy                            0x200000a4   Data           1  os_core.o(.data)
    OSRdyGrp                                 0x200000a5   Data           1  os_core.o(.data)
    OSRdyTbl                                 0x200000a6   Data           8  os_core.o(.data)
    OSRunning                                0x200000ae   Data           1  os_core.o(.data)
    OSTaskCtr                                0x200000af   Data           1  os_core.o(.data)
    OSIdleCtr                                0x200000b0   Data           4  os_core.o(.data)
    OSTCBCur                                 0x200000b4   Data           4  os_core.o(.data)
    OSTCBFreeList                            0x200000b8   Data           4  os_core.o(.data)
    OSTCBHighRdy                             0x200000bc   Data           4  os_core.o(.data)
    OSTCBList                                0x200000c0   Data           4  os_core.o(.data)
    OSTickStepState                          0x200000c4   Data           1  os_core.o(.data)
    OSQFreeList                              0x200000c8   Data           4  os_core.o(.data)
    OSTime                                   0x200000cc   Data           4  os_core.o(.data)
    SPI2_RX0                                 0x200000d0   Data          50  spi.o(.bss)
    SPI2_RX1                                 0x20000102   Data          50  spi.o(.bss)
    Uart1_Rx1                                0x20000134   Data          20  uart1.o(.bss)
    Uart1_Rx2                                0x20000148   Data          20  uart1.o(.bss)
    Uart2_GPS1                               0x200001a8   Data        1024  uart2.o(.bss)
    Uart2_GPS2                               0x200005a8   Data        1024  uart2.o(.bss)
    gps_infoStruct                           0x200009a8   Data          44  uart2.o(.bss)
    gps_RMCMsgStruct                         0x200009d4   Data          40  uart2.o(.bss)
    Uart3_Rx1                                0x20000a48   Data          20  uart3.o(.bss)
    Uart3_Rx2                                0x20000a5c   Data          20  uart3.o(.bss)
    ais_staticDataStruct                     0x20000a70   Data         216  uart3.o(.bss)
    ais_bbmMsgStruct                         0x20000b48   Data         266  uart3.o(.bss)
    fsm_dataStruct                           0x20000cd0   Data         734  fsmcontrol.o(.bss)
    fsm_controlStruct                        0x20000fb0   Data         832  fsmcontrol.o(.bss)
    mkd_controlStruct                        0x200012f0   Data         262  mkdcontrol.o(.bss)
    mkd_dataStruct                           0x200013f6   Data         860  mkdcontrol.o(.bss)
    recVDLMsg15                              0x20001754   Data          28  ps_fpga_interface.o(.bss)
    recVDLMsg20                              0x20001770   Data          44  ps_fpga_interface.o(.bss)
    recVDLMsg22                              0x2000179c   Data          32  ps_fpga_interface.o(.bss)
    recVDLMsg23                              0x200017bc   Data          28  ps_fpga_interface.o(.bss)
    otherShipMsg                             0x200017d8   Data         135  ps_fpga_interface.o(.bss)
    LED_TASK_STK                             0x20001860   Data         256  app.o(.bss)
    FLOAT_TASK_STK                           0x20001960   Data         512  app.o(.bss)
    AIS_TASK_STK                             0x20001b60   Data         512  app.o(.bss)
    GPS_TASK_STK                             0x20001d60   Data         512  app.o(.bss)
    AIS_Analysis_TASK_STK                    0x20001f60   Data         512  app.o(.bss)
    AIS_MKD_TASK_STK                         0x20002160   Data        1024  app.o(.bss)
    AIS_MKD_TRANS_TASK_STK                   0x20002560   Data         512  app.o(.bss)
    MsgQeueTb                                0x20002760   Data          80  app.o(.bss)
    Partition                                0x200027b0   Data        8000  app.o(.bss)
    MsgQeueMkd                               0x200046f0   Data          80  app.o(.bss)
    MsgQueue                                 0x20004740   Data       12000  app.o(.bss)
    OSEventTbl                               0x20007620   Data         200  os_core.o(.bss)
    OSFlagTbl                                0x200076e8   Data          80  os_core.o(.bss)
    OSTaskStatStk                            0x20007738   Data         512  os_core.o(.bss)
    OSTaskIdleStk                            0x20007938   Data         512  os_core.o(.bss)
    OSTCBPrioTbl                             0x20007b38   Data         256  os_core.o(.bss)
    OSTCBTbl                                 0x20007c38   Data        1008  os_core.o(.bss)
    OSQTbl                                   0x20008028   Data         120  os_core.o(.bss)
    _random_number_data                      0x200080a0   Data         228  rand.o(.bss)
    __libspace_start                         0x20008184   Data          96  libspace.o(.bss)
    __temporary_stack_top$libspace           0x200081e4   Data           0  libspace.o(.bss)



==============================================================================

Memory Map of the image

  Image Entry point : 0x08000189

  Load Region LR_IROM1 (Base: 0x08000000, Size: 0x0000e9e8, Max: 0x00080000, ABSOLUTE)

    Execution Region ER_IROM1 (Base: 0x08000000, Size: 0x0000e918, Max: 0x00080000, ABSOLUTE)

    Base Addr    Size         Type   Attr      Idx    E Section Name        Object

    0x08000000   0x00000188   Data   RO          332    RESET               startup_stm32f40_41xxx.o
    0x08000188   0x00000008   Code   RO         6085  * !!!main             c_w.l(__main.o)
    0x08000190   0x00000034   Code   RO         6476    !!!scatter          c_w.l(__scatter.o)
    0x080001c4   0x0000001a   Code   RO         6478    !!handler_copy      c_w.l(__scatter_copy.o)
    0x080001de   0x00000002   PAD
    0x080001e0   0x0000001c   Code   RO         6480    !!handler_zi        c_w.l(__scatter_zi.o)
    0x080001fc   0x00000000   Code   RO         6073    .ARM.Collect$$_printf_percent$$00000000  c_w.l(_printf_percent.o)
    0x080001fc   0x00000006   Code   RO         6072    .ARM.Collect$$_printf_percent$$00000003  c_w.l(_printf_f.o)
    0x08000202   0x00000006   Code   RO         6071    .ARM.Collect$$_printf_percent$$00000009  c_w.l(_printf_d.o)
    0x08000208   0x00000006   Code   RO         6070    .ARM.Collect$$_printf_percent$$0000000C  c_w.l(_printf_x.o)
    0x0800020e   0x00000006   Code   RO         6068    .ARM.Collect$$_printf_percent$$00000013  c_w.l(_printf_c.o)
    0x08000214   0x00000006   Code   RO         6069    .ARM.Collect$$_printf_percent$$00000014  c_w.l(_printf_s.o)
    0x0800021a   0x00000004   Code   RO         6182    .ARM.Collect$$_printf_percent$$00000017  c_w.l(_printf_percent_end.o)
    0x0800021e   0x00000002   Code   RO         6417    .ARM.Collect$$libinit$$00000000  c_w.l(libinit.o)
    0x08000220   0x00000004   Code   RO         6187    .ARM.Collect$$libinit$$00000001  c_w.l(libinit2.o)
    0x08000224   0x00000000   Code   RO         6190    .ARM.Collect$$libinit$$00000004  c_w.l(libinit2.o)
    0x08000224   0x00000000   Code   RO         6193    .ARM.Collect$$libinit$$0000000A  c_w.l(libinit2.o)
    0x08000224   0x00000000   Code   RO         6195    .ARM.Collect$$libinit$$0000000C  c_w.l(libinit2.o)
    0x08000224   0x00000004   Code   RO         6196    .ARM.Collect$$libinit$$0000000D  c_w.l(libinit2.o)
    0x08000228   0x00000000   Code   RO         6197    .ARM.Collect$$libinit$$0000000E  c_w.l(libinit2.o)
    0x08000228   0x00000006   Code   RO         6198    .ARM.Collect$$libinit$$0000000F  c_w.l(libinit2.o)
    0x0800022e   0x00000000   Code   RO         6200    .ARM.Collect$$libinit$$00000011  c_w.l(libinit2.o)
    0x0800022e   0x00000000   Code   RO         6202    .ARM.Collect$$libinit$$00000013  c_w.l(libinit2.o)
    0x0800022e   0x00000000   Code   RO         6204    .ARM.Collect$$libinit$$00000015  c_w.l(libinit2.o)
    0x0800022e   0x0000000a   Code   RO         6205    .ARM.Collect$$libinit$$00000016  c_w.l(libinit2.o)
    0x08000238   0x00000000   Code   RO         6206    .ARM.Collect$$libinit$$00000017  c_w.l(libinit2.o)
    0x08000238   0x00000000   Code   RO         6208    .ARM.Collect$$libinit$$00000019  c_w.l(libinit2.o)
    0x08000238   0x00000000   Code   RO         6210    .ARM.Collect$$libinit$$0000001B  c_w.l(libinit2.o)
    0x08000238   0x00000000   Code   RO         6212    .ARM.Collect$$libinit$$0000001D  c_w.l(libinit2.o)
    0x08000238   0x00000000   Code   RO         6214    .ARM.Collect$$libinit$$0000001F  c_w.l(libinit2.o)
    0x08000238   0x00000000   Code   RO         6216    .ARM.Collect$$libinit$$00000021  c_w.l(libinit2.o)
    0x08000238   0x00000000   Code   RO         6218    .ARM.Collect$$libinit$$00000023  c_w.l(libinit2.o)
    0x08000238   0x00000000   Code   RO         6220    .ARM.Collect$$libinit$$00000025  c_w.l(libinit2.o)
    0x08000238   0x00000000   Code   RO         6224    .ARM.Collect$$libinit$$0000002C  c_w.l(libinit2.o)
    0x08000238   0x00000000   Code   RO         6226    .ARM.Collect$$libinit$$0000002E  c_w.l(libinit2.o)
    0x08000238   0x00000000   Code   RO         6228    .ARM.Collect$$libinit$$00000030  c_w.l(libinit2.o)
    0x08000238   0x00000000   Code   RO         6230    .ARM.Collect$$libinit$$00000032  c_w.l(libinit2.o)
    0x08000238   0x00000002   Code   RO         6231    .ARM.Collect$$libinit$$00000033  c_w.l(libinit2.o)
    0x0800023a   0x00000002   Code   RO         6473    .ARM.Collect$$libshutdown$$00000000  c_w.l(libshutdown.o)
    0x0800023c   0x00000000   Code   RO         6429    .ARM.Collect$$libshutdown$$00000002  c_w.l(libshutdown2.o)
    0x0800023c   0x00000000   Code   RO         6431    .ARM.Collect$$libshutdown$$00000004  c_w.l(libshutdown2.o)
    0x0800023c   0x00000000   Code   RO         6434    .ARM.Collect$$libshutdown$$00000007  c_w.l(libshutdown2.o)
    0x0800023c   0x00000000   Code   RO         6437    .ARM.Collect$$libshutdown$$0000000A  c_w.l(libshutdown2.o)
    0x0800023c   0x00000000   Code   RO         6439    .ARM.Collect$$libshutdown$$0000000C  c_w.l(libshutdown2.o)
    0x0800023c   0x00000000   Code   RO         6442    .ARM.Collect$$libshutdown$$0000000F  c_w.l(libshutdown2.o)
    0x0800023c   0x00000002   Code   RO         6443    .ARM.Collect$$libshutdown$$00000010  c_w.l(libshutdown2.o)
    0x0800023e   0x00000000   Code   RO         6144    .ARM.Collect$$rtentry$$00000000  c_w.l(__rtentry.o)
    0x0800023e   0x00000000   Code   RO         6287    .ARM.Collect$$rtentry$$00000002  c_w.l(__rtentry2.o)
    0x0800023e   0x00000006   Code   RO         6299    .ARM.Collect$$rtentry$$00000004  c_w.l(__rtentry4.o)
    0x08000244   0x00000000   Code   RO         6289    .ARM.Collect$$rtentry$$00000009  c_w.l(__rtentry2.o)
    0x08000244   0x00000004   Code   RO         6290    .ARM.Collect$$rtentry$$0000000A  c_w.l(__rtentry2.o)
    0x08000248   0x00000000   Code   RO         6292    .ARM.Collect$$rtentry$$0000000C  c_w.l(__rtentry2.o)
    0x08000248   0x00000008   Code   RO         6293    .ARM.Collect$$rtentry$$0000000D  c_w.l(__rtentry2.o)
    0x08000250   0x00000002   Code   RO         6418    .ARM.Collect$$rtexit$$00000000  c_w.l(rtexit.o)
    0x08000252   0x00000000   Code   RO         6447    .ARM.Collect$$rtexit$$00000002  c_w.l(rtexit2.o)
    0x08000252   0x00000004   Code   RO         6448    .ARM.Collect$$rtexit$$00000003  c_w.l(rtexit2.o)
    0x08000256   0x00000006   Code   RO         6449    .ARM.Collect$$rtexit$$00000004  c_w.l(rtexit2.o)
    0x0800025c   0x00000034   Code   RO         6074    .emb_text           c_w.l(rand.o)
    0x08000290   0x00000040   Code   RO          333    .text               startup_stm32f40_41xxx.o
    0x080002d0   0x000000c8   Code   RO         5862    .text               os_cpu_a.o
    0x08000398   0x00000012   Code   RO         5957    .text               c_w.l(sys_time.o)
    0x080003aa   0x00000002   PAD
    0x080003ac   0x00000018   Code   RO         6019    .text               c_w.l(noretval__2printf.o)
    0x080003c4   0x00000068   Code   RO         6021    .text               c_w.l(__printf.o)
    0x0800042c   0x00000052   Code   RO         6023    .text               c_w.l(_printf_str.o)
    0x0800047e   0x00000002   PAD
    0x08000480   0x00000078   Code   RO         6025    .text               c_w.l(_printf_dec.o)
    0x080004f8   0x00000058   Code   RO         6030    .text               c_w.l(_printf_hex_int.o)
    0x08000550   0x0000003c   Code   RO         6075    .text               c_w.l(rand.o)
    0x0800058c   0x0000003e   Code   RO         6079    .text               c_w.l(strlen.o)
    0x080005ca   0x00000006   Code   RO         6083    .text               c_w.l(heapauxi.o)
    0x080005d0   0x00000002   Code   RO         6139    .text               c_w.l(use_no_semi.o)
    0x080005d2   0x00000000   Code   RO         6143    .text               c_w.l(indicate_semi.o)
    0x080005d2   0x00000016   Code   RO         6172    .text               c_w.l(_rserrno.o)
    0x080005e8   0x000000b2   Code   RO         6174    .text               c_w.l(_printf_intcommon.o)
    0x0800069a   0x0000041a   Code   RO         6176    .text               c_w.l(_printf_fp_dec.o)
    0x08000ab4   0x0000002c   Code   RO         6178    .text               c_w.l(_printf_char.o)
    0x08000ae0   0x00000024   Code   RO         6180    .text               c_w.l(_printf_char_file.o)
    0x08000b04   0x00000008   Code   RO         6283    .text               c_w.l(libspace.o)
    0x08000b0c   0x00000008   Code   RO         6304    .text               c_w.l(rt_locale_intlibspace.o)
    0x08000b14   0x00000008   Code   RO         6309    .text               c_w.l(rt_errno_addr_intlibspace.o)
    0x08000b1c   0x0000008a   Code   RO         6321    .text               c_w.l(lludiv10.o)
    0x08000ba6   0x00000002   PAD
    0x08000ba8   0x00000030   Code   RO         6323    .text               c_w.l(_printf_char_common.o)
    0x08000bd8   0x00000080   Code   RO         6325    .text               c_w.l(_printf_fp_infnan.o)
    0x08000c58   0x000000dc   Code   RO         6327    .text               c_w.l(bigflt0.o)
    0x08000d34   0x00000008   Code   RO         6352    .text               c_w.l(ferror.o)
    0x08000d3c   0x0000004a   Code   RO         6390    .text               c_w.l(sys_stackheap_outer.o)
    0x08000d86   0x00000012   Code   RO         6400    .text               c_w.l(exit.o)
    0x08000d98   0x00000080   Code   RO         6406    .text               c_w.l(strcmpv7m.o)
    0x08000e18   0x0000003e   Code   RO         6330    CL$$btod_d2e        c_w.l(btod.o)
    0x08000e56   0x00000046   Code   RO         6332    CL$$btod_d2e_denorm_low  c_w.l(btod.o)
    0x08000e9c   0x00000060   Code   RO         6331    CL$$btod_d2e_norm_op1  c_w.l(btod.o)
    0x08000efc   0x00000338   Code   RO         6340    CL$$btod_div_common  c_w.l(btod.o)
    0x08001234   0x000000c6   Code   RO         6337    CL$$btod_e2e        c_w.l(btod.o)
    0x080012fa   0x00000028   Code   RO         6334    CL$$btod_ediv       c_w.l(btod.o)
    0x08001322   0x00000028   Code   RO         6333    CL$$btod_emul       c_w.l(btod.o)
    0x0800134a   0x00000244   Code   RO         6339    CL$$btod_mult_common  c_w.l(btod.o)
    0x0800158e   0x00000002   PAD
    0x08001590   0x000000b8   Code   RO         1539    i.App_TaskStart     app.o
    0x08001648   0x00000004   Code   RO          230    i.BusFault_Handler  stm32f4xx_it.o
    0x0800164c   0x00000034   Code   RO          339    i.DMA1_Stream3_IRQHandler  spi.o
    0x08001680   0x00000034   Code   RO         5023    i.DMA_ClearITPendingBit  stm32f4xx_dma.o
    0x080016b4   0x00000016   Code   RO         5024    i.DMA_Cmd           stm32f4xx_dma.o
    0x080016ca   0x00000002   PAD
    0x080016cc   0x00000158   Code   RO         5025    i.DMA_DeInit        stm32f4xx_dma.o
    0x08001824   0x00000008   Code   RO         5030    i.DMA_GetCurrDataCounter  stm32f4xx_dma.o
    0x0800182c   0x00000014   Code   RO         5031    i.DMA_GetCurrentMemoryTarget  stm32f4xx_dma.o
    0x08001840   0x00000064   Code   RO         5034    i.DMA_GetITStatus   stm32f4xx_dma.o
    0x080018a4   0x00000058   Code   RO         5036    i.DMA_Init          stm32f4xx_dma.o
    0x080018fc   0x00000004   Code   RO         5039    i.DMA_SetCurrDataCounter  stm32f4xx_dma.o
    0x08001900   0x00000002   Code   RO          231    i.DebugMon_Handler  stm32f4xx_it.o
    0x08001902   0x00000090   Code   RO         2433    i.GPIO_Init         stm32f4xx_gpio.o
    0x08001992   0x00000046   Code   RO         2434    i.GPIO_PinAFConfig  stm32f4xx_gpio.o
    0x080019d8   0x00000004   Code   RO         2440    i.GPIO_ResetBits    stm32f4xx_gpio.o
    0x080019dc   0x00000004   Code   RO         2441    i.GPIO_SetBits      stm32f4xx_gpio.o
    0x080019e0   0x00000448   Code   RO          497    i.Get_GPS_RMCMsg    uart2.o
    0x08001e28   0x00000004   Code   RO          232    i.HardFault_Handler  stm32f4xx_it.o
    0x08001e2c   0x00000058   Code   RO          418    i.LED_Init          led.o
    0x08001e84   0x0000003e   Code   RO         1028    i.MKDInit           mkdcontrol.o
    0x08001ec2   0x00000004   Code   RO          233    i.MemManage_Handler  stm32f4xx_it.o
    0x08001ec6   0x00000002   Code   RO          234    i.NMI_Handler       stm32f4xx_it.o
    0x08001ec8   0x00000078   Code   RO         1621    i.NVIC_Init         misc.o
    0x08001f40   0x00000014   Code   RO         1622    i.NVIC_PriorityGroupConfig  misc.o
    0x08001f54   0x00000064   Code   RO         5340    i.OSFlagCreate      os_flag.o
    0x08001fb8   0x00000254   Code   RO         5344    i.OSFlagPend        os_flag.o
    0x0800220c   0x00000138   Code   RO         5346    i.OSFlagPost        os_flag.o
    0x08002344   0x0000002c   Code   RO         5150    i.OSInit            os_core.o
    0x08002370   0x00000002   Code   RO         5867    i.OSInitHookBegin   os_cpu_c.o
    0x08002372   0x00000002   Code   RO         5868    i.OSInitHookEnd     os_cpu_c.o
    0x08002374   0x00000024   Code   RO         5151    i.OSIntEnter        os_core.o
    0x08002398   0x00000090   Code   RO         5152    i.OSIntExit         os_core.o
    0x08002428   0x00000098   Code   RO         5561    i.OSQCreate         os_q.o
    0x080024c0   0x0000011c   Code   RO         5564    i.OSQPend           os_q.o
    0x080025dc   0x00000072   Code   RO         5566    i.OSQPost           os_q.o
    0x0800264e   0x00000002   PAD
    0x08002650   0x00000048   Code   RO         5155    i.OSStart           os_core.o
    0x08002698   0x00000002   Code   RO         5869    i.OSTCBInitHook     os_cpu_c.o
    0x0800269a   0x00000002   PAD
    0x0800269c   0x000000a0   Code   RO         5703    i.OSTaskCreate      os_task.o
    0x0800273c   0x000000b8   Code   RO         5704    i.OSTaskCreateExt   os_task.o
    0x080027f4   0x00000002   Code   RO         5870    i.OSTaskCreateHook  os_cpu_c.o
    0x080027f6   0x00000002   PAD
    0x080027f8   0x00000154   Code   RO         5705    i.OSTaskDel         os_task.o
    0x0800294c   0x00000002   Code   RO         5871    i.OSTaskDelHook     os_cpu_c.o
    0x0800294e   0x00000002   Code   RO         5872    i.OSTaskIdleHook    os_cpu_c.o
    0x08002950   0x00000070   Code   RO         5708    i.OSTaskNameSet     os_task.o
    0x080029c0   0x00000002   Code   RO         5873    i.OSTaskReturnHook  os_cpu_c.o
    0x080029c2   0x00000002   Code   RO         5874    i.OSTaskStatHook    os_cpu_c.o
    0x080029c4   0x0000008c   Code   RO         5713    i.OSTaskStkChk      os_task.o
    0x08002a50   0x000001b0   Code   RO         5875    i.OSTaskStkInit     os_cpu_c.o
    0x08002c00   0x000000a8   Code   RO         5714    i.OSTaskSuspend     os_task.o
    0x08002ca8   0x00000002   Code   RO         5876    i.OSTaskSwHook      os_cpu_c.o
    0x08002caa   0x00000002   PAD
    0x08002cac   0x00000078   Code   RO         5806    i.OSTimeDly         os_time.o
    0x08002d24   0x000000ec   Code   RO         5157    i.OSTimeTick        os_core.o
    0x08002e10   0x00000002   Code   RO         5877    i.OSTimeTickHook    os_cpu_c.o
    0x08002e12   0x00000002   Code   RO         5159    i.OS_Dummy          os_core.o
    0x08002e14   0x00000084   Code   RO         5160    i.OS_EventTaskRdy   os_core.o
    0x08002e98   0x0000002a   Code   RO         5161    i.OS_EventTaskRemove  os_core.o
    0x08002ec2   0x00000002   PAD
    0x08002ec4   0x0000007c   Code   RO         5162    i.OS_EventTaskWait  os_core.o
    0x08002f40   0x0000001c   Code   RO         5163    i.OS_EventWaitListInit  os_core.o
    0x08002f5c   0x000000a4   Code   RO         5348    i.OS_FlagBlock      os_flag.o
    0x08003000   0x00000058   Code   RO         5349    i.OS_FlagInit       os_flag.o
    0x08003058   0x0000005c   Code   RO         5350    i.OS_FlagTaskRdy    os_flag.o
    0x080030b4   0x00000024   Code   RO         5351    i.OS_FlagUnlink     os_flag.o
    0x080030d8   0x00000054   Code   RO         5164    i.OS_InitEventList  os_core.o
    0x0800312c   0x00000054   Code   RO         5165    i.OS_InitMisc       os_core.o
    0x08003180   0x00000044   Code   RO         5166    i.OS_InitRdyList    os_core.o
    0x080031c4   0x00000080   Code   RO         5167    i.OS_InitTCBList    os_core.o
    0x08003244   0x00000050   Code   RO         5168    i.OS_InitTaskIdle   os_core.o
    0x08003294   0x00000050   Code   RO         5169    i.OS_InitTaskStat   os_core.o
    0x080032e4   0x00000012   Code   RO         5170    i.OS_MemClr         os_core.o
    0x080032f6   0x00000002   PAD
    0x080032f8   0x00000050   Code   RO         5570    i.OS_QInit          os_q.o
    0x08003348   0x00000074   Code   RO         5172    i.OS_Sched          os_core.o
    0x080033bc   0x0000002c   Code   RO         5173    i.OS_SchedNew       os_core.o
    0x080033e8   0x00000134   Code   RO         5175    i.OS_TCBInit        os_core.o
    0x0800351c   0x00000028   Code   RO         5176    i.OS_TaskIdle       os_core.o
    0x08003544   0x00000018   Code   RO         5715    i.OS_TaskReturn     os_task.o
    0x0800355c   0x00000088   Code   RO         5177    i.OS_TaskStat       os_core.o
    0x080035e4   0x0000003c   Code   RO         5178    i.OS_TaskStatStkChk  os_core.o
    0x08003620   0x0000001a   Code   RO         5716    i.OS_TaskStkClr     os_task.o
    0x0800363a   0x00000002   PAD
    0x0800363c   0x00000020   Code   RO          441    i.Putc_UART1        uart1.o
    0x0800365c   0x00000020   Code   RO          572    i.Putc_UART3        uart3.o
    0x0800367c   0x00000020   Code   RO         3073    i.RCC_AHB1PeriphClockCmd  stm32f4xx_rcc.o
    0x0800369c   0x00000020   Code   RO         3082    i.RCC_APB1PeriphClockCmd  stm32f4xx_rcc.o
    0x080036bc   0x00000020   Code   RO         3085    i.RCC_APB2PeriphClockCmd  stm32f4xx_rcc.o
    0x080036dc   0x000000e8   Code   RO         3094    i.RCC_GetClocksFreq  stm32f4xx_rcc.o
    0x080037c4   0x00000002   Code   RO          235    i.SVC_Handler       stm32f4xx_it.o
    0x080037c6   0x00000002   PAD
    0x080037c8   0x000000ec   Code   RO          295    i.SetSysClock       system_stm32f4xx.o
    0x080038b4   0x00000028   Code   RO         1625    i.SysTick_CLKSourceConfig  misc.o
    0x080038dc   0x00000010   Code   RO          236    i.SysTick_Handler   stm32f4xx_it.o
    0x080038ec   0x00000068   Code   RO          297    i.SystemInit        system_stm32f4xx.o
    0x08003954   0x00000038   Code   RO            3    i.Systick_Init      main.o
    0x0800398c   0x0000003a   Code   RO         4210    i.TI1_Config        stm32f4xx_tim.o
    0x080039c6   0x00000050   Code   RO         4211    i.TI2_Config        stm32f4xx_tim.o
    0x08003a16   0x00000048   Code   RO         4212    i.TI3_Config        stm32f4xx_tim.o
    0x08003a5e   0x00000050   Code   RO         4213    i.TI4_Config        stm32f4xx_tim.o
    0x08003aae   0x00000002   PAD
    0x08003ab0   0x0000004c   Code   RO          665    i.TIM2_IRQHandler   timer2.o
    0x08003afc   0x000000e0   Code   RO          666    i.TIM2_Int_Init     timer2.o
    0x08003bdc   0x00000006   Code   RO         4221    i.TIM_ClearITPendingBit  stm32f4xx_tim.o
    0x08003be2   0x00000018   Code   RO         4226    i.TIM_Cmd           stm32f4xx_tim.o
    0x08003bfa   0x00000022   Code   RO         4247    i.TIM_GetITStatus   stm32f4xx_tim.o
    0x08003c1c   0x0000006e   Code   RO         4249    i.TIM_ICInit        stm32f4xx_tim.o
    0x08003c8a   0x00000012   Code   RO         4251    i.TIM_ITConfig      stm32f4xx_tim.o
    0x08003c9c   0x000000a4   Code   RO         4260    i.TIM_OC2Init       stm32f4xx_tim.o
    0x08003d40   0x00000012   Code   RO         4280    i.TIM_SelectInputTrigger  stm32f4xx_tim.o
    0x08003d52   0x00000012   Code   RO         4281    i.TIM_SelectMasterSlaveMode  stm32f4xx_tim.o
    0x08003d64   0x00000012   Code   RO         4285    i.TIM_SelectSlaveMode  stm32f4xx_tim.o
    0x08003d76   0x00000012   Code   RO         4293    i.TIM_SetIC1Prescaler  stm32f4xx_tim.o
    0x08003d88   0x0000001a   Code   RO         4294    i.TIM_SetIC2Prescaler  stm32f4xx_tim.o
    0x08003da2   0x00000012   Code   RO         4295    i.TIM_SetIC3Prescaler  stm32f4xx_tim.o
    0x08003db4   0x0000001a   Code   RO         4296    i.TIM_SetIC4Prescaler  stm32f4xx_tim.o
    0x08003dce   0x00000002   PAD
    0x08003dd0   0x00000084   Code   RO         4298    i.TIM_TimeBaseInit  stm32f4xx_tim.o
    0x08003e54   0x00000118   Code   RO          442    i.UART1_Config      uart1.o
    0x08003f6c   0x000000f0   Code   RO          499    i.UART2_Config      uart2.o
    0x0800405c   0x00000118   Code   RO          573    i.UART3_Config      uart3.o
    0x08004174   0x00000074   Code   RO          443    i.USART1_IRQHandler  uart1.o
    0x080041e8   0x00000040   Code   RO          500    i.USART2_IRQHandler  uart2.o
    0x08004228   0x00000074   Code   RO          574    i.USART3_IRQHandler  uart3.o
    0x0800429c   0x00000018   Code   RO         4776    i.USART_Cmd         stm32f4xx_usart.o
    0x080042b4   0x00000012   Code   RO         4777    i.USART_DMACmd      stm32f4xx_usart.o
    0x080042c6   0x00000054   Code   RO         4780    i.USART_GetITStatus  stm32f4xx_usart.o
    0x0800431a   0x0000004a   Code   RO         4782    i.USART_ITConfig    stm32f4xx_usart.o
    0x08004364   0x000000d4   Code   RO         4783    i.USART_Init        stm32f4xx_usart.o
    0x08004438   0x00000008   Code   RO         4793    i.USART_SendData    stm32f4xx_usart.o
    0x08004440   0x00000004   Code   RO          237    i.UsageFault_Handler  stm32f4xx_it.o
    0x08004444   0x00000030   Code   RO         6386    i.__ARM_fpclassify  m_wm.l(fpclassify.o)
    0x08004474   0x00000004   PAD
    0x08004478   0x00000358   Code   RO         6113    i.__hardfp_acos     m_wm.l(acos.o)
    0x080047d0   0x000000c8   Code   RO         6127    i.__hardfp_cos      m_wm.l(cos.o)
    0x08004898   0x00000438   Code   RO         6260    i.__ieee754_rem_pio2  m_wm.l(rred.o)
    0x08004cd0   0x00000170   Code   RO         6241    i.__kernel_cos      m_wm.l(cos_i.o)
    0x08004e40   0x000000f8   Code   RO         6258    i.__kernel_poly     m_wm.l(poly.o)
    0x08004f38   0x00000130   Code   RO         6265    i.__kernel_sin      m_wm.l(sin_i.o)
    0x08005068   0x00000014   Code   RO         6245    i.__mathlib_dbl_infnan  m_wm.l(dunder.o)
    0x0800507c   0x00000004   PAD
    0x08005080   0x00000020   Code   RO         6247    i.__mathlib_dbl_invalid  m_wm.l(dunder.o)
    0x080050a0   0x00000020   Code   RO         6250    i.__mathlib_dbl_underflow  m_wm.l(dunder.o)
    0x080050c0   0x00000006   Code   RO          444    i._sys_exit         uart1.o
    0x080050c6   0x00000002   PAD
    0x080050c8   0x0000007c   Code   RO         1541    i.ais_tran_task     app.o
    0x08005144   0x00000060   Code   RO          768    i.calLongiDist      fsmcontrol.o
    0x080051a4   0x00000400   Code   RO          769    i.calSphereDist     fsmcontrol.o
    0x080055a4   0x00000184   Code   RO          770    i.changeMinuteToDegree  fsmcontrol.o
    0x08005728   0x00000112   Code   RO         1030    i.changeOtherShipContentTo61162  mkdcontrol.o
    0x0800583a   0x0000010c   Code   RO         1031    i.changeOwnShipContentTo61162  mkdcontrol.o
    0x08005946   0x00000056   Code   RO          771    i.checkAssignValid  fsmcontrol.o
    0x0800599c   0x0000014a   Code   RO          772    i.checkFSMMsg20Struct  fsmcontrol.o
    0x08005ae6   0x00000002   PAD
    0x08005ae8   0x00000274   Code   RO          773    i.checkFSMMsg22Struct  fsmcontrol.o
    0x08005d5c   0x00000110   Code   RO          774    i.checkFSMMsg23Struct  fsmcontrol.o
    0x08005e6c   0x00000028   Code   RO         1032    i.chnage611626bitASCIIto8bitASCII  mkdcontrol.o
    0x08005e94   0x000000fc   Code   RO          775    i.collectNewMsg     fsmcontrol.o
    0x08005f90   0x00000018   Code   RO         6382    i.fabs              m_wm.l(fabs.o)
    0x08005fa8   0x00000028   Code   RO         1542    i.float_task        app.o
    0x08005fd0   0x0000001c   Code   RO          445    i.fputc             uart1.o
    0x08005fec   0x00000028   Code   RO          776    i.generate8bitRandNum  fsmcontrol.o
    0x08006014   0x00000118   Code   RO          777    i.generateCycleContent  fsmcontrol.o
    0x0800612c   0x000000d4   Code   RO          778    i.generateMsg14Content  fsmcontrol.o
    0x08006200   0x00000130   Code   RO          779    i.generateMsg14encapData  fsmcontrol.o
    0x08006330   0x000001be   Code   RO          780    i.generateMsg18Content  fsmcontrol.o
    0x080064ee   0x00000002   PAD
    0x080064f0   0x00000164   Code   RO          781    i.generateMsg18encapData  fsmcontrol.o
    0x08006654   0x00000104   Code   RO          782    i.generateMsg19Content  fsmcontrol.o
    0x08006758   0x000001d8   Code   RO          783    i.generateMsg19encapData  fsmcontrol.o
    0x08006930   0x00000130   Code   RO          784    i.generateMsg24AencapData  fsmcontrol.o
    0x08006a60   0x00000154   Code   RO          785    i.generateMsg24BencapData  fsmcontrol.o
    0x08006bb4   0x00000300   Code   RO          786    i.generateMsg24Content  fsmcontrol.o
    0x08006eb4   0x000000c4   Code   RO          787    i.generateSafeAndInquiryContent  fsmcontrol.o
    0x08006f78   0x0000001c   Code   RO          788    i.getAlterChannel   fsmcontrol.o
    0x08006f94   0x0000016a   Code   RO          789    i.getAreaValid      fsmcontrol.o
    0x080070fe   0x000000c2   Code   RO          790    i.getAssignAlterChannel  fsmcontrol.o
    0x080071c0   0x000000b8   Code   RO          501    i.getGPSInfomation  uart2.o
    0x08007278   0x0000038c   Code   RO          791    i.getHandoverAreaValid  fsmcontrol.o
    0x08007604   0x000003a0   Code   RO          793    i.getMsg22ChannelManagerInfo  fsmcontrol.o
    0x080079a4   0x00000136   Code   RO         1033    i.getOwn61162ToBeFramedInfo  mkdcontrol.o
    0x08007ada   0x00000002   PAD
    0x08007adc   0x0000011c   Code   RO         1543    i.gps_tran_task     app.o
    0x08007bf8   0x00000020   Code   RO          794    i.initMsg20Struct   fsmcontrol.o
    0x08007c18   0x00000038   Code   RO         1482    i.initOtherDataFixedStruct  testmkdcontrol.o
    0x08007c50   0x00000020   Code   RO         1483    i.initOtherDataStruct  testmkdcontrol.o
    0x08007c70   0x00000068   Code   RO          710    i.initVDLMsg20Struct  ais_ps_struct.o
    0x08007cd8   0x000000a8   Code   RO          711    i.initVDLMsg20StructPara  ais_ps_struct.o
    0x08007d80   0x00000040   Code   RO          712    i.initVDLMsg23Struct  ais_ps_struct.o
    0x08007dc0   0x00000090   Code   RO         1544    i.led_task          app.o
    0x08007e50   0x00000058   Code   RO            4    i.main              main.o
    0x08007ea8   0x00000048   Code   RO         1034    i.mkd_collecVDLShipMsg  mkdcontrol.o
    0x08007ef0   0x00000064   Code   RO         1035    i.mkd_collectNewMsg  mkdcontrol.o
    0x08007f54   0x000000ac   Code   RO         1545    i.mkd_control_task  app.o
    0x08008000   0x00000060   Code   RO         1546    i.mkd_trans_task    app.o
    0x08008060   0x00000014   Code   RO         1356    i.prinfBinary       testfsmcontrol.o
    0x08008074   0x0000002e   Code   RO          797    i.rstFSMFrame19Struct  fsmcontrol.o
    0x080080a2   0x00000030   Code   RO          798    i.rstFSMFrameStruct  fsmcontrol.o
    0x080080d2   0x00000042   Code   RO         1036    i.rstMKDContentToBeFramedStruct  mkdcontrol.o
    0x08008114   0x00000020   Code   RO         1037    i.rstMKDFramedStruct  mkdcontrol.o
    0x08008134   0x0000008a   Code   RO          799    i.setCycleCountNum  fsmcontrol.o
    0x080081be   0x00000002   PAD
    0x080081c0   0x00000068   Code   RO          581    i.setSupplierInfo   uart3.o
    0x08008228   0x0000006e   Code   RO         6273    i.sqrt              m_wm.l(sqrt.o)
    0x08008296   0x00000052   Code   RO          582    i.testAIS_BBMMsgStruct  uart3.o
    0x080082e8   0x00000048   Code   RO          583    i.testAIS_StaticStruct  uart3.o
    0x08008330   0x00000318   Code   RO         1357    i.testCheckFSMMsg20Struct  testfsmcontrol.o
    0x08008648   0x000007d0   Code   RO         1358    i.testCheckFSMMsg22Struct  testfsmcontrol.o
    0x08008e18   0x00000490   Code   RO         1359    i.testCheckFSMMsg23Struct  testfsmcontrol.o
    0x080092a8   0x000001f8   Code   RO         1360    i.testCollectNewMsg  testfsmcontrol.o
    0x080094a0   0x0000005c   Code   RO          502    i.testGPS_InfoStruct  uart2.o
    0x080094fc   0x00000054   Code   RO          503    i.testGPS_InfoStructPara  uart2.o
    0x08009550   0x00000324   Code   RO         1362    i.testGenerateMsg14Content  testfsmcontrol.o
    0x08009874   0x000007a4   Code   RO         1363    i.testGenerateMsg18Content  testfsmcontrol.o
    0x0800a018   0x000004f0   Code   RO         1364    i.testGenerateMsg19Content  testfsmcontrol.o
    0x0800a508   0x00000040   Code   RO         1245    i.testMsg14         test.o
    0x0800a548   0x000000b0   Code   RO         1246    i.testMsg18         test.o
    0x0800a5f8   0x00000224   Code   RO         1247    i.testMsg18Info     test.o
    0x0800a81c   0x00000090   Code   RO         1248    i.testMsg19         test.o
    0x0800a8ac   0x00000118   Code   RO         1250    i.testMsg20Info     test.o
    0x0800a9c4   0x000004f0   Code   RO         1251    i.testMsg22         test.o
    0x0800aeb4   0x000000bc   Code   RO         1253    i.testMsg22Handover  test.o
    0x0800af70   0x000000bc   Code   RO         1255    i.testMsg23Info     test.o
    0x0800b02c   0x0000009c   Code   RO         1256    i.testMsg24         test.o
    0x0800b0c8   0x000001c8   Code   RO         1257    i.testMsg24Info     test.o
    0x0800b290   0x000004a4   Code   RO         1365    i.testUpdataMsg20Struct  testfsmcontrol.o
    0x0800b734   0x00000450   Code   RO         1366    i.testUpdataMsg22Struct  testfsmcontrol.o
    0x0800bb84   0x000004ec   Code   RO         1367    i.testUpdataMsg23Struct  testfsmcontrol.o
    0x0800c070   0x0000003c   Code   RO         1368    i.testVDL_Msg15     testfsmcontrol.o
    0x0800c0ac   0x00000100   Code   RO         1455    i.testVDMFunction   test_mkd.o
    0x0800c1ac   0x0000080c   Code   RO         1369    i.testgenerateMsg24Content  testfsmcontrol.o
    0x0800c9b8   0x00000086   Code   RO          800    i.updataAssignContent  fsmcontrol.o
    0x0800ca3e   0x00000062   Code   RO          504    i.updataGPSInfoStruct  uart2.o
    0x0800caa0   0x00000308   Code   RO          801    i.updataMsg20Struct  fsmcontrol.o
    0x0800cda8   0x00000290   Code   RO          802    i.updataMsg22Struct  fsmcontrol.o
    0x0800d038   0x00000214   Code   RO          803    i.updataMsg23Struct  fsmcontrol.o
    0x0800d24c   0x0000009c   Code   RO         1038    i.updataToBeFrameInfo  mkdcontrol.o
    0x0800d2e8   0x00000644   Code   RO         1039    i.updataVDMorVDOFrame  mkdcontrol.o
    0x0800d92c   0x0000002c   Code   RO         6357    locale$$code        c_w.l(lc_numeric_c.o)
    0x0800d958   0x00000018   Code   RO         6232    x$fpl$basic         fz_wm.l(basic.o)
    0x0800d970   0x00000150   Code   RO         6087    x$fpl$dadd          fz_wm.l(daddsub_clz.o)
    0x0800dac0   0x00000018   Code   RO         6234    x$fpl$dcmpinf       fz_wm.l(dcmpi.o)
    0x0800dad8   0x000002b0   Code   RO         6094    x$fpl$ddiv          fz_wm.l(ddiv.o)
    0x0800dd88   0x00000078   Code   RO         6097    x$fpl$deqf          fz_wm.l(deqf.o)
    0x0800de00   0x0000005e   Code   RO         6370    x$fpl$dfix          fz_wm.l(dfix.o)
    0x0800de5e   0x0000002e   Code   RO         6100    x$fpl$dflt          fz_wm.l(dflt_clz.o)
    0x0800de8c   0x00000026   Code   RO         6099    x$fpl$dfltu         fz_wm.l(dflt_clz.o)
    0x0800deb2   0x00000002   PAD
    0x0800deb4   0x00000078   Code   RO         6105    x$fpl$dleqf         fz_wm.l(dleqf.o)
    0x0800df2c   0x00000154   Code   RO         6107    x$fpl$dmul          fz_wm.l(dmul.o)
    0x0800e080   0x0000009c   Code   RO         6236    x$fpl$dnaninf       fz_wm.l(dnaninf.o)
    0x0800e11c   0x0000000c   Code   RO         6238    x$fpl$dretinf       fz_wm.l(dretinf.o)
    0x0800e128   0x0000006c   Code   RO         6109    x$fpl$drleqf        fz_wm.l(drleqf.o)
    0x0800e194   0x00000016   Code   RO         6088    x$fpl$drsb          fz_wm.l(daddsub_clz.o)
    0x0800e1aa   0x00000002   PAD
    0x0800e1ac   0x00000198   Code   RO         6374    x$fpl$dsqrt         fz_wm.l(dsqrt_umaal.o)
    0x0800e344   0x000001d4   Code   RO         6089    x$fpl$dsub          fz_wm.l(daddsub_clz.o)
    0x0800e518   0x0000000a   Code   RO         6376    x$fpl$fpinit        fz_wm.l(fpinit.o)
    0x0800e522   0x00000004   Code   RO         6111    x$fpl$printf1       fz_wm.l(printf1.o)
    0x0800e526   0x00000000   Code   RO         6240    x$fpl$usenofp       fz_wm.l(usenofp.o)
    0x0800e526   0x00000100   Data   RO         5180    .constdata          os_core.o
    0x0800e626   0x00000028   Data   RO         6031    .constdata          c_w.l(_printf_hex_int.o)
    0x0800e64e   0x00000002   PAD
    0x0800e650   0x00000050   Data   RO         6116    .constdata          m_wm.l(acos.o)
    0x0800e6a0   0x00000030   Data   RO         6242    .constdata          m_wm.l(cos_i.o)
    0x0800e6d0   0x000000c8   Data   RO         6262    .constdata          m_wm.l(rred.o)
    0x0800e798   0x00000028   Data   RO         6266    .constdata          m_wm.l(sin_i.o)
    0x0800e7c0   0x00000094   Data   RO         6328    .constdata          c_w.l(bigflt0.o)
    0x0800e854   0x00000085   Data   RO         1370    .conststring        testfsmcontrol.o
    0x0800e8d9   0x00000003   PAD
    0x0800e8dc   0x00000020   Data   RO         6474    Region$$Table       anon$$obj.o
    0x0800e8fc   0x0000001c   Data   RO         6356    locale$$data        c_w.l(lc_numeric_c.o)


    Execution Region RW_IRAM1 (Base: 0x20000000, Size: 0x000087e8, Max: 0x00020000, ABSOLUTE)

    Base Addr    Size         Type   Attr      Idx    E Section Name        Object

    0x20000000   0x00000001   Data   RW          344    .data               spi.o
    0x20000001   0x00000003   PAD
    0x20000004   0x00000010   Data   RW          447    .data               uart1.o
    0x20000014   0x0000000c   Data   RW          506    .data               uart2.o
    0x20000020   0x00000010   Data   RW          585    .data               uart3.o
    0x20000030   0x0000000d   Data   RW          669    .data               timer2.o
    0x2000003d   0x00000006   Data   RW         1147    .data               ps_fpga_interface.o
    0x20000043   0x0000001d   Data   RW         1489    .data               testmkdcontrol.o
    0x20000060   0x00000018   Data   RW         1548    .data               app.o
    0x20000078   0x00000010   Data   RW         3126    .data               stm32f4xx_rcc.o
    0x20000088   0x00000048   Data   RW         5181    .data               os_core.o
    0x200000d0   0x00000064   Zero   RW          343    .bss                spi.o
    0x20000134   0x00000074   Zero   RW          446    .bss                uart1.o
    0x200001a8   0x000008a0   Zero   RW          505    .bss                uart2.o
    0x20000a48   0x00000258   Zero   RW          584    .bss                uart3.o
    0x20000ca0   0x0000002c   Zero   RW          668    .bss                timer2.o
    0x20000ccc   0x00000004   PAD
    0x20000cd0   0x00000620   Zero   RW          804    .bss                fsmcontrol.o
    0x200012f0   0x00000462   Zero   RW         1040    .bss                mkdcontrol.o
    0x20001752   0x00000002   PAD
    0x20001754   0x0000010b   Zero   RW         1146    .bss                ps_fpga_interface.o
    0x2000185f   0x00000001   PAD
    0x20001860   0x00005dc0   Zero   RW         1547    .bss                app.o
    0x20007620   0x00000a80   Zero   RW         5179    .bss                os_core.o
    0x200080a0   0x000000e4   Zero   RW         6076    .bss                c_w.l(rand.o)
    0x20008184   0x00000060   Zero   RW         6284    .bss                c_w.l(libspace.o)
    0x200081e4   0x00000004   PAD
    0x200081e8   0x00000200   Zero   RW          331    HEAP                startup_stm32f40_41xxx.o
    0x200083e8   0x00000400   Zero   RW          330    STACK               startup_stm32f40_41xxx.o


==============================================================================

Image component sizes


      Code (inc. data)   RO Data    RW Data    ZI Data      Debug   Object Name

       336         26          0          0          0     232887   ais_ps_struct.o
      1044        216          0         24      24000       5928   app.o
     11836        346          0          0       1568      36143   fsmcontrol.o
        88          6          0          0          0        523   led.o
       144         12          0          0          0     301611   main.o
       180         24          0          0          0       1989   misc.o
      2984         34          0          0       1122      12984   mkdcontrol.o
      2106        384        256         72       2688      21261   os_core.o
       200         32          0          0          0        312   os_cpu_a.o
       452          6          0          0          0      13942   os_cpu_c.o
      1388         62          0          0          0       6315   os_flag.o
       630         32          0          0          0       3435   os_q.o
      1154        116          0          0          0       6864   os_task.o
       120         20          0          0          0        644   os_time.o
         0          0          0          6        267        686   ps_fpga_interface.o
        52         16          0          1        100     230194   spi.o
        64         26        392          0       1536        824   startup_stm32f40_41xxx.o
       638         58          0          0          0       6075   stm32f4xx_dma.o
       222          0          0          0          0       2771   stm32f4xx_gpio.o
        38          0          0          0          0       3609   stm32f4xx_it.o
       328         36          0         16          0       4491   stm32f4xx_rcc.o
       920         38          0          0          0      11696   stm32f4xx_tim.o
       420          8          0          0          0       4706   stm32f4xx_usart.o
       340         32          0          0          0       1461   system_stm32f4xx.o
      3464        462          0          0          0      14286   test.o
       256         68          0          0          0       1953   test_mkd.o
     14180       7898        133          0          0      13504   testfsmcontrol.o
        88          6          0         29          0       1864   testmkdcontrol.o
       300         50          0         13         44       1426   timer2.o
       462         70          0         16        116       4774   uart1.o
      1858         62          0         12       2208      10263   uart2.o
       686         66          0         16        600       5803   uart3.o

    ----------------------------------------------------------------------
     47010      10212        816        208      34256     965224   Object Totals
         0          0         32          0          0          0   (incl. Generated)
        32          0          3          3          7          0   (incl. Padding)

    ----------------------------------------------------------------------

      Code (inc. data)   RO Data    RW Data    ZI Data      Debug   Library Member Name

         8          0          0          0          0         68   __main.o
       104          0          0          0          0         84   __printf.o
         0          0          0          0          0          0   __rtentry.o
        12          0          0          0          0          0   __rtentry2.o
         6          0          0          0          0          0   __rtentry4.o
        52          8          0          0          0          0   __scatter.o
        26          0          0          0          0          0   __scatter_copy.o
        28          0          0          0          0          0   __scatter_zi.o
         6          0          0          0          0          0   _printf_c.o
        44          0          0          0          0        108   _printf_char.o
        48          6          0          0          0         96   _printf_char_common.o
        36          4          0          0          0         80   _printf_char_file.o
         6          0          0          0          0          0   _printf_d.o
       120         16          0          0          0         92   _printf_dec.o
         6          0          0          0          0          0   _printf_f.o
      1050          0          0          0          0        216   _printf_fp_dec.o
       128         16          0          0          0         84   _printf_fp_infnan.o
        88          4         40          0          0         88   _printf_hex_int.o
       178          0          0          0          0         88   _printf_intcommon.o
         0          0          0          0          0          0   _printf_percent.o
         4          0          0          0          0          0   _printf_percent_end.o
         6          0          0          0          0          0   _printf_s.o
        82          0          0          0          0         80   _printf_str.o
         6          0          0          0          0          0   _printf_x.o
        22          0          0          0          0        100   _rserrno.o
       220          4        148          0          0         96   bigflt0.o
      1910        128          0          0          0        672   btod.o
        18          0          0          0          0         80   exit.o
         8          0          0          0          0         68   ferror.o
         6          0          0          0          0        152   heapauxi.o
         0          0          0          0          0          0   indicate_semi.o
        44         10         28          0          0         76   lc_numeric_c.o
         2          0          0          0          0          0   libinit.o
        26          0          0          0          0          0   libinit2.o
         2          0          0          0          0          0   libshutdown.o
         2          0          0          0          0          0   libshutdown2.o
         8          4          0          0         96         68   libspace.o
       138          0          0          0          0         80   lludiv10.o
        24          4          0          0          0         84   noretval__2printf.o
       112         18          0          0        228        160   rand.o
         8          4          0          0          0         68   rt_errno_addr_intlibspace.o
         8          4          0          0          0         68   rt_locale_intlibspace.o
         2          0          0          0          0          0   rtexit.o
        10          0          0          0          0          0   rtexit2.o
       128          0          0          0          0         68   strcmpv7m.o
        62          0          0          0          0         76   strlen.o
        74          0          0          0          0         80   sys_stackheap_outer.o
        18          0          0          0          0         76   sys_time.o
         2          0          0          0          0         68   use_no_semi.o
        24          0          0          0          0        164   basic.o
       826         16          0          0          0        492   daddsub_clz.o
        24          0          0          0          0        116   dcmpi.o
       688        140          0          0          0        256   ddiv.o
       120          4          0          0          0        140   deqf.o
        94          4          0          0          0        140   dfix.o
        84          0          0          0          0        232   dflt_clz.o
       120          4          0          0          0        140   dleqf.o
       340         12          0          0          0        152   dmul.o
       156          4          0          0          0        140   dnaninf.o
        12          0          0          0          0        116   dretinf.o
       108          0          0          0          0        128   drleqf.o
       408         56          0          0          0        168   dsqrt_umaal.o
        10          0          0          0          0        116   fpinit.o
         4          0          0          0          0        116   printf1.o
         0          0          0          0          0          0   usenofp.o
       856        118         80          0          0        288   acos.o
       200         20          0          0          0        164   cos.o
       368         46         48          0          0        200   cos_i.o
        84         16          0          0          0        372   dunder.o
        24          0          0          0          0        124   fabs.o
        48          0          0          0          0        124   fpclassify.o
       248          0          0          0          0        152   poly.o
      1080        142        200          0          0        188   rred.o
       304         24         40          0          0        208   sin_i.o
       110          0          0          0          0        148   sqrt.o

    ----------------------------------------------------------------------
     11260        836        586          0        328       7808   Library Totals
        22          0          2          0          4          0   (incl. Padding)

    ----------------------------------------------------------------------

      Code (inc. data)   RO Data    RW Data    ZI Data      Debug   Library Name

      4898        230        216          0        324       3224   c_w.l
      3018        240          0          0          0       2616   fz_wm.l
      3322        366        368          0          0       1968   m_wm.l

    ----------------------------------------------------------------------
     11260        836        586          0        328       7808   Library Totals

    ----------------------------------------------------------------------

==============================================================================


      Code (inc. data)   RO Data    RW Data    ZI Data      Debug   

     58270      11048       1402        208      34584     947864   Grand Totals
     58270      11048       1402        208      34584     947864   ELF Image Totals
     58270      11048       1402        208          0          0   ROM Totals

==============================================================================

    Total RO  Size (Code + RO Data)                59672 (  58.27kB)
    Total RW  Size (RW Data + ZI Data)             34792 (  33.98kB)
    Total ROM Size (Code + RO Data + RW Data)      59880 (  58.48kB)

==============================================================================

